num decayed parameter tensors: 50, with 124,354,560 parameters
num non-decayed parameter tensors: 98, with 121,344 parameters
using fused AdamW: True
found 99 shards for split train
found 1 shards for split val
step    0 | tokens 524,288 | loss 10.955028 | 147674.2 tok/s
HellaSwag progress: 500 examples
HellaSwag progress: 1000 examples
HellaSwag progress: 1500 examples
HellaSwag progress: 2000 examples
HellaSwag progress: 2500 examples
HellaSwag progress: 3000 examples
HellaSwag progress: 3500 examples
HellaSwag progress: 4000 examples
HellaSwag progress: 4500 examples
HellaSwag progress: 5000 examples
HellaSwag progress: 5500 examples
HellaSwag progress: 6000 examples
HellaSwag progress: 6500 examples
HellaSwag progress: 7000 examples
HellaSwag progress: 7500 examples
HellaSwag progress: 8000 examples
HellaSwag progress: 8500 examples
HellaSwag progress: 9000 examples
HellaSwag progress: 9500 examples
HellaSwag progress: 10000 examples
evaluation step 0 | tokens 524,288 | val 10.900392 | HellaSwag 0.247262 (2483/10042)
step    1 | tokens 1,048,576 | loss 10.902702 | 169766.9 tok/s
step    2 | tokens 1,572,864 | loss 10.803943 | 169403.4 tok/s
step    3 | tokens 2,097,152 | loss 10.662125 | 169218.3 tok/s
step    4 | tokens 2,621,440 | loss 10.518576 | 169328.3 tok/s
step    5 | tokens 3,145,728 | loss 10.376813 | 169080.9 tok/s
step    6 | tokens 3,670,016 | loss 10.257356 | 169388.1 tok/s
step    7 | tokens 4,194,304 | loss 10.146837 | 169117.0 tok/s
step    8 | tokens 4,718,592 | loss 10.035716 | 169115.5 tok/s
step    9 | tokens 5,242,880 | loss 9.961260 | 169099.0 tok/s
step   10 | tokens 5,767,168 | loss 9.875723 | 169227.3 tok/s
step   11 | tokens 6,291,456 | loss 9.828360 | 169206.0 tok/s
step   12 | tokens 6,815,744 | loss 9.781778 | 169132.8 tok/s
step   13 | tokens 7,340,032 | loss 9.744493 | 169247.1 tok/s
step   14 | tokens 7,864,320 | loss 9.685195 | 169331.7 tok/s
step   15 | tokens 8,388,608 | loss 9.663616 | 169498.8 tok/s
step   16 | tokens 8,912,896 | loss 9.650536 | 169444.2 tok/s
step   17 | tokens 9,437,184 | loss 9.627383 | 169236.9 tok/s
step   18 | tokens 9,961,472 | loss 9.677864 | 168932.7 tok/s
step   19 | tokens 10,485,760 | loss 9.672529 | 169272.4 tok/s
HellaSwag progress: 500 examples
HellaSwag progress: 1000 examples
HellaSwag progress: 1500 examples
HellaSwag progress: 2000 examples
HellaSwag progress: 2500 examples
HellaSwag progress: 3000 examples
HellaSwag progress: 3500 examples
HellaSwag progress: 4000 examples
HellaSwag progress: 4500 examples
HellaSwag progress: 5000 examples
HellaSwag progress: 5500 examples
HellaSwag progress: 6000 examples
HellaSwag progress: 6500 examples
HellaSwag progress: 7000 examples
HellaSwag progress: 7500 examples
HellaSwag progress: 8000 examples
HellaSwag progress: 8500 examples
HellaSwag progress: 9000 examples
HellaSwag progress: 9500 examples
HellaSwag progress: 10000 examples
evaluation step 19 | tokens 10,485,760 | val 9.541013 | HellaSwag 0.256921 (2580/10042)
step   20 | tokens 11,010,048 | loss 9.571784 | 169786.2 tok/s
step   21 | tokens 11,534,336 | loss 9.538342 | 169825.2 tok/s
step   22 | tokens 12,058,624 | loss 9.523125 | 169560.2 tok/s
step   23 | tokens 12,582,912 | loss 9.511469 | 169465.9 tok/s
step   24 | tokens 13,107,200 | loss 9.445886 | 169260.5 tok/s
step   25 | tokens 13,631,488 | loss 9.411695 | 169264.7 tok/s
step   26 | tokens 14,155,776 | loss 9.396234 | 169174.9 tok/s
step   27 | tokens 14,680,064 | loss 9.352556 | 169178.1 tok/s
step   28 | tokens 15,204,352 | loss 9.322693 | 169196.9 tok/s
step   29 | tokens 15,728,640 | loss 9.272925 | 169160.2 tok/s
step   30 | tokens 16,252,928 | loss 9.308946 | 169297.0 tok/s
step   31 | tokens 16,777,216 | loss 9.231436 | 169393.4 tok/s
step   32 | tokens 17,301,504 | loss 9.208786 | 169283.8 tok/s
step   33 | tokens 17,825,792 | loss 9.165789 | 168987.1 tok/s
step   34 | tokens 18,350,080 | loss 9.059935 | 169103.0 tok/s
step   35 | tokens 18,874,368 | loss 9.070228 | 168926.0 tok/s
step   36 | tokens 19,398,656 | loss 9.036213 | 169041.1 tok/s
step   37 | tokens 19,922,944 | loss 8.961685 | 168823.4 tok/s
step   38 | tokens 20,447,232 | loss 8.944650 | 169092.6 tok/s
step   39 | tokens 20,971,520 | loss 8.922587 | 169074.4 tok/s
step   40 | tokens 21,495,808 | loss 8.889647 | 169192.7 tok/s
step   41 | tokens 22,020,096 | loss 8.815409 | 168735.0 tok/s
step   42 | tokens 22,544,384 | loss 8.769693 | 169229.6 tok/s
step   43 | tokens 23,068,672 | loss 8.780791 | 169142.9 tok/s
step   44 | tokens 23,592,960 | loss 8.731562 | 169006.8 tok/s
step   45 | tokens 24,117,248 | loss 8.718130 | 169045.1 tok/s
step   46 | tokens 24,641,536 | loss 8.661930 | 169001.6 tok/s
step   47 | tokens 25,165,824 | loss 8.670841 | 169187.4 tok/s
step   48 | tokens 25,690,112 | loss 8.662697 | 168957.2 tok/s
HellaSwag progress: 500 examples
HellaSwag progress: 1000 examples
HellaSwag progress: 1500 examples
HellaSwag progress: 2000 examples
HellaSwag progress: 2500 examples
HellaSwag progress: 3000 examples
HellaSwag progress: 3500 examples
HellaSwag progress: 4000 examples
HellaSwag progress: 4500 examples
HellaSwag progress: 5000 examples
HellaSwag progress: 5500 examples
HellaSwag progress: 6000 examples
HellaSwag progress: 6500 examples
HellaSwag progress: 7000 examples
HellaSwag progress: 7500 examples
HellaSwag progress: 8000 examples
HellaSwag progress: 8500 examples
HellaSwag progress: 9000 examples
HellaSwag progress: 9500 examples
HellaSwag progress: 10000 examples
evaluation step 48 | tokens 25,690,112 | val 8.604507 | HellaSwag 0.248158 (2492/10042)
step   49 | tokens 26,214,400 | loss 8.580247 | 169841.0 tok/s
step   50 | tokens 26,738,688 | loss 8.584379 | 169237.0 tok/s
step   51 | tokens 27,262,976 | loss 8.545063 | 169334.8 tok/s
step   52 | tokens 27,787,264 | loss 8.503447 | 169310.1 tok/s
step   53 | tokens 28,311,552 | loss 8.452210 | 168815.7 tok/s
step   54 | tokens 28,835,840 | loss 8.458174 | 169096.4 tok/s
step   55 | tokens 29,360,128 | loss 8.424926 | 169299.2 tok/s
step   56 | tokens 29,884,416 | loss 8.374515 | 169231.7 tok/s
step   57 | tokens 30,408,704 | loss 8.356285 | 169269.8 tok/s
step   58 | tokens 30,932,992 | loss 8.278900 | 168980.8 tok/s
step   59 | tokens 31,457,280 | loss 8.245779 | 168991.8 tok/s
step   60 | tokens 31,981,568 | loss 8.231876 | 168311.1 tok/s
step   61 | tokens 32,505,856 | loss 8.229572 | 168918.1 tok/s
step   62 | tokens 33,030,144 | loss 8.127105 | 169058.3 tok/s
step   63 | tokens 33,554,432 | loss 8.091648 | 169152.8 tok/s
step   64 | tokens 34,078,720 | loss 8.062251 | 169252.6 tok/s
step   65 | tokens 34,603,008 | loss 8.049831 | 168997.7 tok/s
step   66 | tokens 35,127,296 | loss 7.988539 | 169217.5 tok/s
step   67 | tokens 35,651,584 | loss 7.986836 | 169034.6 tok/s
step   68 | tokens 36,175,872 | loss 7.947083 | 168998.2 tok/s
step   69 | tokens 36,700,160 | loss 7.856241 | 169124.9 tok/s
step   70 | tokens 37,224,448 | loss 7.812350 | 168986.1 tok/s
step   71 | tokens 37,748,736 | loss 7.825112 | 168994.0 tok/s
step   72 | tokens 38,273,024 | loss 7.758155 | 169034.9 tok/s
step   73 | tokens 38,797,312 | loss 7.728928 | 169074.6 tok/s
step   74 | tokens 39,321,600 | loss 7.666754 | 169004.7 tok/s
step   75 | tokens 39,845,888 | loss 7.688241 | 168839.1 tok/s
step   76 | tokens 40,370,176 | loss 7.613217 | 168949.4 tok/s
step   77 | tokens 40,894,464 | loss 7.626281 | 168904.7 tok/s
step   78 | tokens 41,418,752 | loss 7.586706 | 168950.6 tok/s
step   79 | tokens 41,943,040 | loss 7.523537 | 168878.9 tok/s
step   80 | tokens 42,467,328 | loss 7.502858 | 168777.6 tok/s
step   81 | tokens 42,991,616 | loss 7.503003 | 168902.4 tok/s
step   82 | tokens 43,515,904 | loss 7.437602 | 169055.7 tok/s
step   83 | tokens 44,040,192 | loss 7.383040 | 168818.3 tok/s
step   84 | tokens 44,564,480 | loss 7.381289 | 168938.7 tok/s
step   85 | tokens 45,088,768 | loss 7.335229 | 168865.3 tok/s
step   86 | tokens 45,613,056 | loss 7.322992 | 168918.1 tok/s
step   87 | tokens 46,137,344 | loss 7.323127 | 168938.9 tok/s
step   88 | tokens 46,661,632 | loss 7.301852 | 169088.1 tok/s
step   89 | tokens 47,185,920 | loss 7.334414 | 168748.0 tok/s
step   90 | tokens 47,710,208 | loss 7.248087 | 168813.4 tok/s
step   91 | tokens 48,234,496 | loss 7.235667 | 168827.0 tok/s
step   92 | tokens 48,758,784 | loss 7.263323 | 168957.1 tok/s
step   93 | tokens 49,283,072 | loss 7.321108 | 168912.0 tok/s
step   94 | tokens 49,807,360 | loss 7.323708 | 168805.1 tok/s
step   95 | tokens 50,331,648 | loss 7.309550 | 168636.3 tok/s
HellaSwag progress: 500 examples
HellaSwag progress: 1000 examples
HellaSwag progress: 1500 examples
HellaSwag progress: 2000 examples
HellaSwag progress: 2500 examples
HellaSwag progress: 3000 examples
HellaSwag progress: 3500 examples
HellaSwag progress: 4000 examples
HellaSwag progress: 4500 examples
HellaSwag progress: 5000 examples
HellaSwag progress: 5500 examples
HellaSwag progress: 6000 examples
HellaSwag progress: 6500 examples
HellaSwag progress: 7000 examples
HellaSwag progress: 7500 examples
HellaSwag progress: 8000 examples
HellaSwag progress: 8500 examples
HellaSwag progress: 9000 examples
HellaSwag progress: 9500 examples
HellaSwag progress: 10000 examples
evaluation step 95 | tokens 50,331,648 | val 7.249641 | HellaSwag 0.245967 (2470/10042)
step   96 | tokens 50,855,936 | loss 7.258574 | 169622.7 tok/s
step   97 | tokens 51,380,224 | loss 7.214139 | 169405.4 tok/s
step   98 | tokens 51,904,512 | loss 7.244434 | 169333.9 tok/s
step   99 | tokens 52,428,800 | loss 7.191038 | 168925.2 tok/s
step  100 | tokens 52,953,088 | loss 7.237890 | 168954.4 tok/s
step  101 | tokens 53,477,376 | loss 7.155945 | 168963.6 tok/s
step  102 | tokens 54,001,664 | loss 7.141826 | 168880.9 tok/s
step  103 | tokens 54,525,952 | loss 7.028448 | 168897.5 tok/s
step  104 | tokens 55,050,240 | loss 7.114925 | 168956.1 tok/s
step  105 | tokens 55,574,528 | loss 7.121142 | 168857.8 tok/s
step  106 | tokens 56,098,816 | loss 7.071655 | 168825.9 tok/s
step  107 | tokens 56,623,104 | loss 7.008783 | 168949.4 tok/s
step  108 | tokens 57,147,392 | loss 7.070842 | 168749.9 tok/s
step  109 | tokens 57,671,680 | loss 7.104226 | 168800.3 tok/s
step  110 | tokens 58,195,968 | loss 7.020463 | 168725.7 tok/s
step  111 | tokens 58,720,256 | loss 7.010386 | 168809.9 tok/s
step  112 | tokens 59,244,544 | loss 6.971456 | 168855.8 tok/s
step  113 | tokens 59,768,832 | loss 7.033575 | 168822.2 tok/s
step  114 | tokens 60,293,120 | loss 7.032338 | 168795.5 tok/s
step  115 | tokens 60,817,408 | loss 6.988571 | 168760.6 tok/s
step  116 | tokens 61,341,696 | loss 6.908462 | 168604.3 tok/s
step  117 | tokens 61,865,984 | loss 6.835270 | 168640.4 tok/s
step  118 | tokens 62,390,272 | loss 6.854043 | 168507.5 tok/s
step  119 | tokens 62,914,560 | loss 6.897251 | 168508.8 tok/s
step  120 | tokens 63,438,848 | loss 6.855759 | 168696.8 tok/s
step  121 | tokens 63,963,136 | loss 6.838034 | 168745.7 tok/s
step  122 | tokens 64,487,424 | loss 6.831861 | 168719.3 tok/s
step  123 | tokens 65,011,712 | loss 6.816605 | 168787.4 tok/s
step  124 | tokens 65,536,000 | loss 6.830559 | 168633.3 tok/s
step  125 | tokens 66,060,288 | loss 6.813707 | 168657.7 tok/s
step  126 | tokens 66,584,576 | loss 6.807015 | 168683.4 tok/s
step  127 | tokens 67,108,864 | loss 6.756708 | 168593.1 tok/s
step  128 | tokens 67,633,152 | loss 6.726772 | 168617.0 tok/s
step  129 | tokens 68,157,440 | loss 6.705196 | 168744.6 tok/s
step  130 | tokens 68,681,728 | loss 6.766207 | 168641.9 tok/s
step  131 | tokens 69,206,016 | loss 6.716115 | 168722.2 tok/s
step  132 | tokens 69,730,304 | loss 6.716185 | 168617.2 tok/s
step  133 | tokens 70,254,592 | loss 6.622602 | 168524.7 tok/s
step  134 | tokens 70,778,880 | loss 6.617258 | 168476.7 tok/s
step  135 | tokens 71,303,168 | loss 6.692605 | 168679.0 tok/s
step  136 | tokens 71,827,456 | loss 6.660467 | 168584.8 tok/s
step  137 | tokens 72,351,744 | loss 6.682003 | 168675.4 tok/s
step  138 | tokens 72,876,032 | loss 6.607940 | 168674.2 tok/s
step  139 | tokens 73,400,320 | loss 6.703937 | 168592.7 tok/s
step  140 | tokens 73,924,608 | loss 6.815892 | 168652.7 tok/s
step  141 | tokens 74,448,896 | loss 6.705711 | 168687.8 tok/s
step  142 | tokens 74,973,184 | loss 6.759178 | 168656.9 tok/s
step  143 | tokens 75,497,472 | loss 6.692773 | 168579.4 tok/s
HellaSwag progress: 500 examples
HellaSwag progress: 1000 examples
HellaSwag progress: 1500 examples
HellaSwag progress: 2000 examples
HellaSwag progress: 2500 examples
HellaSwag progress: 3000 examples
HellaSwag progress: 3500 examples
HellaSwag progress: 4000 examples
HellaSwag progress: 4500 examples
HellaSwag progress: 5000 examples
HellaSwag progress: 5500 examples
HellaSwag progress: 6000 examples
HellaSwag progress: 6500 examples
HellaSwag progress: 7000 examples
HellaSwag progress: 7500 examples
HellaSwag progress: 8000 examples
HellaSwag progress: 8500 examples
HellaSwag progress: 9000 examples
HellaSwag progress: 9500 examples
HellaSwag progress: 10000 examples
evaluation step 143 | tokens 75,497,472 | val 6.709752 | HellaSwag 0.245668 (2467/10042)
step  144 | tokens 76,021,760 | loss 6.696037 | 169423.5 tok/s
step  145 | tokens 76,546,048 | loss 6.689647 | 168615.6 tok/s
step  146 | tokens 77,070,336 | loss 6.709396 | 168531.3 tok/s
step  147 | tokens 77,594,624 | loss 6.691710 | 168607.8 tok/s
step  148 | tokens 78,118,912 | loss 6.703641 | 168614.2 tok/s
step  149 | tokens 78,643,200 | loss 6.684659 | 168664.1 tok/s
step  150 | tokens 79,167,488 | loss 6.669272 | 168321.7 tok/s
step  151 | tokens 79,691,776 | loss 6.584585 | 168328.1 tok/s
step  152 | tokens 80,216,064 | loss 6.607808 | 168410.7 tok/s
step  153 | tokens 80,740,352 | loss 6.670231 | 168637.1 tok/s
step  154 | tokens 81,264,640 | loss 6.576833 | 168547.2 tok/s
step  155 | tokens 81,788,928 | loss 6.546946 | 168542.0 tok/s
step  156 | tokens 82,313,216 | loss 6.612375 | 168668.9 tok/s
step  157 | tokens 82,837,504 | loss 6.660824 | 168458.4 tok/s
step  158 | tokens 83,361,792 | loss 6.643479 | 168313.0 tok/s
step  159 | tokens 83,886,080 | loss 6.563554 | 168422.6 tok/s
step  160 | tokens 84,410,368 | loss 6.504716 | 168429.3 tok/s
step  161 | tokens 84,934,656 | loss 6.585436 | 168632.4 tok/s
step  162 | tokens 85,458,944 | loss 6.483315 | 168357.9 tok/s
step  163 | tokens 85,983,232 | loss 6.443001 | 168337.2 tok/s
step  164 | tokens 86,507,520 | loss 6.478708 | 168455.3 tok/s
step  165 | tokens 87,031,808 | loss 6.505992 | 168476.4 tok/s
step  166 | tokens 87,556,096 | loss 6.360289 | 168256.3 tok/s
step  167 | tokens 88,080,384 | loss 6.462958 | 168219.3 tok/s
step  168 | tokens 88,604,672 | loss 6.432941 | 168311.2 tok/s
step  169 | tokens 89,128,960 | loss 6.453699 | 168312.1 tok/s
step  170 | tokens 89,653,248 | loss 6.422984 | 168300.7 tok/s
step  171 | tokens 90,177,536 | loss 6.454028 | 168531.0 tok/s
step  172 | tokens 90,701,824 | loss 6.435264 | 168518.4 tok/s
step  173 | tokens 91,226,112 | loss 6.384498 | 168209.4 tok/s
step  174 | tokens 91,750,400 | loss 6.353813 | 168195.3 tok/s
step  175 | tokens 92,274,688 | loss 6.422912 | 168377.1 tok/s
step  176 | tokens 92,798,976 | loss 6.358183 | 168422.3 tok/s
step  177 | tokens 93,323,264 | loss 6.403386 | 168231.6 tok/s
step  178 | tokens 93,847,552 | loss 6.335631 | 168134.0 tok/s
step  179 | tokens 94,371,840 | loss 6.307740 | 168196.8 tok/s
step  180 | tokens 94,896,128 | loss 6.302491 | 168233.0 tok/s
step  181 | tokens 95,420,416 | loss 6.347139 | 168383.4 tok/s
step  182 | tokens 95,944,704 | loss 6.326776 | 168520.8 tok/s
step  183 | tokens 96,468,992 | loss 6.323865 | 168358.8 tok/s
step  184 | tokens 96,993,280 | loss 6.347531 | 168355.3 tok/s
step  185 | tokens 97,517,568 | loss 6.397261 | 168504.9 tok/s
step  186 | tokens 98,041,856 | loss 6.432046 | 168201.9 tok/s
step  187 | tokens 98,566,144 | loss 6.481842 | 168139.8 tok/s
step  188 | tokens 99,090,432 | loss 6.443558 | 168119.5 tok/s
step  189 | tokens 99,614,720 | loss 6.415455 | 168099.8 tok/s
step  190 | tokens 100,139,008 | loss 6.462361 | 150359.9 tok/s
HellaSwag progress: 500 examples
HellaSwag progress: 1000 examples
HellaSwag progress: 1500 examples
HellaSwag progress: 2000 examples
HellaSwag progress: 2500 examples
HellaSwag progress: 3000 examples
HellaSwag progress: 3500 examples
HellaSwag progress: 4000 examples
HellaSwag progress: 4500 examples
HellaSwag progress: 5000 examples
HellaSwag progress: 5500 examples
HellaSwag progress: 6000 examples
HellaSwag progress: 6500 examples
HellaSwag progress: 7000 examples
HellaSwag progress: 7500 examples
HellaSwag progress: 8000 examples
HellaSwag progress: 8500 examples
HellaSwag progress: 9000 examples
HellaSwag progress: 9500 examples
HellaSwag progress: 10000 examples
evaluation step 190 | tokens 100,139,008 | val 6.421217 | HellaSwag 0.245967 (2470/10042)
{
  "evaluations": [
    {
      "hellaswag": {
        "accuracy_norm": 0.24726150169288985,
        "correct_norm": 2483,
        "examples": 10042
      },
      "routing_parameters": null,
      "step": 0,
      "target_tokens": 524288,
      "tokens": 524288,
      "validation_loss": 10.900391674041746,
      "wall_clock_seconds": 64.53369840234518
    },
    {
      "hellaswag": {
        "accuracy_norm": 0.25692093208524197,
        "correct_norm": 2580,
        "examples": 10042
      },
      "routing_parameters": null,
      "step": 19,
      "target_tokens": 10485760,
      "tokens": 10485760,
      "validation_loss": 9.54101319313049,
      "wall_clock_seconds": 189.27951288595796
    },
    {
      "hellaswag": {
        "accuracy_norm": 0.24815773750248954,
        "correct_norm": 2492,
        "examples": 10042
      },
      "routing_parameters": null,
      "step": 48,
      "target_tokens": 25690112,
      "tokens": 25690112,
      "validation_loss": 8.604507446289062,
      "wall_clock_seconds": 340.69280822761357
    },
    {
      "hellaswag": {
        "accuracy_norm": 0.24596693885680143,
        "correct_norm": 2470,
        "examples": 10042
      },
      "routing_parameters": null,
      "step": 95,
      "target_tokens": 50331648,
      "tokens": 50331648,
      "validation_loss": 7.249641346931458,
      "wall_clock_seconds": 547.7255292013288
    },
    {
      "hellaswag": {
        "accuracy_norm": 0.24566819358693487,
        "correct_norm": 2467,
        "examples": 10042
      },
      "routing_parameters": null,
      "step": 143,
      "target_tokens": 75497472,
      "tokens": 75497472,
      "validation_loss": 6.709752392768861,
      "wall_clock_seconds": 758.0373597424477
    },
    {
      "hellaswag": {
        "accuracy_norm": 0.24596693885680143,
        "correct_norm": 2470,
        "examples": 10042
      },
      "routing_parameters": null,
      "step": 190,
      "target_tokens": 100139008,
      "tokens": 100139008,
      "validation_loss": 6.421217298507691,
      "wall_clock_seconds": 969.930273860693
    }
  ],
  "final_gradient_norm": 0.8296259641647339,
  "final_hellaswag": {
    "accuracy_norm": 0.24596693885680143,
    "correct_norm": 2470,
    "examples": 10042
  },
  "final_routing_parameters": null,
  "final_step": 190,
  "final_train_loss": 6.462361216545105,
  "final_validation_loss": 6.421217298507691,
  "initialization_verification": {
    "attnres_queries_exactly_zero": true,
    "attnres_query_tensors": 0,
    "attnres_rmsnorm_tensors": 0,
    "attnres_rmsnorms_exactly_one": true,
    "exact_matches": 149,
    "maximum_absolute_difference": 0.0,
    "mismatch_keys": [],
    "mismatches": 0,
    "missing_keys": [],
    "shape_mismatches": [],
    "shared_tensors": 149
  },
  "mean_seconds_per_update": 3.1093382684133593,
  "mean_tokens_per_second": 168645.51525671742,
  "parameter_count": 124475904,
  "peak_allocated_mb": 60962.3828125,
  "peak_reserved_mb": 72566.0,
  "processed_tokens": 100139008,
  "residual_mode": "standard",
  "total_wall_clock_seconds": 971.3340105973184,
  "training_data_sha256": "3052dfed888d246de05607fa77df2c3d08bb4c1c5ec654c9e217d27371f74d1e",
  "training_update_seconds": 593.8836092669517
}
