found 1 shards for split val
trained canonical 01/20 self=5.701797 shuffled=5.718206 teacher=5.559347
trained canonical 02/20 self=5.649392 shuffled=5.683667 teacher=5.511968
trained canonical 03/20 self=5.722430 shuffled=5.753829 teacher=5.628508
trained canonical 04/20 self=5.687916 shuffled=5.710983 teacher=5.567368
trained canonical 05/20 self=5.633724 shuffled=5.674640 teacher=5.510887
trained canonical 06/20 self=5.666422 shuffled=5.708380 teacher=5.550447
trained canonical 07/20 self=5.695888 shuffled=5.719464 teacher=5.547218
trained canonical 08/20 self=5.603373 shuffled=5.648501 teacher=5.496038
trained canonical 09/20 self=5.704239 shuffled=5.741038 teacher=5.584052
trained canonical 10/20 self=5.702413 shuffled=5.726820 teacher=5.571836
trained canonical 11/20 self=5.726947 shuffled=5.759082 teacher=5.600552
trained canonical 12/20 self=5.788900 shuffled=5.812787 teacher=5.664652
trained canonical 13/20 self=5.652751 shuffled=5.698982 teacher=5.517373
trained canonical 14/20 self=5.660856 shuffled=5.705807 teacher=5.555685
trained canonical 15/20 self=5.873197 shuffled=5.880148 teacher=5.713324
trained canonical 16/20 self=5.731629 shuffled=5.751763 teacher=5.574309
trained canonical 17/20 self=5.741098 shuffled=5.777027 teacher=5.619640
trained canonical 18/20 self=5.743876 shuffled=5.763964 teacher=5.599759
trained canonical 19/20 self=5.664917 shuffled=5.673422 teacher=5.523726
trained canonical 20/20 self=5.674411 shuffled=5.712097 teacher=5.544630
{
  "B": 64,
  "T": 1024,
  "batch_losses": {
    "masked_l1_no_feedback": [
      5.963436126708984,
      5.916080951690674,
      6.006649017333984,
      5.940733909606934,
      5.922643661499023,
      5.944792747497559,
      5.913552284240723,
      5.899290084838867,
      5.97174596786499,
      5.978191375732422,
      5.989078998565674,
      6.096495151519775,
      5.959134101867676,
      5.978822231292725,
      6.160079479217529,
      5.982600688934326,
      6.039733409881592,
      6.009128570556641,
      5.859517574310303,
      5.941783428192139
    ],
    "trained_gate_zero": [
      5.963638782501221,
      5.915982246398926,
      6.006518363952637,
      5.940553665161133,
      5.9225687980651855,
      5.9449968338012695,
      5.913665294647217,
      5.899282932281494,
      5.971682548522949,
      5.978236198425293,
      5.988921165466309,
      6.096393585205078,
      5.959188461303711,
      5.97887659072876,
      6.159842014312744,
      5.982872009277344,
      6.039412021636963,
      6.009172439575195,
      5.859407901763916,
      5.941749572753906
    ],
    "trained_self": [
      5.701796531677246,
      5.6493916511535645,
      5.7224297523498535,
      5.687915802001953,
      5.633723735809326,
      5.666422367095947,
      5.695888042449951,
      5.603372573852539,
      5.7042388916015625,
      5.7024126052856445,
      5.726946830749512,
      5.788900375366211,
      5.6527509689331055,
      5.660856246948242,
      5.873196601867676,
      5.731629371643066,
      5.741097927093506,
      5.7438764572143555,
      5.664916515350342,
      5.674411296844482
    ],
    "trained_shuffled_self": [
      5.71820592880249,
      5.683666706085205,
      5.753829002380371,
      5.7109832763671875,
      5.674639701843262,
      5.708380222320557,
      5.71946382522583,
      5.648501396179199,
      5.741037845611572,
      5.7268195152282715,
      5.759081840515137,
      5.812787055969238,
      5.698981761932373,
      5.705806732177734,
      5.880148410797119,
      5.751762866973877,
      5.777026653289795,
      5.76396369934082,
      5.673422336578369,
      5.71209716796875
    ],
    "trained_teacher_memory": [
      5.559347152709961,
      5.511967658996582,
      5.628507614135742,
      5.567368030548096,
      5.510887145996094,
      5.550446510314941,
      5.547217845916748,
      5.496038436889648,
      5.584052085876465,
      5.571836471557617,
      5.600552082061768,
      5.664652347564697,
      5.517373085021973,
      5.555684566497803,
      5.713323593139648,
      5.5743088722229,
      5.619640350341797,
      5.599758625030518,
      5.523725986480713,
      5.54463005065918
    ],
    "zero_shot_self": [
      5.710450172424316,
      5.655515193939209,
      5.726384162902832,
      5.694652557373047,
      5.637893199920654,
      5.671651840209961,
      5.702635288238525,
      5.6067304611206055,
      5.709499835968018,
      5.70792818069458,
      5.732248783111572,
      5.795013427734375,
      5.659465789794922,
      5.6665472984313965,
      5.881215572357178,
      5.7383809089660645,
      5.748133659362793,
      5.752767562866211,
      5.671884059906006,
      5.679415702819824
    ]
  },
  "checkpoint_sha256_after": "5a97c36c038ad04155c7965e20a800cdd78845819671f91c6d516599bb9cd69a",
  "derived": {
    "adaptation_gain": 0.00611195564269984,
    "sequence_specific_gap_gain": 0.008225440979004083,
    "trained_self_as_fraction_of_teacher_recovery": 0.6747729492305745,
    "trained_self_recovery": 0.27236576080322283,
    "trained_self_recovery_fraction": 0.14372711072216382,
    "trained_sequence_specific_gap": 0.02972157001495379,
    "zero_shot_self_recovery": 0.266253805160523,
    "zero_shot_specific_gap": 0.021496129035949708
  },
  "experiment": "2B1",
  "finite": true,
  "hellaswag_run": false,
  "losses": {
    "full_context": 4.078654408454895,
    "masked_l1_no_feedback": 5.973674488067627,
    "teacher_reader_before_adaptation": 5.570033884048462,
    "trained_gate_zero": 5.9736480712890625,
    "trained_self": 5.701308727264404,
    "trained_shuffled_self": 5.731030297279358,
    "trained_teacher_memory": 5.572065925598144,
    "zero_shot_self": 5.707420682907104
  },
  "model_state_sha256_after": "a23193d1c4177ecf2e202e97ab00a84818f2cf3a31fa663ab3c102b7e061c172",
  "model_state_sha256_before": "a23193d1c4177ecf2e202e97ab00a84818f2cf3a31fa663ab3c102b7e061c172",
  "model_state_unchanged": true,
  "paired_trained_self_vs_shuffled": {
    "differences": [
      0.01640939712524414,
      0.034275054931640625,
      0.03139925003051758,
      0.023067474365234375,
      0.04091596603393555,
      0.041957855224609375,
      0.023575782775878906,
      0.045128822326660156,
      0.036798954010009766,
      0.024406909942626953,
      0.032135009765625,
      0.023886680603027344,
      0.04623079299926758,
      0.04495048522949219,
      0.006951808929443359,
      0.020133495330810547,
      0.03592872619628906,
      0.020087242126464844,
      0.008505821228027344,
      0.03768587112426758
    ],
    "maximum": 0.04623079299926758,
    "mean": 0.029721570014953614,
    "median": 0.03176712989807129,
    "minimum": 0.006951808929443359,
    "real_wins": 20,
    "sample_standard_deviation": 0.011861470850649949,
    "shuffled_wins": 0,
    "ties": 0
  },
  "passed": true,
  "source": {
    "base_checkpoint": "/workspace/build-nanogpt-exp2a0/runs/exp1b_500m/full_attnres/checkpoints/checkpoint_tokens_000500170752.pt",
    "base_checkpoint_sha256": "6e3a6dbd9fe3d81d580c1667caae7779e926d464ce3f6d962a8591ceeceefa91",
    "dataloader_state_count": 4,
    "frozen_base_sha256": "1bff02fed4110735e5d495cb76670dc05f0b2004371c5ce7df9396ec725095fd",
    "initial_reader": {
      "gate": 0.1595292091369629,
      "gate_coefficient": 0.1581895351409912,
      "query_norm": 1.9564993381500244,
      "reader_parameters": 1537,
      "rmsnorm_displacement": 1.9469332695007324
    },
    "model_state_sha256": "5ad907f194217ac2b163c13f1f62c5e0c0bfc7d01ec45b0d7e76ed80e8241dbe",
    "next_global_batch_sha256": "95081c5f68b7d05d6e39b68043f2714657c21ca05cc317549063ba9a4f9f6986",
    "path": "/workspace/build-nanogpt-exp2a0/runs/experiment_2a3_250m/checkpoints/checkpoint_updates_000477.pt",
    "rng_fields": [
      "numpy_random",
      "python_random",
      "torch_cpu",
      "torch_cuda"
    ],
    "sha256": "0702dc09c74b01eee8be504a7f5f89ca61fcc504cda8f34f30865d4ff9653d76",
    "source_optimizer_steps_ignored": [
      477,
      477,
      477
    ],
    "training_state": {
      "completed_updates": 477,
      "processed_student_tokens": 250085376
    }
  },
  "stage": "canonical_validation",
  "teacher_student_drift": {
    "1-16": {
      "v16": {
        "cosine_similarity": 0.7556513041257858,
        "norm_ratio": 1.0101637184619903,
        "rms_difference": 0.1376415029168129
      },
      "v17": {
        "cosine_similarity": 0.7638432294130325,
        "norm_ratio": 1.0415057599544526,
        "rms_difference": 0.14713264927268027
      },
      "v20": {
        "cosine_similarity": 0.7750971764326096,
        "norm_ratio": 0.9570473074913025,
        "rms_difference": 0.13497138693928717
      },
      "v24": {
        "cosine_similarity": 0.7425236135721207,
        "norm_ratio": 0.9078226387500763,
        "rms_difference": 0.1432107836008072
      }
    },
    "129-256": {
      "v16": {
        "cosine_similarity": 0.5389840692281723,
        "norm_ratio": 0.9356175303459168,
        "rms_difference": 0.19195884093642235
      },
      "v17": {
        "cosine_similarity": 0.7371191799640655,
        "norm_ratio": 0.8407443970441818,
        "rms_difference": 0.1635167568922043
      },
      "v20": {
        "cosine_similarity": 0.5651669353246689,
        "norm_ratio": 0.8804302126169204,
        "rms_difference": 0.19138531163334846
      },
      "v24": {
        "cosine_similarity": 0.4992050752043724,
        "norm_ratio": 0.8695088416337967,
        "rms_difference": 0.19958749786019325
      }
    },
    "17-32": {
      "v16": {
        "cosine_similarity": 0.574554193019867,
        "norm_ratio": 0.9820754021406174,
        "rms_difference": 0.188572246581316
      },
      "v17": {
        "cosine_similarity": 0.6645052969455719,
        "norm_ratio": 0.9984419286251068,
        "rms_difference": 0.18120044320821763
      },
      "v20": {
        "cosine_similarity": 0.6015157014131546,
        "norm_ratio": 0.9123171359300614,
        "rms_difference": 0.1853109210729599
      },
      "v24": {
        "cosine_similarity": 0.5447972685098648,
        "norm_ratio": 0.8835660725831985,
        "rms_difference": 0.19151638075709343
      }
    },
    "257-512": {
      "v16": {
        "cosine_similarity": 0.5582659184932709,
        "norm_ratio": 0.9346082478761673,
        "rms_difference": 0.1875719554722309
      },
      "v17": {
        "cosine_similarity": 0.7602602034807205,
        "norm_ratio": 0.8073615044355392,
        "rms_difference": 0.15579455196857453
      },
      "v20": {
        "cosine_similarity": 0.5857573062181473,
        "norm_ratio": 0.883768567442894,
        "rms_difference": 0.18681176826357843
      },
      "v24": {
        "cosine_similarity": 0.521806713938713,
        "norm_ratio": 0.8833014488220214,
        "rms_difference": 0.19743081629276277
      }
    },
    "33-64": {
      "v16": {
        "cosine_similarity": 0.5323177874088287,
        "norm_ratio": 0.9649854183197022,
        "rms_difference": 0.19699931964278222
      },
      "v17": {
        "cosine_similarity": 0.6703600406646728,
        "norm_ratio": 0.9609687149524688,
        "rms_difference": 0.18161355927586556
      },
      "v20": {
        "cosine_similarity": 0.5616602092981339,
        "norm_ratio": 0.8937851041555405,
        "rms_difference": 0.19328450188040733
      },
      "v24": {
        "cosine_similarity": 0.5003943458199501,
        "norm_ratio": 0.880415403842926,
        "rms_difference": 0.1997582085430622
      }
    },
    "513-1023": {
      "v16": {
        "cosine_similarity": 0.5687889442518499,
        "norm_ratio": 0.9038557228043589,
        "rms_difference": 0.1873056721547345
      },
      "v17": {
        "cosine_similarity": 0.7748055803332543,
        "norm_ratio": 0.8040881341684122,
        "rms_difference": 0.14573379785347357
      },
      "v20": {
        "cosine_similarity": 0.6094409203576016,
        "norm_ratio": 0.8830903204453202,
        "rms_difference": 0.18522074675140082
      },
      "v24": {
        "cosine_similarity": 0.5546063118951429,
        "norm_ratio": 0.9085361458317408,
        "rms_difference": 0.19237637902425925
      }
    },
    "65-128": {
      "v16": {
        "cosine_similarity": 0.5237294435501099,
        "norm_ratio": 0.9409859627485275,
        "rms_difference": 0.19704843759536744
      },
      "v17": {
        "cosine_similarity": 0.7032012045383453,
        "norm_ratio": 0.8958949238061905,
        "rms_difference": 0.17319340333342553
      },
      "v20": {
        "cosine_similarity": 0.5517545849084854,
        "norm_ratio": 0.8819955110549926,
        "rms_difference": 0.1948685809969902
      },
      "v24": {
        "cosine_similarity": 0.48609901815652845,
        "norm_ratio": 0.8723992526531219,
        "rms_difference": 0.20154573321342467
      }
    }
  },
  "trained_checkpoint": {
    "frozen_base_sha256": "1bff02fed4110735e5d495cb76670dc05f0b2004371c5ce7df9396ec725095fd",
    "model_state_sha256": "a23193d1c4177ecf2e202e97ab00a84818f2cf3a31fa663ab3c102b7e061c172",
    "path": "/workspace/build-nanogpt-exp2a0/runs/experiment_2b1_5m/result/checkpoints/checkpoint_updates_000010.pt",
    "reader": {
      "gate": 0.1594133824110031,
      "gate_coefficient": 0.15807659924030304,
      "query_norm": 1.9570868015289307,
      "reader_parameters": 1537,
      "rmsnorm_displacement": 1.9478669166564941
    },
    "sha256": "5a97c36c038ad04155c7965e20a800cdd78845819671f91c6d516599bb9cd69a",
    "training_state": {
      "fineweb_lineage_completed_update": 487,
      "kind": "result_5m",
      "local_completed_updates": 10,
      "processed_2b1_tokens": 5242880
    }
  },
  "trained_self_improves_zero_shot": true,
  "trained_self_routing": {
    "feedback_rms": 0.02567733805626631,
    "routing_entropy": 0.48451771438121793,
    "routing_weights": {
      "v16": 0.634033665060997,
      "v17": 0.02067972468212247,
      "v20": 0.13052373751997948,
      "v24": 0.2147629216313362
    },
    "topdown_rms": 0.16230937838554382
  },
  "trained_teacher_memory_routing": {
    "feedback_rms": 0.02829196946695447,
    "routing_entropy": 0.5918572634458542,
    "routing_weights": {
      "v16": 0.4581062406301498,
      "v17": 0.10215219818055629,
      "v20": 0.21327199786901474,
      "v24": 0.22646956667304038
    },
    "topdown_rms": 0.1788366936147213
  },
  "validation_batches": 20,
  "validation_global_batches_sha256": "3331f585ae53e8fa5be3690aeb82345bf43c9270559403f113e717e937f5cdeb"
}
