found 1 shards for split val
conditional diagnostics 01/20 reset1=5.963455 never=5.701835
conditional diagnostics 02/20 reset1=5.916060 never=5.649675
conditional diagnostics 03/20 reset1=6.006833 never=5.722986
conditional diagnostics 04/20 reset1=5.940846 never=5.687982
conditional diagnostics 05/20 reset1=5.922742 never=5.633125
conditional diagnostics 06/20 reset1=5.944884 never=5.666327
conditional diagnostics 07/20 reset1=5.913586 never=5.695578
conditional diagnostics 08/20 reset1=5.899286 never=5.603048
conditional diagnostics 09/20 reset1=5.971788 never=5.704152
conditional diagnostics 10/20 reset1=5.978245 never=5.702370
conditional diagnostics 11/20 reset1=5.988959 never=5.727068
conditional diagnostics 12/20 reset1=6.096499 never=5.788761
conditional diagnostics 13/20 reset1=5.959168 never=5.652671
conditional diagnostics 14/20 reset1=5.978845 never=5.660757
conditional diagnostics 15/20 reset1=6.160086 never=5.873143
conditional diagnostics 16/20 reset1=5.982514 never=5.732197
conditional diagnostics 17/20 reset1=6.039759 never=5.741458
conditional diagnostics 18/20 reset1=6.009175 never=5.744354
conditional diagnostics 19/20 reset1=5.859693 never=5.665179
conditional diagnostics 20/20 reset1=5.941787 never=5.674468
{
  "cache_health": true,
  "condition": "L_trained_self < L_zero_self",
  "condition_met": true,
  "finite": true,
  "hellaswag_run": false,
  "model_state_sha256_after": "a23193d1c4177ecf2e202e97ab00a84818f2cf3a31fa663ab3c102b7e061c172",
  "model_state_sha256_before": "a23193d1c4177ecf2e202e97ab00a84818f2cf3a31fa663ab3c102b7e061c172",
  "model_state_unchanged": true,
  "passed": true,
  "renormalized_leave_one_out": true,
  "reset_batch_losses": {
    "1": [
      5.9634552001953125,
      5.916060447692871,
      6.006832599639893,
      5.9408464431762695,
      5.9227423667907715,
      5.944884300231934,
      5.913586139678955,
      5.899286270141602,
      5.97178840637207,
      5.978245258331299,
      5.988959312438965,
      6.096499443054199,
      5.959167957305908,
      5.97884464263916,
      6.160085678100586,
      5.982514381408691,
      6.039758682250977,
      6.0091753005981445,
      5.8596930503845215,
      5.941786766052246
    ],
    "128": [
      5.701778411865234,
      5.65045166015625,
      5.724740028381348,
      5.689022541046143,
      5.635000228881836,
      5.66724157333374,
      5.697422027587891,
      5.605881690979004,
      5.704329013824463,
      5.701470851898193,
      5.728506088256836,
      5.790828227996826,
      5.652736186981201,
      5.661914825439453,
      5.873083114624023,
      5.732758522033691,
      5.743166923522949,
      5.7451491355896,
      5.662539005279541,
      5.675675868988037
    ],
    "16": [
      5.703084945678711,
      5.657147407531738,
      5.7348737716674805,
      5.696493148803711,
      5.644804000854492,
      5.67742395401001,
      5.700619697570801,
      5.618145942687988,
      5.710710525512695,
      5.707609176635742,
      5.732571125030518,
      5.8029961585998535,
      5.665029525756836,
      5.678601264953613,
      5.881179332733154,
      5.741661071777344,
      5.752357482910156,
      5.7544074058532715,
      5.661580562591553,
      5.6869096755981445
    ],
    "2": [
      5.806057453155518,
      5.769278049468994,
      5.85797119140625,
      5.804668426513672,
      5.773155212402344,
      5.797059059143066,
      5.782738208770752,
      5.747556686401367,
      5.824922561645508,
      5.8254265785217285,
      5.841109752655029,
      5.9347453117370605,
      5.797824382781982,
      5.822659015655518,
      5.995959758758545,
      5.843779563903809,
      5.888917446136475,
      5.859465599060059,
      5.746044635772705,
      5.80449104309082
    ],
    "32": [
      5.702343463897705,
      5.654181957244873,
      5.72901725769043,
      5.692089557647705,
      5.637731552124023,
      5.673793792724609,
      5.699333190917969,
      5.608480453491211,
      5.708380699157715,
      5.704256534576416,
      5.731939315795898,
      5.795980453491211,
      5.657925605773926,
      5.6689276695251465,
      5.877721786499023,
      5.73601770401001,
      5.7479166984558105,
      5.749401569366455,
      5.660407543182373,
      5.683757305145264
    ],
    "4": [
      5.734679222106934,
      5.692012310028076,
      5.777215480804443,
      5.731783866882324,
      5.690278053283691,
      5.716510772705078,
      5.72402286529541,
      5.669216156005859,
      5.749640464782715,
      5.747322082519531,
      5.76754093170166,
      5.849222183227539,
      5.713165760040283,
      5.7326579093933105,
      5.917749881744385,
      5.780387878417969,
      5.805163860321045,
      5.789113998413086,
      5.685397624969482,
      5.725903511047363
    ],
    "64": [
      5.701051235198975,
      5.6513261795043945,
      5.726666450500488,
      5.69034481048584,
      5.636327743530273,
      5.66935920715332,
      5.697589874267578,
      5.607141017913818,
      5.704868793487549,
      5.702398777008057,
      5.7297468185424805,
      5.792326927185059,
      5.6545939445495605,
      5.664063453674316,
      5.87529182434082,
      5.733156681060791,
      5.745674133300781,
      5.748056888580322,
      5.661876201629639,
      5.678532600402832
    ],
    "8": [
      5.71506404876709,
      5.666668891906738,
      5.749898433685303,
      5.706269264221191,
      5.656809329986572,
      5.688676357269287,
      5.703461647033691,
      5.633441925048828,
      5.720254421234131,
      5.719577312469482,
      5.7436065673828125,
      5.817536354064941,
      5.68134880065918,
      5.696937084197998,
      5.889946460723877,
      5.752959728240967,
      5.766886234283447,
      5.764862060546875,
      5.6678996086120605,
      5.695862770080566
    ],
    "never": [
      5.7018351554870605,
      5.649675369262695,
      5.722986221313477,
      5.687981605529785,
      5.633125305175781,
      5.666326522827148,
      5.695577621459961,
      5.603047847747803,
      5.704151630401611,
      5.702369689941406,
      5.7270684242248535,
      5.788761138916016,
      5.652670860290527,
      5.660756587982178,
      5.873142719268799,
      5.732197284698486,
      5.741458415985107,
      5.744353771209717,
      5.6651787757873535,
      5.674468040466309
    ]
  },
  "reset_horizon_run": true,
  "reset_interval_losses": {
    "1": 5.973710632324218,
    "128": 5.702184796333313,
    "16": 5.710410308837891,
    "2": 5.82619149684906,
    "32": 5.705980205535889,
    "4": 5.74994924068451,
    "64": 5.703519678115844,
    "8": 5.721898365020752,
    "never": 5.701356649398804
  },
  "source_ablation_run": true,
  "source_ablations": {
    "v16": {
      "ablated_loss": 6.315204811096192,
      "batch_deltas": [
        0.6591000556945801,
        0.6405096054077148,
        0.6184859275817871,
        0.6194844245910645,
        0.6502242088317871,
        0.6083502769470215,
        0.5945878028869629,
        0.5655350685119629,
        0.5980892181396484,
        0.6088690757751465,
        0.6375575065612793,
        0.5691957473754883,
        0.6126503944396973,
        0.5797853469848633,
        0.628385066986084,
        0.5851821899414062,
        0.606205940246582,
        0.6147251129150391,
        0.6829800605773926,
        0.5980186462402344
      ],
      "batch_losses": [
        6.360896587371826,
        6.289901256561279,
        6.340915679931641,
        6.307400226593018,
        6.283947944641113,
        6.274772644042969,
        6.290475845336914,
        6.168907642364502,
        6.302328109741211,
        6.311281681060791,
        6.364504337310791,
        6.358096122741699,
        6.265401363372803,
        6.2406415939331055,
        6.50158166885376,
        6.316811561584473,
        6.347303867340088,
        6.3586015701293945,
        6.347896575927734,
        6.272429943084717
      ],
      "delta": 0.6138960838317871,
      "negative_batches": 0,
      "positive_batches": 20,
      "ties": 0
    },
    "v17": {
      "ablated_loss": 5.699958229064942,
      "batch_deltas": [
        -0.0015721321105957031,
        0.00011873245239257812,
        -0.0021696090698242188,
        -0.0038957595825195312,
        0.0006518363952636719,
        -0.0010695457458496094,
        -0.0017290115356445312,
        -0.001190185546875,
        -0.0016722679138183594,
        -0.002040386199951172,
        6.67572021484375e-05,
        -0.0012402534484863281,
        -0.003983497619628906,
        -0.002045154571533203,
        -0.0039958953857421875,
        -0.001129150390625,
        5.5789947509765625e-05,
        -0.0036602020263671875,
        0.003911495208740234,
        -0.0004215240478515625
      ],
      "batch_losses": [
        5.70022439956665,
        5.649510383605957,
        5.720260143280029,
        5.684020042419434,
        5.63437557220459,
        5.665352821350098,
        5.694159030914307,
        5.602182388305664,
        5.702566623687744,
        5.700372219085693,
        5.72701358795166,
        5.787660121917725,
        5.648767471313477,
        5.658811092376709,
        5.869200706481934,
        5.730500221252441,
        5.741153717041016,
        5.740216255187988,
        5.668828010559082,
        5.673989772796631
      ],
      "delta": -0.0013504981994628905,
      "negative_batches": 15,
      "positive_batches": 5,
      "ties": 0
    },
    "v20": {
      "ablated_loss": 5.7507675886154175,
      "batch_deltas": [
        0.0471043586730957,
        0.046652793884277344,
        0.05053853988647461,
        0.057360172271728516,
        0.050972938537597656,
        0.04711341857910156,
        0.04537153244018555,
        0.04735612869262695,
        0.051260948181152344,
        0.04405069351196289,
        0.05913972854614258,
        0.0465545654296875,
        0.0421905517578125,
        0.04855823516845703,
        0.050689697265625,
        0.057938575744628906,
        0.05019330978393555,
        0.041538238525390625,
        0.044682979583740234,
        0.059909820556640625
      ],
      "batch_losses": [
        5.748900890350342,
        5.696044445037842,
        5.772968292236328,
        5.745275974273682,
        5.684696674346924,
        5.713535785675049,
        5.741259574890137,
        5.650728702545166,
        5.755499839782715,
        5.746463298797607,
        5.786086559295654,
        5.835454940795898,
        5.694941520690918,
        5.709414482116699,
        5.923886299133301,
        5.789567947387695,
        5.791291236877441,
        5.785414695739746,
        5.709599494934082,
        5.734321117401123
      ],
      "delta": 0.049458861351013184,
      "negative_batches": 0,
      "positive_batches": 20,
      "ties": 0
    },
    "v24": {
      "ablated_loss": 5.819916296005249,
      "batch_deltas": [
        0.10885953903198242,
        0.11907339096069336,
        0.12258005142211914,
        0.12746810913085938,
        0.12427139282226562,
        0.11717557907104492,
        0.10862922668457031,
        0.1238861083984375,
        0.11495494842529297,
        0.10997152328491211,
        0.09751558303833008,
        0.14041709899902344,
        0.1301746368408203,
        0.12802982330322266,
        0.13213205337524414,
        0.11940765380859375,
        0.11324691772460938,
        0.12473201751708984,
        0.09751272201538086,
        0.11211299896240234
      ],
      "batch_losses": [
        5.8106560707092285,
        5.768465042114258,
        5.845009803771973,
        5.8153839111328125,
        5.757995128631592,
        5.783597946166992,
        5.8045172691345215,
        5.727258682250977,
        5.8191938400268555,
        5.812384128570557,
        5.824462413787842,
        5.929317474365234,
        5.782925605773926,
        5.788886070251465,
        6.00532865524292,
        5.85103702545166,
        5.854344844818115,
        5.868608474731445,
        5.762429237365723,
        5.786524295806885
      ],
      "delta": 0.11860756874084473,
      "negative_batches": 0,
      "positive_batches": 20,
      "ties": 0
    }
  },
  "stage": "conditional_diagnostics",
  "trained_checkpoint": {
    "frozen_base_sha256": "1bff02fed4110735e5d495cb76670dc05f0b2004371c5ce7df9396ec725095fd",
    "model_state_sha256": "a23193d1c4177ecf2e202e97ab00a84818f2cf3a31fa663ab3c102b7e061c172",
    "path": "/workspace/build-nanogpt-exp2a0/runs/experiment_2b1_5m/result/checkpoints/checkpoint_updates_000010.pt",
    "reader": {
      "gate": 0.1594133824110031,
      "gate_coefficient": 0.15807659924030304,
      "query_norm": 1.9570868015289307,
      "reader_parameters": 1537,
      "rmsnorm_displacement": 1.9478669166564941
    },
    "sha256": "5a97c36c038ad04155c7965e20a800cdd78845819671f91c6d516599bb9cd69a",
    "training_state": {
      "fineweb_lineage_completed_update": 487,
      "kind": "result_5m",
      "local_completed_updates": 10,
      "processed_2b1_tokens": 5242880
    }
  },
  "validation_global_batches_sha256": "3331f585ae53e8fa5be3690aeb82345bf43c9270559403f113e717e937f5cdeb"
}
