result update 06/10 loss=5.638240 gate=0.159375 wall=4177.7s
result update 07/10 loss=5.686364 gate=0.159363 wall=4164.1s
result update 08/10 loss=5.624338 gate=0.159369 wall=4164.8s
result update 09/10 loss=5.626139 gate=0.159397 wall=4164.7s
result update 10/10 loss=5.706830 gate=0.159413 wall=4167.0s
{
  "authorized_optimizer_updates_exhausted": true,
  "final_checkpoint": {
    "bytes": 498175801,
    "checkpoint": "/workspace/build-nanogpt-exp2a0/runs/experiment_2b1_5m/result/checkpoints/checkpoint_updates_000010.pt",
    "sha256": "5a97c36c038ad04155c7965e20a800cdd78845819671f91c6d516599bb9cd69a",
    "verification": {
      "implementation_git_commit": "c2f8082a7e0deff797a59e1f8b78949e7da3d246",
      "loader_states": 4,
      "loader_strict_reload": true,
      "local_completed_updates": 10,
      "model_strict_reload": true,
      "next_global_batch_sha256": "3c4d0cd7905f16bfcfdd283cbc0799ff9f85c91ac3c521e886f0e403fc11ae57",
      "optimizer": {
        "betas": [
          0.9,
          0.95
        ],
        "eps": 1e-08,
        "lr": 0.0001,
        "moments_finite": true,
        "state_entries": 3,
        "steps": [
          10,
          10,
          10
        ],
        "weight_decay": 0.0
      },
      "optimizer_strict_reload": true,
      "passed": true,
      "processed_2b1_tokens": 5242880,
      "rng_fields": [
        "numpy_random",
        "python_random",
        "torch_cpu",
        "torch_cuda"
      ],
      "rng_strict_reload": true,
      "saved_by_pid": 27932,
      "schema": "exp2b1_detached_self_reader_v1",
      "serialized_loader_replay_match": true,
      "source_2a3_checkpoint_sha256": "0702dc09c74b01eee8be504a7f5f89ca61fcc504cda8f34f30865d4ff9653d76",
      "source_2b0_commit": "a8b271ee71ae1af77da8ddad022ce549be390682"
    }
  },
  "final_reader": {
    "gate": 0.1594133824110031,
    "gate_coefficient": 0.15807659924030304,
    "query_norm": 1.9570868015289307,
    "reader_parameters": 1537,
    "rmsnorm_displacement": 1.9478669166564941
  },
  "frozen_base_sha256_after": "1bff02fed4110735e5d495cb76670dc05f0b2004371c5ce7df9396ec725095fd",
  "frozen_base_sha256_before_phase2": "1bff02fed4110735e5d495cb76670dc05f0b2004371c5ce7df9396ec725095fd",
  "frozen_base_unchanged": true,
  "hellaswag_run": false,
  "initial_reader": {
    "gate": 0.1595292091369629,
    "gate_coefficient": 0.1581895351409912,
    "query_norm": 1.9564993381500244,
    "reader_parameters": 1537,
    "rmsnorm_displacement": 1.9469332695007324
  },
  "midpoint_checkpoint_sha256": "aca49ac08c607a71320a7cfa922df2db5e6936320de0f6a45f49a085516835db",
  "passed": true,
  "peak_allocated_mb": 40865.97998046875,
  "peak_reserved_mb": 80574.0,
  "processed_2b1_tokens": 5242880,
  "resume_audit": {
    "checkpoint": "/workspace/build-nanogpt-exp2a0/runs/experiment_2b1_5m/result/checkpoints/checkpoint_updates_000005.pt",
    "checkpoint_sha256": "aca49ac08c607a71320a7cfa922df2db5e6936320de0f6a45f49a085516835db",
    "fresh_process": true,
    "loader_strict_reload": true,
    "local_completed_updates": 5,
    "model_strict_reload": true,
    "optimizer_strict_reload": true,
    "passed": true,
    "phase1_process_pid": 26211,
    "phase2_process_pid": 27932,
    "phase_processes_distinct": true,
    "processed_2b1_tokens": 2621440,
    "restored_next_global_batch_sha256": "129c40a5211020d3fe13cfb32e356651a97d6bbcc0a3da4e86ee933d89cc9132",
    "resumed_by_pid": 27932,
    "rng_strict_reload": true,
    "saved_by_pid": 26211
  },
  "source_checkpoint_sha256_after": "0702dc09c74b01eee8be504a7f5f89ca61fcc504cda8f34f30865d4ff9653d76",
  "stage": "result_training_complete",
  "targets_per_update": 524288,
  "teacher_training_forward_calls": 0,
  "total_training_wall_seconds": 41716.56050874479,
  "updates": 10
}
