found 99 shards for split train
smoke update 3/3 loss=5.803307
{
  "B": 2,
  "T": 64,
  "all_frozen_gradients_none": true,
  "all_losses_finite": true,
  "all_optimizer_moments_finite": true,
  "all_reader_gradients_finite_nonzero": true,
  "all_recurrent_states_valid": true,
  "frozen_base_unchanged": true,
  "hellaswag_run": false,
  "optimizer_updates": 3,
  "passed": true,
  "resume_audit": {
    "checkpoint": "/workspace/build-nanogpt-exp2a0/runs/experiment_2b1_5m/smoke/checkpoint_updates_000002.pt",
    "checkpoint_sha256": "8523c98df6b4c332f597f40adb5ada086063d1b600817fd045a93d9ef6437314",
    "fresh_process": true,
    "loader_strict_reload": true,
    "local_completed_updates": 2,
    "model_strict_reload": true,
    "optimizer_strict_reload": true,
    "passed": true,
    "processed_2b1_tokens": 256,
    "restored_next_global_batch_sha256": "245eeaad169db6e4f6f4aadfdd623c244dd6ff1c5b82e1f3623f94d174d31e38",
    "resumed_by_pid": 25972,
    "rng_strict_reload": true,
    "saved_by_pid": 25720
  },
  "smoke_state_disposition": "discarded; result run must reload untouched 2A3 source",
  "stage": "disposable_smoke_complete",
  "teacher_training_forward_calls": 0,
  "update_3_consumed_expected_next_batch": true,
  "updates": [
    {
      "backward_chunk_tokens": 16,
      "feedback_rms": 0.025406134242075495,
      "fineweb_lineage_completed_update": 478,
      "gate": 0.1596292108297348,
      "gate_coefficient": 0.15828703343868256,
      "global_batch_sha256": "3376febc0df73348b0ea9ae145eeda781adb0dea2e09d41c2d9b46b406d3e75b",
      "global_mean_training_loss": 5.995464324951172,
      "gradients": {
        "frozen_tensors_with_grad": [],
        "gate": {
          "finite": true,
          "nonzero": true,
          "norm": 0.05118044093251228,
          "present": true
        },
        "query": {
          "finite": true,
          "nonzero": true,
          "norm": 0.5384587645530701,
          "present": true
        },
        "rmsnorm": {
          "finite": true,
          "nonzero": true,
          "norm": 0.034941770136356354,
          "present": true
        }
      },
      "kind": "train",
      "learning_rate": 0.0001,
      "local_update": 1,
      "optimizer": {
        "betas": [
          0.9,
          0.95
        ],
        "eps": 1e-08,
        "lr": 0.0001,
        "moments_finite": true,
        "state_entries": 3,
        "steps": [
          1,
          1,
          1
        ],
        "weight_decay": 0.0
      },
      "peak_allocated_mb": 4558.04931640625,
      "peak_reserved_mb": 4578.0,
      "post_clip_gradient_norm": 0.5420131087303162,
      "pre_clip_gradient_norm": 0.5420131087303162,
      "processed_2b1_tokens": 128,
      "query_norm": 1.9565094709396362,
      "reader_parameters": 1537,
      "rmsnorm_displacement": 1.9469306468963623,
      "routing_entropy": 0.5801716660498641,
      "routing_weights": {
        "v16": 0.511617867744917,
        "v17": 0.05287331437345699,
        "v20": 0.2262952487752159,
        "v24": 0.20921357054288592
      },
      "serialized_slices": 1,
      "source_state_rms": {
        "v16": 0.20501149888150394,
        "v17": 0.21127043711021543,
        "v20": 0.1918960640905425,
        "v24": 0.18030977144371718
      },
      "state_health": [
        {
          "block_1_cache_absent": true,
          "blocks_2_through_12_lengths": [
            64,
            64,
            64,
            64,
            64,
            64,
            64,
            64,
            64,
            64,
            64
          ],
          "historical_kv_finite_detached": true,
          "memory_finite_detached": true,
          "passed": true
        }
      ],
      "targets": 128,
      "teacher_constructed_for_training": false,
      "teacher_forward_calls_during_training": 0,
      "topdown_rms": 0.16059096599929035,
      "wall_seconds": 33.33408297225833
    },
    {
      "backward_chunk_tokens": 16,
      "feedback_rms": 0.025242950912797824,
      "fineweb_lineage_completed_update": 479,
      "gate": 0.15972663462162018,
      "gate_coefficient": 0.15838201344013214,
      "global_batch_sha256": "fee2c0d0810b893e7566193b31569709f3f4a60f5544457c077793a1634f856b",
      "global_mean_training_loss": 5.994579315185547,
      "gradients": {
        "frozen_tensors_with_grad": [],
        "gate": {
          "finite": true,
          "nonzero": true,
          "norm": 0.08784563839435577,
          "present": true
        },
        "query": {
          "finite": true,
          "nonzero": true,
          "norm": 0.6570631861686707,
          "present": true
        },
        "rmsnorm": {
          "finite": true,
          "nonzero": true,
          "norm": 0.04373600333929062,
          "present": true
        }
      },
      "kind": "train",
      "learning_rate": 0.0001,
      "local_update": 2,
      "optimizer": {
        "betas": [
          0.9,
          0.95
        ],
        "eps": 1e-08,
        "lr": 0.0001,
        "moments_finite": true,
        "state_entries": 3,
        "steps": [
          2,
          2,
          2
        ],
        "weight_decay": 0.0
      },
      "peak_allocated_mb": 4558.0634765625,
      "peak_reserved_mb": 4578.0,
      "post_clip_gradient_norm": 0.6643506288528442,
      "pre_clip_gradient_norm": 0.6643506288528442,
      "processed_2b1_tokens": 256,
      "query_norm": 1.9565019607543945,
      "reader_parameters": 1537,
      "rmsnorm_displacement": 1.9469294548034668,
      "routing_entropy": 0.5721668310288806,
      "routing_weights": {
        "v16": 0.543165828387373,
        "v17": 0.07765077833934697,
        "v20": 0.1878209287945083,
        "v24": 0.19136246055865058
      },
      "serialized_slices": 1,
      "source_state_rms": {
        "v16": 0.19820019719190896,
        "v17": 0.22525679704267532,
        "v20": 0.18984484614338726,
        "v24": 0.18137308629229665
      },
      "state_health": [
        {
          "block_1_cache_absent": true,
          "blocks_2_through_12_lengths": [
            64,
            64,
            64,
            64,
            64,
            64,
            64,
            64,
            64,
            64,
            64
          ],
          "historical_kv_finite_detached": true,
          "memory_finite_detached": true,
          "passed": true
        }
      ],
      "targets": 128,
      "teacher_constructed_for_training": false,
      "teacher_forward_calls_during_training": 0,
      "topdown_rms": 0.15956481400644407,
      "wall_seconds": 32.191165544092655
    },
    {
      "backward_chunk_tokens": 16,
      "feedback_rms": 0.024707362987101078,
      "fineweb_lineage_completed_update": 480,
      "gate": 0.15982311964035034,
      "gate_coefficient": 0.1584760844707489,
      "global_batch_sha256": "245eeaad169db6e4f6f4aadfdd623c244dd6ff1c5b82e1f3623f94d174d31e38",
      "global_mean_training_loss": 5.803306579589844,
      "gradients": {
        "frozen_tensors_with_grad": [],
        "gate": {
          "finite": true,
          "nonzero": true,
          "norm": 0.12100153416395187,
          "present": true
        },
        "query": {
          "finite": true,
          "nonzero": true,
          "norm": 0.5889623165130615,
          "present": true
        },
        "rmsnorm": {
          "finite": true,
          "nonzero": true,
          "norm": 0.0388062447309494,
          "present": true
        }
      },
      "kind": "train",
      "learning_rate": 0.0001,
      "local_update": 3,
      "optimizer": {
        "betas": [
          0.9,
          0.95
        ],
        "eps": 1e-08,
        "lr": 0.0001,
        "moments_finite": true,
        "state_entries": 3,
        "steps": [
          3,
          3,
          3
        ],
        "weight_decay": 0.0
      },
      "peak_allocated_mb": 4558.0634765625,
      "peak_reserved_mb": 4578.0,
      "post_clip_gradient_norm": 0.6025146245956421,
      "pre_clip_gradient_norm": 0.6025146245956421,
      "processed_2b1_tokens": 384,
      "query_norm": 1.9565213918685913,
      "reader_parameters": 1537,
      "rmsnorm_displacement": 1.9469566345214844,
      "routing_entropy": 0.6028813445373089,
      "routing_weights": {
        "v16": 0.516808003972983,
        "v17": 0.07495577842750833,
        "v20": 0.17470788939618842,
        "v24": 0.23352833222352842
      },
      "serialized_slices": 1,
      "source_state_rms": {
        "v16": 0.20208056084811687,
        "v17": 0.2102426594356075,
        "v20": 0.1977961609372869,
        "v24": 0.17834807734470814
      },
      "state_health": [
        {
          "block_1_cache_absent": true,
          "blocks_2_through_12_lengths": [
            64,
            64,
            64,
            64,
            64,
            64,
            64,
            64,
            64,
            64,
            64
          ],
          "historical_kv_finite_detached": true,
          "memory_finite_detached": true,
          "passed": true
        }
      ],
      "targets": 128,
      "teacher_constructed_for_training": false,
      "teacher_forward_calls_during_training": 0,
      "topdown_rms": 0.1561753549030982,
      "wall_seconds": 33.22272318042815
    }
  ]
}
