found 1 shards for split val
found 1 shards for split val
found 1 shards for split val
milestone 10 validation 01/20
milestone 10 validation 02/20
milestone 10 validation 03/20
milestone 10 validation 04/20
milestone 10 validation 05/20
milestone 10 validation 06/20
milestone 10 validation 07/20
milestone 10 validation 08/20
milestone 10 validation 09/20
milestone 10 validation 10/20
milestone 10 validation 11/20
milestone 10 validation 12/20
milestone 10 validation 13/20
milestone 10 validation 14/20
milestone 10 validation 15/20
milestone 10 validation 16/20
milestone 10 validation 17/20
milestone 10 validation 18/20
milestone 10 validation 19/20
milestone 10 validation 20/20
{
  "canonical_update10_evaluation": {
    "batch_losses": {
      "real_feedback": [
        5.9430036544799805,
        5.895111083984375,
        5.987648963928223,
        5.921350479125977,
        5.9023118019104,
        5.924505710601807,
        5.8941569328308105,
        5.879471778869629,
        5.950887203216553,
        5.958255290985107,
        5.969532012939453,
        6.075518608093262,
        5.937841415405273,
        5.957643985748291,
        6.138041973114014,
        5.962271690368652,
        6.018850326538086,
        5.9882121086120605,
        5.840852737426758,
        5.9206342697143555
      ],
      "shuffled_feedback": [
        5.951661109924316,
        5.904607772827148,
        5.9958086013793945,
        5.930365085601807,
        5.911447525024414,
        5.9341840744018555,
        5.9023518562316895,
        5.888038635253906,
        5.959751129150391,
        5.967508316040039,
        5.977108478546143,
        6.083712100982666,
        5.9462127685546875,
        5.966126441955566,
        6.14508056640625,
        5.970769882202148,
        6.027108669281006,
        5.996540069580078,
        5.848597526550293,
        5.928944110870361
      ]
    },
    "batch_payload_sha256": [
      "d568fd86f39280d12a642ea2c82ec120801dfed82d981df3ab621c1f004e5bd8",
      "aee1d37289084111b5692ca859f10bd24eb9092a150a632ea1f2b481638f4814",
      "e975769722dd56f71e3f7c6fe1ef63a7d2276dbc1dbcde2e07554b1d0f8eadba",
      "f63a023873df62314969ddb4a47d685a606b9795aadecceeb45d1ad75d139544",
      "3f8d5c8cd15add779f7cd4ea9b21c9fc0e84e97ed748636b313a414953101a07",
      "ae3818c48fb8426d5ffaafabb55c47bc227c6d2310d3961fbd2066b817a656df",
      "81388f1429bdd58e87366102845f722e86f3cff43a180167de1cbd8d290b9766",
      "49f89150bbcaccf6392c9a286c77c4e8f30c64471321c198dfc5472438c12d24",
      "8039a672d8d04ab9055aef2d0ed7c29da591b6cf8fdfe0aa969ff00c6290b103",
      "11d674bbd6a1f9f3bc63ffb7807fdce6d44b30c439c86e5149e8102204e45ebd",
      "b409b0416f2e11da9e624ccd6c731aa818ead51ef79ec6504c1f9fc72c52a9d9",
      "02d01b35e13c6f17403802102328408fc1d08972fb4b968eb4203c538edcb76b",
      "7ca7d371cd9ad35afdd6311d09defab7234bfe279f7907c18fb87d6c95bf134e",
      "75909eefd3f507dc595d0cd1e910aeb03141bd0e54ec3ba24d788fbca09e59dd",
      "698a4959a634e16e35e7c51c2834fef6c90737a0861c34856150991d3d532e29",
      "b47526b521778387b1a091113c3b8def05b999f9c27873df7c12a389406c5ace",
      "b87ad5031fae30d40b8248233ce8db9e21dde268b40f6599218df6a994e952bb",
      "f33370b7aa5a0699c2114dad6286c2b758ac1eccd814f094774fee082046b4aa",
      "f575a344470fadbb3b62129d49f79fdbd2b8abd64f667c74027f475a83071948",
      "721a90465abd6bae95d6c3b4abd377ee08fdde2477aa0345afb56e2f1e206d58"
    ],
    "completed_updates": 10,
    "damage": 1.8950200796127321,
    "elapsed_seconds": 60.624800607562065,
    "frozen_references_reused": true,
    "full_control_matrix": false,
    "losses": {
      "full_context_reference": 4.078654408454895,
      "masked_l1_no_feedback_reference": 5.973674488067627,
      "real_feedback": 5.953305101394653,
      "shuffled_feedback": 5.961796236038208
    },
    "paired_shuffled_minus_real": {
      "ci95_lower": 0.008191633839683826,
      "ci95_note": "descriptive paired t interval; fixed batches are not assumed IID",
      "ci95_upper": 0.00879063544742555,
      "differences": [
        0.008657455444335938,
        0.009496688842773438,
        0.008159637451171875,
        0.009014606475830078,
        0.009135723114013672,
        0.009678363800048828,
        0.008194923400878906,
        0.008566856384277344,
        0.00886392593383789,
        0.00925302505493164,
        0.007576465606689453,
        0.008193492889404297,
        0.008371353149414062,
        0.00848245620727539,
        0.007038593292236328,
        0.008498191833496094,
        0.008258342742919922,
        0.008327960968017578,
        0.007744789123535156,
        0.00830984115600586
      ],
      "maximum": 0.009678363800048828,
      "mean": 0.008491134643554688,
      "mean_real_minus_shuffled": -0.008491134643554688,
      "median": 0.008426904678344727,
      "median_real_minus_shuffled": -0.008426904678344727,
      "minimum": 0.007038593292236328,
      "n": 20,
      "negative_count": 0,
      "positive_count": 20,
      "real_beats_shuffled_count": 20,
      "sample_standard_deviation": 0.0006399392834120258,
      "shuffled_beats_real_count": 0,
      "standard_error": 0.00014309477391817932,
      "tie_count": 0
    },
    "peak_allocated_mb": 30075.27880859375,
    "processed_student_tokens": 5242880,
    "requested_real_minus_shuffled": {
      "mean": -0.008491134643554688,
      "median": -0.008426904678344727,
      "real_feedback_beats_shuffled_batches": 20,
      "shuffled_feedback_beats_real_batches": 0,
      "ties": 0
    },
    "routing": {
      "effective_source_count": 3.6298973764835534,
      "gate": 0.005997640546411276,
      "gate_coefficient": 0.0059975688345730305,
      "mean_tokenwise_entropy": 1.289204376935959,
      "mean_weights": {
        "v16": 0.2712061688303947,
        "v17": 0.2516491822898388,
        "v20": 0.2194218784570694,
        "v24": 0.2577227719128132
      },
      "normalized_entropy": 0.929964380648927,
      "query_norm": 0.12489541620016098,
      "rmsnorm_displacement": 0.09010037779808044
    },
    "sequence_specific_recovery": 0.00849113464355522,
    "sequence_specific_recovery_fraction": 0.004480762359674034,
    "total_recovery": 0.020369386672974166,
    "total_recovery_fraction": 0.010748902817503058,
    "validation_B": 64,
    "validation_T": 1024,
    "validation_batches": 20,
    "validation_global_batches_sha256": "3331f585ae53e8fa5be3690aeb82345bf43c9270559403f113e717e937f5cdeb"
  },
  "canonical_update10_evaluation_state_isolation": {
    "loaders": true,
    "optimizer": true,
    "passed": true,
    "rng": true,
    "router_instrumentation": true,
    "router_source_mask": true,
    "student_base": true,
    "student_mode": true,
    "student_topdown": true,
    "teacher": true,
    "teacher_mode": true
  },
  "causality_state_isolation": {
    "loaders": true,
    "optimizer": true,
    "passed": true,
    "rng": true,
    "router_instrumentation": true,
    "router_source_mask": true,
    "student_base": true,
    "student_mode": true,
    "student_topdown": true,
    "teacher": true,
    "teacher_mode": true
  },
  "config": {
    "additional_optimizer_updates": 38,
    "checkpoint_updates": [
      20,
      29,
      48
    ],
    "data_start": "restore exact four-rank replay states from verified Experiment 2A0 update-10 checkpoint",
    "evaluation_updates": [
      20,
      29,
      48
    ],
    "final_controls": [
      "full_context",
      "masked_l1_no_feedback",
      "real_feedback",
      "shuffled_feedback",
      "zero_feedback"
    ],
    "final_source_ablations": [
      16,
      17,
      20,
      24
    ],
    "frozen_reference_full_context": 4.078654408454895,
    "frozen_reference_masked_l1_no_feedback": 5.973674488067627,
    "global_batch_tokens": 524288,
    "intermediate_controls": [
      "real_feedback",
      "shuffled_feedback"
    ],
    "legacy_gradient_accumulation": 2,
    "legacy_micro_batch_sequences_per_rank": 64,
    "legacy_world_size": 4,
    "lr_schedule": "continue original 10B schedule; next global schedule step is 964",
    "mode": "masked_l1_topdown_teacher",
    "optimizer": "AdamW betas=(0.9,0.95) eps=1e-8 no weight decay",
    "optimizer_updates": 48,
    "processed_student_tokens": 25165824,
    "protocol": "exp2a1_teacher_topdown_25m_v1",
    "seed": 1337,
    "sequence_length": 1024,
    "sequential_microbatches_per_update": 8,
    "source_depths": [
      16,
      17,
      20,
      24
    ],
    "start_completed_updates": 10,
    "start_processed_student_tokens": 5242880,
    "validation_batch_sequences": 64,
    "validation_batches": 20
  },
  "dataset": {
    "manifest": "/workspace/build-nanogpt/experiment_artifacts/edu_fineweb10B_sha256_manifest.txt",
    "manifest_sha256": "be14a17c21682a018aef68ce02847cced77e921374c01f806deccfba72870f54",
    "shards_verified": true
  },
  "end_to_end_causality": {
    "B": 2,
    "T": 1024,
    "changed_suffix_starts_at": 512,
    "compared_logit_positions": [
      0,
      511
    ],
    "maximum_absolute_difference": 0.0,
    "passed": true,
    "prefix_logits_bit_exact": true
  },
  "expected_global_batch_sha256": {
    "10": "01cc1b4fe5b9e3e40047f7a686fa683be3bfaaa0f9bbd2fde1752541bd8e0a6a",
    "11": "f32f9713f981648be7c34336f55519ae1a0d4d2306c279076657703e42cd6790",
    "12": "ea58474bc65e45012ab2540d7331870558f2e1a5f477f28a784ba30501d4daf0",
    "13": "faa3f14cef81dcc4b353efb98241d6622b84d0989bfda7b1f7359af024e2e7db",
    "14": "12874aaf7a4087a3ba7ecd3f82f844f6a28ffe603eb9b7123220cd8712c26c29",
    "15": "67ae9ec62b31966043379f8580e3eb1b84e84a046601ae02e293170693032fcc",
    "16": "278fe745a0dca1ff7e54c7b012929e79c868e2e739edd105e74798809e1cca8f",
    "17": "01f83f664658d13ed1df4fe096e87b1e51189279fb7d6aa6bb56c1c4ddd1e9c2",
    "18": "c5e282add7e9874417aaa04909fd3b4b90be0c3f16c688217b864b71848bfb8e",
    "19": "2cd187df0ee2984705c0f47c2b67cbf9e63846db8ccc0e34a525e61e15604bba",
    "20": "921abc217182d1f7596f26ac421e0ba317b0c9b8b510a3baa03bf26c604d4471",
    "21": "22026663f31f700dcffb403771ac4776e43336944a4f0950a4ad5529686dacd3",
    "22": "749bfa57d092690ef2af2b16658ded5c2bde5a6fbd615f7a7c518fde8d4f12b6",
    "23": "12e2be89f1cc84220b3b91932fe48599fc6e84818c20ca4094d2b62efa38bc97",
    "24": "aa7a995a92ef7f7a4600022f86014676c18d1447ac11224ac066aa2a02404618",
    "25": "07c74bb1d7ab73ef3d74754d5d8d73fed9c60a1336c4bfe78d06bd0c3d161cdf",
    "26": "a9101a740c653502d2db2b3c137c31427846da1fce74968c1b14660db32db050",
    "27": "44439d1af97b4b238799fc7967ebd80336a9749be19907349614a95f0a4b0738",
    "28": "6209a0303cc1a5a6fc1100ac3664f0ecdec86d1a1eac8bfb532b25164fa3348c",
    "29": "51c1a47728a9293c62481fdd1e5b4f8fe92a5eb5a98494e3a886de29dfa86674",
    "30": "be078fdfaaf003572c9b4c8fc1dbe8545f72b1eb13cfa18da60383b80edfde99",
    "31": "d638662befe9b603611a8045b9b7b082a73d3893570919661399c7e26158798f",
    "32": "758684ea3ce8043918171b0bb938d42b6851f4574ceb77559625f238bdf2bc1b",
    "33": "8d11d06c89b1a79987a0f5ea23124d26707aeecd5525d994a623287d80c8a90c",
    "34": "27361e0a8571fff0f2b2230905fc2c1074731390674e6ae72df511c6bfcc597d",
    "35": "132e5153970301048918a328b75411481c6784490abcf9ed2299502533f76c2e",
    "36": "7870ff7767bde30988c20d6d65f1610aa8dcd88c7c1d1a9d0d70c20cf844d842",
    "37": "414bd2dc3eb6b5cc12638a7f018e7e4b96d1a14b3e84fea47f2572d9eed14eb9",
    "38": "d2e36519c3bda897292ee0301a8f9b007e6dfc87e30c73bc390dde729c1d9b74",
    "39": "42ab6edb525e1589155dea9ba1417041cf793a68945ec7cb84531f8331ef786a",
    "40": "9ee1f17b9a18bb9a2529efec47b8c496aefe3fd1b0e0d1a4840540217a4ce492",
    "41": "3870edef4b558633e9d6ebe174ef60230b699013119962def468bc9f5cb409cf",
    "42": "1e1597d784eaba1c4e0d9a1b0d3b297e94646bd487e874da748f4feb2d44a149",
    "43": "3642f263729e9325babec3781ff90df9d92c711c148da83d53c726206efb5305",
    "44": "ecc590a4a24e74b822dc5e6ecf54fa193bdad11e8e4c83c6db292dac4ed06efe",
    "45": "d2cfb10e5c4ef5b0550124910e425ea923ab97b3a9a400bfdee6d287d4303d44",
    "46": "ea92439a4ee5186e2107e8d11eeb541a4222b5434b5c5cb5dba36f8ff4c6f12c",
    "47": "5c5acc9efdb3af6c97e46f75e471f4866e29c3bb7cf4657fa67f468d17c9dc97",
    "48": "1c3290f72d60d356d636e57017bbc5f2cb2ec470af7860d9d95d5c95116d24a5"
  },
  "first_new_lr": 0.0005997549155466718,
  "first_new_schedule_step": 964,
  "frozen_state": {
    "passed": true,
    "student_base_sha256": "1bff02fed4110735e5d495cb76670dc05f0b2004371c5ce7df9396ec725095fd",
    "teacher_sha256": "1bff02fed4110735e5d495cb76670dc05f0b2004371c5ce7df9396ec725095fd"
  },
  "git_branch": "experiment-2a1-25m-continuation",
  "git_commit": "529ca93b0a77d91e6aba76f9863f6d7108c6605f",
  "kind": "Experiment 2A1 optimizer-free continuation preflight",
  "optimizer_steps_executed": 0,
  "passed": true,
  "runtime_contract": {
    "model_contract": {
      "frozen_student_parameters_requiring_grad": [],
      "only_expected_topdown_parameters_trainable": true,
      "passed": true,
      "teacher_eval": true,
      "teacher_memory_function_no_grad": true,
      "teacher_parameters_requiring_grad": [],
      "trainable_parameter_count": 1537,
      "trainable_parameters": {
        "transformer.topdown_attnres.gate": 1,
        "transformer.topdown_attnres.norm.weight": 768,
        "transformer.topdown_attnres.query": 768
      }
    },
    "optimizer": {
      "lr": 0.0005997568798486979,
      "nonfinite_tensors": [],
      "state_entries": 3,
      "steps": [
        10,
        10,
        10
      ]
    },
    "passed": true
  },
  "source_checkpoint_sha256": "cf68b9765072e2403c16e935ba02e92f826d48600953f904e11f2bd4d266638e",
  "source_restore": {
    "integrity": {
      "checkpoint": "/workspace/build-nanogpt-exp2a0/runs/experiment_2a0_5m/checkpoints/checkpoint_updates_000010.pt",
      "sha256": "cf68b9765072e2403c16e935ba02e92f826d48600953f904e11f2bd4d266638e",
      "verification": "checkpoint_updates_000010.pt.verification.json"
    },
    "loader_exact_reload": true,
    "model_exact_reload": true,
    "next_global_batch_sha256": "01cc1b4fe5b9e3e40047f7a686fa683be3bfaaa0f9bbd2fde1752541bd8e0a6a",
    "optimizer": {
      "lr": 0.0005997568798486979,
      "nonfinite_tensors": [],
      "state_entries": 3,
      "steps": [
        10,
        10,
        10
      ]
    },
    "optimizer_exact_reload": true,
    "passed": true,
    "rng_exact_reload": true
  },
  "source_summary_sha256": "29861c96bdd03022b4220ee1468e942e84fbde6302d8e5cb49d2f215eab597d9",
  "source_training_state": {
    "completed_updates": 10,
    "processed_student_tokens": 5242880
  },
  "teacher_memory_causality": {
    "B": 2,
    "T": 1024,
    "passed": true,
    "per_source_memory_bit_exact": {
      "v16": true,
      "v17": true,
      "v20": true,
      "v24": true
    },
    "position_zero_memory_exactly_zero": true,
    "suffix_difference_starts_at": 512,
    "tested_position": 512
  }
}
