W0816 23:54:37.209000 3047 torch/distributed/run.py:774] 
W0816 23:54:37.209000 3047 torch/distributed/run.py:774] *****************************************
W0816 23:54:37.209000 3047 torch/distributed/run.py:774] Setting OMP_NUM_THREADS environment variable for each process to be 1 in default, to avoid your system being overloaded, please further tune the variable for optimal performance in your application as needed. 
W0816 23:54:37.209000 3047 torch/distributed/run.py:774] *****************************************
found 1 shards for split val
found 1 shards for split val
found 1 shards for split val
found 1 shards for split val
/usr/local/lib/python3.12/dist-packages/torch/distributed/distributed_c10d.py:4807: UserWarning: No device id is provided via `init_process_group` or `barrier `. Using the current device set by the user. 
  warnings.warn(  # warn only once
[rank2]:[W816 23:54:43.313443499 ProcessGroupNCCL.cpp:5023] [PG ID 0 PG GUID 0 Rank 2]  using GPU 2 as device used by this process is currently unknown. This can potentially cause a hang if this rank to GPU mapping is incorrect. You can specify device_id in init_process_group() to force use of a particular device.
/usr/local/lib/python3.12/dist-packages/torch/distributed/distributed_c10d.py:4807: UserWarning: No device id is provided via `init_process_group` or `barrier `. Using the current device set by the user. 
  warnings.warn(  # warn only once
[rank1]:[W816 23:54:43.375456001 ProcessGroupNCCL.cpp:5023] [PG ID 0 PG GUID 0 Rank 1]  using GPU 1 as device used by this process is currently unknown. This can potentially cause a hang if this rank to GPU mapping is incorrect. You can specify device_id in init_process_group() to force use of a particular device.
/usr/local/lib/python3.12/dist-packages/torch/distributed/distributed_c10d.py:4807: UserWarning: No device id is provided via `init_process_group` or `barrier `. Using the current device set by the user. 
  warnings.warn(  # warn only once
[rank3]:[W816 23:54:43.386992822 ProcessGroupNCCL.cpp:5023] [PG ID 0 PG GUID 0 Rank 3]  using GPU 3 as device used by this process is currently unknown. This can potentially cause a hang if this rank to GPU mapping is incorrect. You can specify device_id in init_process_group() to force use of a particular device.
/usr/local/lib/python3.12/dist-packages/torch/distributed/distributed_c10d.py:4807: UserWarning: No device id is provided via `init_process_group` or `barrier `. Using the current device set by the user. 
  warnings.warn(  # warn only once
[rank0]:[W816 23:54:44.602531322 ProcessGroupNCCL.cpp:5023] [PG ID 0 PG GUID 0 Rank 0]  using GPU 0 as device used by this process is currently unknown. This can potentially cause a hang if this rank to GPU mapping is incorrect. You can specify device_id in init_process_group() to force use of a particular device.
found 1 shards for split val
found 1 shards for split val
found 1 shards for split val
found 1 shards for split val
rank=1 eval=01 real=5.311060 shuffled=5.349607
rank=2 eval=02 real=5.372559 shuffled=5.418570
rank=0 eval=00 real=5.355525 shuffled=5.382549
rank=3 eval=03 real=5.334951 shuffled=5.372690
rank=1 eval=05 real=5.331594 shuffled=5.381936
rank=2 eval=06 real=5.360120 shuffled=5.392642
rank=0 eval=04 real=5.296513 shuffled=5.346509
rank=3 eval=07 real=5.279769 shuffled=5.330908
rank=1 eval=09 real=5.370203 shuffled=5.407939
rank=2 eval=10 real=5.385014 shuffled=5.428892
rank=0 eval=08 real=5.364196 shuffled=5.409221
rank=3 eval=11 real=5.472891 shuffled=5.503920
rank=1 eval=13 real=5.332167 shuffled=5.374198
rank=2 eval=14 real=5.525207 shuffled=5.548132
rank=0 eval=12 real=5.320361 shuffled=5.369560
rank=3 eval=15 real=5.379551 shuffled=5.416492
rank=1 eval=17 real=5.411263 shuffled=5.448001
rank=2 eval=18 real=5.295891 shuffled=5.327220
rank=0 eval=16 real=5.405155 shuffled=5.451530
rank=3 eval=19 real=5.322965 shuffled=5.371654
MILESTONE_10M real=5.3613477468 shuffled=5.4016084433 gap=0.0402606964 wins=20/20 continue=YES
