W0817 02:05:41.062000 3388 torch/distributed/run.py:774] 
W0817 02:05:41.062000 3388 torch/distributed/run.py:774] *****************************************
W0817 02:05:41.062000 3388 torch/distributed/run.py:774] Setting OMP_NUM_THREADS environment variable for each process to be 1 in default, to avoid your system being overloaded, please further tune the variable for optimal performance in your application as needed. 
W0817 02:05:41.062000 3388 torch/distributed/run.py:774] *****************************************
found 1 shards for split val
found 1 shards for split val
found 1 shards for split val
found 1 shards for split val
/usr/local/lib/python3.12/dist-packages/torch/distributed/distributed_c10d.py:4807: UserWarning: No device id is provided via `init_process_group` or `barrier `. Using the current device set by the user. 
  warnings.warn(  # warn only once
[rank1]:[W817 02:05:46.796291474 ProcessGroupNCCL.cpp:5023] [PG ID 0 PG GUID 0 Rank 1]  using GPU 1 as device used by this process is currently unknown. This can potentially cause a hang if this rank to GPU mapping is incorrect. You can specify device_id in init_process_group() to force use of a particular device.
/usr/local/lib/python3.12/dist-packages/torch/distributed/distributed_c10d.py:4807: UserWarning: No device id is provided via `init_process_group` or `barrier `. Using the current device set by the user. 
  warnings.warn(  # warn only once
[rank2]:[W817 02:05:46.855431336 ProcessGroupNCCL.cpp:5023] [PG ID 0 PG GUID 0 Rank 2]  using GPU 2 as device used by this process is currently unknown. This can potentially cause a hang if this rank to GPU mapping is incorrect. You can specify device_id in init_process_group() to force use of a particular device.
/usr/local/lib/python3.12/dist-packages/torch/distributed/distributed_c10d.py:4807: UserWarning: No device id is provided via `init_process_group` or `barrier `. Using the current device set by the user. 
  warnings.warn(  # warn only once
[rank3]:[W817 02:05:46.894186406 ProcessGroupNCCL.cpp:5023] [PG ID 0 PG GUID 0 Rank 3]  using GPU 3 as device used by this process is currently unknown. This can potentially cause a hang if this rank to GPU mapping is incorrect. You can specify device_id in init_process_group() to force use of a particular device.
/usr/local/lib/python3.12/dist-packages/torch/distributed/distributed_c10d.py:4807: UserWarning: No device id is provided via `init_process_group` or `barrier `. Using the current device set by the user. 
  warnings.warn(  # warn only once
[rank0]:[W817 02:05:47.074206784 ProcessGroupNCCL.cpp:5023] [PG ID 0 PG GUID 0 Rank 0]  using GPU 0 as device used by this process is currently unknown. This can potentially cause a hang if this rank to GPU mapping is incorrect. You can specify device_id in init_process_group() to force use of a particular device.
found 1 shards for split val
found 1 shards for split val
found 1 shards for split val
found 1 shards for split val
rank=2 eval=02 real=5.105849 shuffled=5.138568
rank=3 eval=03 real=5.062307 shuffled=5.091684
rank=0 eval=00 real=5.080451 shuffled=5.097996
rank=1 eval=01 real=5.047559 shuffled=5.070935
rank=2 eval=06 real=5.090503 shuffled=5.114973
rank=3 eval=07 real=5.024235 shuffled=5.065485
rank=0 eval=04 real=5.034637 shuffled=5.064290
rank=1 eval=05 real=5.072999 shuffled=5.109302
rank=2 eval=10 real=5.120230 shuffled=5.151164
rank=3 eval=11 real=5.224081 shuffled=5.241446
rank=0 eval=08 real=5.101919 shuffled=5.135244
rank=1 eval=09 real=5.110197 shuffled=5.135480
rank=3 eval=15 real=5.102070 shuffled=5.128791
rank=2 eval=14 real=5.253204 shuffled=5.274035
rank=0 eval=12 real=5.060535 shuffled=5.096261
rank=1 eval=13 real=5.074043 shuffled=5.104952
rank=3 eval=19 real=5.048203 shuffled=5.087726
rank=2 eval=18 real=5.016643 shuffled=5.041693
rank=0 eval=16 real=5.142296 shuffled=5.172246
rank=1 eval=17 real=5.147798 shuffled=5.177756
MILESTONE_15M real=5.0959878206 shuffled=5.1250012159 gap=0.0290133953 wins=20/20 continue=NO
