W0817 04:55:40.535000 4168 torch/distributed/run.py:774] 
W0817 04:55:40.535000 4168 torch/distributed/run.py:774] *****************************************
W0817 04:55:40.535000 4168 torch/distributed/run.py:774] Setting OMP_NUM_THREADS environment variable for each process to be 1 in default, to avoid your system being overloaded, please further tune the variable for optimal performance in your application as needed. 
W0817 04:55:40.535000 4168 torch/distributed/run.py:774] *****************************************
found 1 shards for split val
found 1 shards for split val
found 1 shards for split val
found 1 shards for split val
rank=1 ablations=01 complete
rank=0 ablations=00 complete
rank=2 ablations=02 complete
rank=3 ablations=03 complete
rank=1 ablations=05 complete
rank=0 ablations=04 complete
rank=2 ablations=06 complete
rank=3 ablations=07 complete
rank=1 ablations=09 complete
rank=0 ablations=08 complete
rank=2 ablations=10 complete
rank=3 ablations=11 complete
rank=1 ablations=13 complete
rank=0 ablations=12 complete
rank=2 ablations=14 complete
rank=3 ablations=15 complete
rank=1 ablations=17 complete
rank=0 ablations=16 complete
rank=2 ablations=18 complete
rank=3 ablations=19 complete
TERMINAL_ABLATIONS_PASS
