W0817 05:21:54.341000 4305 torch/distributed/run.py:774] 
W0817 05:21:54.341000 4305 torch/distributed/run.py:774] *****************************************
W0817 05:21:54.341000 4305 torch/distributed/run.py:774] Setting OMP_NUM_THREADS environment variable for each process to be 1 in default, to avoid your system being overloaded, please further tune the variable for optimal performance in your application as needed. 
W0817 05:21:54.341000 4305 torch/distributed/run.py:774] *****************************************
found 1 shards for split val
found 1 shards for split val
found 1 shards for split val
found 1 shards for split val
rank=0 reset=1 batch=00
rank=1 reset=1 batch=01
rank=2 reset=1 batch=02
rank=3 reset=1 batch=03
rank=0 reset=1 batch=04
rank=1 reset=1 batch=05
rank=2 reset=1 batch=06
rank=3 reset=1 batch=07
rank=0 reset=1 batch=08
rank=1 reset=1 batch=09
rank=2 reset=1 batch=10
rank=3 reset=1 batch=11
rank=0 reset=1 batch=12
rank=1 reset=1 batch=13
rank=2 reset=1 batch=14
rank=3 reset=1 batch=15
rank=0 reset=1 batch=16
rank=1 reset=1 batch=17
rank=2 reset=1 batch=18
rank=3 reset=1 batch=19
rank=0 reset=2 batch=00
rank=1 reset=2 batch=01
rank=2 reset=2 batch=02
rank=3 reset=2 batch=03
rank=0 reset=2 batch=04
rank=1 reset=2 batch=05
rank=2 reset=2 batch=06
rank=3 reset=2 batch=07
rank=0 reset=2 batch=08
rank=1 reset=2 batch=09
rank=2 reset=2 batch=10
rank=3 reset=2 batch=11
rank=0 reset=2 batch=12
rank=1 reset=2 batch=13
rank=2 reset=2 batch=14
rank=3 reset=2 batch=15
rank=0 reset=2 batch=16
rank=1 reset=2 batch=17
rank=2 reset=2 batch=18
rank=0 reset=4 batch=00
rank=1 reset=4 batch=01
rank=3 reset=2 batch=19
rank=2 reset=4 batch=02
rank=0 reset=4 batch=04
rank=1 reset=4 batch=05
rank=3 reset=4 batch=03
rank=2 reset=4 batch=06
rank=0 reset=4 batch=08
rank=1 reset=4 batch=09
rank=2 reset=4 batch=10
rank=3 reset=4 batch=07
rank=0 reset=4 batch=12
rank=1 reset=4 batch=13
rank=2 reset=4 batch=14
rank=3 reset=4 batch=11
rank=0 reset=4 batch=16
rank=1 reset=4 batch=17
rank=2 reset=4 batch=18
rank=3 reset=4 batch=15
rank=0 reset=8 batch=00
rank=1 reset=8 batch=01
rank=2 reset=8 batch=02
rank=3 reset=4 batch=19
rank=0 reset=8 batch=04
rank=1 reset=8 batch=05
rank=2 reset=8 batch=06
rank=3 reset=8 batch=03
rank=0 reset=8 batch=08
rank=1 reset=8 batch=09
rank=2 reset=8 batch=10
rank=3 reset=8 batch=07
rank=0 reset=8 batch=12
rank=1 reset=8 batch=13
rank=2 reset=8 batch=14
rank=3 reset=8 batch=11
rank=0 reset=8 batch=16
rank=1 reset=8 batch=17
rank=2 reset=8 batch=18
rank=0 reset=16 batch=00
rank=3 reset=8 batch=15
rank=1 reset=16 batch=01
rank=2 reset=16 batch=02
rank=0 reset=16 batch=04
rank=1 reset=16 batch=05
rank=3 reset=8 batch=19
rank=2 reset=16 batch=06
rank=0 reset=16 batch=08
rank=1 reset=16 batch=09
rank=3 reset=16 batch=03
rank=2 reset=16 batch=10
rank=0 reset=16 batch=12
rank=1 reset=16 batch=13
rank=3 reset=16 batch=07
rank=2 reset=16 batch=14
rank=0 reset=16 batch=16
rank=1 reset=16 batch=17
rank=2 reset=16 batch=18
rank=3 reset=16 batch=11
rank=0 reset=32 batch=00
rank=1 reset=32 batch=01
rank=2 reset=32 batch=02
rank=3 reset=16 batch=15
rank=0 reset=32 batch=04
rank=1 reset=32 batch=05
rank=2 reset=32 batch=06
rank=3 reset=16 batch=19
rank=0 reset=32 batch=08
rank=1 reset=32 batch=09
rank=2 reset=32 batch=10
rank=3 reset=32 batch=03
rank=0 reset=32 batch=12
rank=1 reset=32 batch=13
rank=2 reset=32 batch=14
rank=3 reset=32 batch=07
rank=0 reset=32 batch=16
rank=1 reset=32 batch=17
rank=2 reset=32 batch=18
rank=0 reset=64 batch=00
rank=3 reset=32 batch=11
rank=1 reset=64 batch=01
rank=2 reset=64 batch=02
rank=0 reset=64 batch=04
rank=3 reset=32 batch=15
rank=1 reset=64 batch=05
rank=2 reset=64 batch=06
rank=0 reset=64 batch=08
rank=1 reset=64 batch=09
rank=3 reset=32 batch=19
rank=2 reset=64 batch=10
rank=0 reset=64 batch=12
rank=1 reset=64 batch=13
rank=3 reset=64 batch=03
rank=2 reset=64 batch=14
rank=0 reset=64 batch=16
rank=1 reset=64 batch=17
rank=3 reset=64 batch=07
rank=2 reset=64 batch=18
rank=0 reset=128 batch=00
rank=1 reset=128 batch=01
rank=2 reset=128 batch=02
rank=3 reset=64 batch=11
rank=0 reset=128 batch=04
rank=1 reset=128 batch=05
rank=2 reset=128 batch=06
rank=3 reset=64 batch=15
rank=0 reset=128 batch=08
rank=1 reset=128 batch=09
rank=2 reset=128 batch=10
rank=3 reset=64 batch=19
rank=0 reset=128 batch=12
rank=1 reset=128 batch=13
rank=2 reset=128 batch=14
rank=3 reset=128 batch=03
rank=0 reset=128 batch=16
rank=1 reset=128 batch=17
rank=2 reset=128 batch=18
rank=3 reset=128 batch=07
rank=0 reset=never batch=00
rank=1 reset=never batch=01
rank=2 reset=never batch=02
rank=0 reset=never batch=04
rank=3 reset=128 batch=11
rank=1 reset=never batch=05
rank=2 reset=never batch=06
rank=0 reset=never batch=08
rank=3 reset=128 batch=15
rank=1 reset=never batch=09
rank=2 reset=never batch=10
rank=0 reset=never batch=12
rank=1 reset=never batch=13
rank=3 reset=128 batch=19
rank=2 reset=never batch=14
rank=0 reset=never batch=16
rank=1 reset=never batch=17
rank=3 reset=never batch=03
rank=2 reset=never batch=18
rank=3 reset=never batch=07
rank=3 reset=never batch=11
rank=3 reset=never batch=15
rank=3 reset=never batch=19
TERMINAL_RESET_HORIZONS_PASS
