W0817 04:30:12.086000 4031 torch/distributed/run.py:774] 
W0817 04:30:12.086000 4031 torch/distributed/run.py:774] *****************************************
W0817 04:30:12.086000 4031 torch/distributed/run.py:774] Setting OMP_NUM_THREADS environment variable for each process to be 1 in default, to avoid your system being overloaded, please further tune the variable for optimal performance in your application as needed. 
W0817 04:30:12.086000 4031 torch/distributed/run.py:774] *****************************************
found 1 shards for split val
found 1 shards for split val
found 1 shards for split val
found 1 shards for split val
rank=3 terminal-control=03 bypass=5.687916 teacher=5.198412
rank=1 terminal-control=01 bypass=5.649392 teacher=5.153916
rank=2 terminal-control=02 bypass=5.722430 teacher=5.259052
rank=0 terminal-control=00 bypass=5.701797 teacher=5.194508
rank=3 terminal-control=07 bypass=5.603373 teacher=5.151647
rank=1 terminal-control=05 bypass=5.666422 teacher=5.198356
rank=2 terminal-control=06 bypass=5.695888 teacher=5.188650
rank=0 terminal-control=04 bypass=5.633724 teacher=5.149108
rank=3 terminal-control=11 bypass=5.788900 teacher=5.338748
rank=1 terminal-control=09 bypass=5.702413 teacher=5.224508
rank=2 terminal-control=10 bypass=5.726947 teacher=5.240020
rank=0 terminal-control=08 bypass=5.704239 teacher=5.233011
rank=3 terminal-control=15 bypass=5.731629 teacher=5.215302
rank=2 terminal-control=14 bypass=5.873197 teacher=5.368243
rank=1 terminal-control=13 bypass=5.660856 teacher=5.206570
rank=0 terminal-control=12 bypass=5.652751 teacher=5.171241
rank=3 terminal-control=19 bypass=5.674411 teacher=5.174259
rank=2 terminal-control=18 bypass=5.664917 teacher=5.148563
rank=1 terminal-control=17 bypass=5.743876 teacher=5.256510
rank=0 terminal-control=16 bypass=5.741098 teacher=5.270170
TERMINAL_CONTROLS_PASS teacher=5.2170396566
