W0816 21:42:11.391000 2800 torch/distributed/run.py:774] 
W0816 21:42:11.391000 2800 torch/distributed/run.py:774] *****************************************
W0816 21:42:11.391000 2800 torch/distributed/run.py:774] Setting OMP_NUM_THREADS environment variable for each process to be 1 in default, to avoid your system being overloaded, please further tune the variable for optimal performance in your application as needed. 
W0816 21:42:11.391000 2800 torch/distributed/run.py:774] *****************************************
RESULT_UPDATE_PASS update=11 loss=5.580327 grad=0.674502 wall=797.6s tok/s=657
RESULT_UPDATE_PASS update=12 loss=5.564439 grad=0.717113 wall=782.3s tok/s=670
RESULT_UPDATE_PASS update=13 loss=5.581472 grad=0.756989 wall=797.2s tok/s=658
RESULT_UPDATE_PASS update=14 loss=5.510519 grad=0.804219 wall=788.1s tok/s=665
RESULT_UPDATE_PASS update=15 loss=5.468655 grad=0.826580 wall=783.8s tok/s=669
RESULT_UPDATE_PASS update=16 loss=5.479677 grad=0.881002 wall=783.1s tok/s=670
RESULT_UPDATE_PASS update=17 loss=5.466689 grad=0.926988 wall=788.9s tok/s=665
RESULT_UPDATE_PASS update=18 loss=5.427435 grad=0.919389 wall=790.7s tok/s=663
RESULT_UPDATE_PASS update=19 loss=5.410480 grad=0.964621 wall=798.9s tok/s=656
RESULT_UPDATE_PASS update=20 loss=5.360744 grad=1.015926 wall=793.6s tok/s=661
/usr/local/lib/python3.12/dist-packages/torch/distributed/distributed_c10d.py:4807: UserWarning: No device id is provided via `init_process_group` or `barrier `. Using the current device set by the user. 
  warnings.warn(  # warn only once
/usr/local/lib/python3.12/dist-packages/torch/distributed/distributed_c10d.py:4807: UserWarning: No device id is provided via `init_process_group` or `barrier `. Using the current device set by the user. 
  warnings.warn(  # warn only once
/usr/local/lib/python3.12/dist-packages/torch/distributed/distributed_c10d.py:4807: UserWarning: No device id is provided via `init_process_group` or `barrier `. Using the current device set by the user. 
  warnings.warn(  # warn only once
CHECKPOINT_PASS update=20 sha256=de5e04f817dcfa5dd8a4dcc6e503ec86d8545d558d837b517c7259917218dff3 next=ddbb966eff17ddabd102ce4706ccace0e23973f98803478b392b8c4e5f9d32f3
/usr/local/lib/python3.12/dist-packages/torch/distributed/distributed_c10d.py:4807: UserWarning: No device id is provided via `init_process_group` or `barrier `. Using the current device set by the user. 
  warnings.warn(  # warn only once
