W0817 00:08:28.893000 3202 torch/distributed/run.py:774] 
W0817 00:08:28.893000 3202 torch/distributed/run.py:774] *****************************************
W0817 00:08:28.893000 3202 torch/distributed/run.py:774] Setting OMP_NUM_THREADS environment variable for each process to be 1 in default, to avoid your system being overloaded, please further tune the variable for optimal performance in your application as needed. 
W0817 00:08:28.893000 3202 torch/distributed/run.py:774] *****************************************
RESULT_UPDATE_PASS update=21 loss=5.350131 grad=1.022978 wall=784.4s tok/s=668
RESULT_UPDATE_PASS update=22 loss=5.311467 grad=1.018515 wall=788.7s tok/s=665
RESULT_UPDATE_PASS update=23 loss=5.241004 grad=1.087194 wall=784.1s tok/s=669
RESULT_UPDATE_PASS update=24 loss=5.210368 grad=1.097964 wall=779.2s tok/s=673
RESULT_UPDATE_PASS update=25 loss=5.212396 grad=1.130095 wall=776.6s tok/s=675
RESULT_UPDATE_PASS update=26 loss=5.139976 grad=1.114162 wall=769.6s tok/s=681
RESULT_UPDATE_PASS update=27 loss=5.122852 grad=1.151712 wall=768.1s tok/s=683
RESULT_UPDATE_PASS update=28 loss=5.125961 grad=1.113864 wall=771.0s tok/s=680
RESULT_UPDATE_PASS update=29 loss=5.049456 grad=1.116913 wall=773.5s tok/s=678
/usr/local/lib/python3.12/dist-packages/torch/distributed/distributed_c10d.py:4807: UserWarning: No device id is provided via `init_process_group` or `barrier `. Using the current device set by the user. 
  warnings.warn(  # warn only once
/usr/local/lib/python3.12/dist-packages/torch/distributed/distributed_c10d.py:4807: UserWarning: No device id is provided via `init_process_group` or `barrier `. Using the current device set by the user. 
  warnings.warn(  # warn only once
/usr/local/lib/python3.12/dist-packages/torch/distributed/distributed_c10d.py:4807: UserWarning: No device id is provided via `init_process_group` or `barrier `. Using the current device set by the user. 
  warnings.warn(  # warn only once
CHECKPOINT_PASS update=29 sha256=86c66343141e24d0beffcf8bc98a558f25c82e1dc05582feade2300d30b2ba84 next=8b9fe2fa1c2a10ce930caff4d527c48e4f14ab0e1a6f5e4b352e42f61b8b360d
/usr/local/lib/python3.12/dist-packages/torch/distributed/distributed_c10d.py:4807: UserWarning: No device id is provided via `init_process_group` or `barrier `. Using the current device set by the user. 
  warnings.warn(  # warn only once
