W0817 02:18:47.381000 3622 torch/distributed/run.py:774] 
W0817 02:18:47.381000 3622 torch/distributed/run.py:774] *****************************************
W0817 02:18:47.381000 3622 torch/distributed/run.py:774] Setting OMP_NUM_THREADS environment variable for each process to be 1 in default, to avoid your system being overloaded, please further tune the variable for optimal performance in your application as needed. 
W0817 02:18:47.381000 3622 torch/distributed/run.py:774] *****************************************
RESULT_UPDATE_PASS update=30 loss=5.077572 grad=1.103845 wall=788.7s tok/s=665
RESULT_UPDATE_PASS update=31 loss=4.987649 grad=1.112890 wall=780.4s tok/s=672
RESULT_UPDATE_PASS update=32 loss=4.945787 grad=1.108717 wall=783.5s tok/s=669
RESULT_UPDATE_PASS update=33 loss=4.885243 grad=1.089368 wall=780.4s tok/s=672
RESULT_UPDATE_PASS update=34 loss=4.861076 grad=1.099689 wall=793.6s tok/s=661
RESULT_UPDATE_PASS update=35 loss=4.844809 grad=1.090041 wall=783.4s tok/s=669
RESULT_UPDATE_PASS update=36 loss=4.846789 grad=1.112629 wall=781.8s tok/s=671
RESULT_UPDATE_PASS update=37 loss=4.736771 grad=1.134769 wall=784.0s tok/s=669
RESULT_UPDATE_PASS update=38 loss=4.695648 grad=1.134452 wall=790.0s tok/s=664
/usr/local/lib/python3.12/dist-packages/torch/distributed/distributed_c10d.py:4807: UserWarning: No device id is provided via `init_process_group` or `barrier `. Using the current device set by the user. 
  warnings.warn(  # warn only once
/usr/local/lib/python3.12/dist-packages/torch/distributed/distributed_c10d.py:4807: UserWarning: No device id is provided via `init_process_group` or `barrier `. Using the current device set by the user. 
  warnings.warn(  # warn only once
/usr/local/lib/python3.12/dist-packages/torch/distributed/distributed_c10d.py:4807: UserWarning: No device id is provided via `init_process_group` or `barrier `. Using the current device set by the user. 
  warnings.warn(  # warn only once
CHECKPOINT_PASS update=38 sha256=d65ff192e037862008d85253a215d3112922c9c8365a576671462f3eaf56a838 next=7f6d8da5044e9f485492712373fda12d09eb4ccec60ab8fdee812519d05869a7
/usr/local/lib/python3.12/dist-packages/torch/distributed/distributed_c10d.py:4807: UserWarning: No device id is provided via `init_process_group` or `barrier `. Using the current device set by the user. 
  warnings.warn(  # warn only once
