num decayed parameter tensors: 50, with 124,354,560 parameters
num non-decayed parameter tensors: 148, with 159,744 parameters
using fused AdamW: True
found 99 shards for split train
found 1 shards for split val
step    0 | tokens 524,288 | loss 10.944196 | 20898.4 tok/s
HellaSwag progress: 500 examples
HellaSwag progress: 1000 examples
HellaSwag progress: 1500 examples
HellaSwag progress: 2000 examples
HellaSwag progress: 2500 examples
HellaSwag progress: 3000 examples
HellaSwag progress: 3500 examples
HellaSwag progress: 4000 examples
HellaSwag progress: 4500 examples
HellaSwag progress: 5000 examples
HellaSwag progress: 5500 examples
HellaSwag progress: 6000 examples
HellaSwag progress: 6500 examples
HellaSwag progress: 7000 examples
HellaSwag progress: 7500 examples
HellaSwag progress: 8000 examples
HellaSwag progress: 8500 examples
HellaSwag progress: 9000 examples
HellaSwag progress: 9500 examples
HellaSwag progress: 10000 examples
evaluation step 0 | tokens 524,288 | val 10.892006 | HellaSwag 0.246465 (2475/10042)
step    1 | tokens 1,048,576 | loss 10.894233 | 21222.8 tok/s
step    2 | tokens 1,572,864 | loss 10.799821 | 21281.3 tok/s
step    3 | tokens 2,097,152 | loss 10.663536 | 21265.1 tok/s
step    4 | tokens 2,621,440 | loss 10.524559 | 21259.9 tok/s
step    5 | tokens 3,145,728 | loss 10.385532 | 21241.8 tok/s
step    6 | tokens 3,670,016 | loss 10.267178 | 21261.3 tok/s
step    7 | tokens 4,194,304 | loss 10.157243 | 21254.9 tok/s
step    8 | tokens 4,718,592 | loss 10.046510 | 21258.5 tok/s
step    9 | tokens 5,242,880 | loss 9.971880 | 21265.4 tok/s
step   10 | tokens 5,767,168 | loss 9.886318 | 21207.0 tok/s
step   11 | tokens 6,291,456 | loss 9.838448 | 21189.3 tok/s
step   12 | tokens 6,815,744 | loss 9.791614 | 21220.9 tok/s
step   13 | tokens 7,340,032 | loss 9.753919 | 21273.9 tok/s
step   14 | tokens 7,864,320 | loss 9.694476 | 21269.1 tok/s
step   15 | tokens 8,388,608 | loss 9.672467 | 21264.7 tok/s
step   16 | tokens 8,912,896 | loss 9.657187 | 21282.2 tok/s
step   17 | tokens 9,437,184 | loss 9.635325 | 21280.5 tok/s
step   18 | tokens 9,961,472 | loss 9.684486 | 21247.1 tok/s
step   19 | tokens 10,485,760 | loss 9.675670 | 21291.7 tok/s
HellaSwag progress: 500 examples
HellaSwag progress: 1000 examples
HellaSwag progress: 1500 examples
HellaSwag progress: 2000 examples
HellaSwag progress: 2500 examples
HellaSwag progress: 3000 examples
HellaSwag progress: 3500 examples
HellaSwag progress: 4000 examples
HellaSwag progress: 4500 examples
HellaSwag progress: 5000 examples
HellaSwag progress: 5500 examples
HellaSwag progress: 6000 examples
HellaSwag progress: 6500 examples
HellaSwag progress: 7000 examples
HellaSwag progress: 7500 examples
HellaSwag progress: 8000 examples
HellaSwag progress: 8500 examples
HellaSwag progress: 9000 examples
HellaSwag progress: 9500 examples
HellaSwag progress: 10000 examples
evaluation step 19 | tokens 10,485,760 | val 9.549112 | HellaSwag 0.255128 (2562/10042)
step   20 | tokens 11,010,048 | loss 9.579818 | 21279.2 tok/s
step   21 | tokens 11,534,336 | loss 9.547221 | 21279.3 tok/s
step   22 | tokens 12,058,624 | loss 9.532927 | 21273.5 tok/s
step   23 | tokens 12,582,912 | loss 9.522453 | 21278.5 tok/s
step   24 | tokens 13,107,200 | loss 9.457532 | 21272.9 tok/s
step   25 | tokens 13,631,488 | loss 9.425578 | 21283.3 tok/s
step   26 | tokens 14,155,776 | loss 9.406562 | 21247.8 tok/s
step   27 | tokens 14,680,064 | loss 9.360937 | 21281.6 tok/s
step   28 | tokens 15,204,352 | loss 9.334831 | 21283.1 tok/s
step   29 | tokens 15,728,640 | loss 9.287020 | 21282.7 tok/s
step   30 | tokens 16,252,928 | loss 9.323010 | 21283.9 tok/s
step   31 | tokens 16,777,216 | loss 9.244882 | 21279.1 tok/s
step   32 | tokens 17,301,504 | loss 9.224032 | 21275.4 tok/s
step   33 | tokens 17,825,792 | loss 9.179791 | 21276.8 tok/s
step   34 | tokens 18,350,080 | loss 9.079985 | 21272.8 tok/s
step   35 | tokens 18,874,368 | loss 9.090665 | 21274.1 tok/s
step   36 | tokens 19,398,656 | loss 9.057355 | 21216.4 tok/s
step   37 | tokens 19,922,944 | loss 8.982204 | 21216.1 tok/s
step   38 | tokens 20,447,232 | loss 8.957661 | 21140.5 tok/s
step   39 | tokens 20,971,520 | loss 8.933557 | 21227.3 tok/s
step   40 | tokens 21,495,808 | loss 8.899035 | 21186.1 tok/s
step   41 | tokens 22,020,096 | loss 8.825101 | 21237.9 tok/s
step   42 | tokens 22,544,384 | loss 8.774847 | 21152.9 tok/s
step   43 | tokens 23,068,672 | loss 8.785925 | 21170.5 tok/s
step   44 | tokens 23,592,960 | loss 8.735790 | 21256.3 tok/s
step   45 | tokens 24,117,248 | loss 8.721966 | 21277.8 tok/s
step   46 | tokens 24,641,536 | loss 8.666563 | 21275.0 tok/s
step   47 | tokens 25,165,824 | loss 8.673572 | 21274.3 tok/s
step   48 | tokens 25,690,112 | loss 8.663936 | 21276.6 tok/s
HellaSwag progress: 500 examples
HellaSwag progress: 1000 examples
HellaSwag progress: 1500 examples
HellaSwag progress: 2000 examples
HellaSwag progress: 2500 examples
HellaSwag progress: 3000 examples
HellaSwag progress: 3500 examples
HellaSwag progress: 4000 examples
HellaSwag progress: 4500 examples
HellaSwag progress: 5000 examples
HellaSwag progress: 5500 examples
HellaSwag progress: 6000 examples
HellaSwag progress: 6500 examples
HellaSwag progress: 7000 examples
HellaSwag progress: 7500 examples
HellaSwag progress: 8000 examples
HellaSwag progress: 8500 examples
HellaSwag progress: 9000 examples
HellaSwag progress: 9500 examples
HellaSwag progress: 10000 examples
evaluation step 48 | tokens 25,690,112 | val 8.605434 | HellaSwag 0.248257 (2493/10042)
step   49 | tokens 26,214,400 | loss 8.581042 | 21243.5 tok/s
step   50 | tokens 26,738,688 | loss 8.586535 | 21266.4 tok/s
step   51 | tokens 27,262,976 | loss 8.547796 | 21262.5 tok/s
step   52 | tokens 27,787,264 | loss 8.503068 | 21288.8 tok/s
step   53 | tokens 28,311,552 | loss 8.451118 | 21270.7 tok/s
step   54 | tokens 28,835,840 | loss 8.457207 | 21281.4 tok/s
step   55 | tokens 29,360,128 | loss 8.423744 | 21283.7 tok/s
step   56 | tokens 29,884,416 | loss 8.374121 | 21243.1 tok/s
step   57 | tokens 30,408,704 | loss 8.356568 | 21289.0 tok/s
step   58 | tokens 30,932,992 | loss 8.279181 | 21291.0 tok/s
step   59 | tokens 31,457,280 | loss 8.243029 | 21275.2 tok/s
step   60 | tokens 31,981,568 | loss 8.228413 | 21289.9 tok/s
step   61 | tokens 32,505,856 | loss 8.228576 | 21268.7 tok/s
step   62 | tokens 33,030,144 | loss 8.128485 | 21290.0 tok/s
step   63 | tokens 33,554,432 | loss 8.088262 | 21282.7 tok/s
step   64 | tokens 34,078,720 | loss 8.058992 | 21273.6 tok/s
step   65 | tokens 34,603,008 | loss 8.050388 | 21259.4 tok/s
step   66 | tokens 35,127,296 | loss 7.988148 | 21163.8 tok/s
step   67 | tokens 35,651,584 | loss 7.985103 | 21263.2 tok/s
step   68 | tokens 36,175,872 | loss 7.948145 | 21267.1 tok/s
step   69 | tokens 36,700,160 | loss 7.856438 | 21249.1 tok/s
step   70 | tokens 37,224,448 | loss 7.811762 | 21275.7 tok/s
step   71 | tokens 37,748,736 | loss 7.824317 | 21271.8 tok/s
step   72 | tokens 38,273,024 | loss 7.757308 | 21274.6 tok/s
step   73 | tokens 38,797,312 | loss 7.728521 | 21274.2 tok/s
step   74 | tokens 39,321,600 | loss 7.667816 | 21271.5 tok/s
step   75 | tokens 39,845,888 | loss 7.687205 | 21270.8 tok/s
step   76 | tokens 40,370,176 | loss 7.611666 | 21276.8 tok/s
step   77 | tokens 40,894,464 | loss 7.628698 | 21266.8 tok/s
step   78 | tokens 41,418,752 | loss 7.584368 | 21266.8 tok/s
step   79 | tokens 41,943,040 | loss 7.525777 | 21268.1 tok/s
step   80 | tokens 42,467,328 | loss 7.500549 | 21266.9 tok/s
step   81 | tokens 42,991,616 | loss 7.502734 | 21272.8 tok/s
step   82 | tokens 43,515,904 | loss 7.438062 | 21268.6 tok/s
step   83 | tokens 44,040,192 | loss 7.384045 | 21272.5 tok/s
step   84 | tokens 44,564,480 | loss 7.380173 | 21266.9 tok/s
step   85 | tokens 45,088,768 | loss 7.337202 | 21272.7 tok/s
step   86 | tokens 45,613,056 | loss 7.320125 | 21270.7 tok/s
step   87 | tokens 46,137,344 | loss 7.327576 | 21268.2 tok/s
step   88 | tokens 46,661,632 | loss 7.298664 | 21268.4 tok/s
step   89 | tokens 47,185,920 | loss 7.333130 | 21266.1 tok/s
step   90 | tokens 47,710,208 | loss 7.248789 | 21271.1 tok/s
step   91 | tokens 48,234,496 | loss 7.233104 | 21268.4 tok/s
step   92 | tokens 48,758,784 | loss 7.260110 | 21271.7 tok/s
step   93 | tokens 49,283,072 | loss 7.320421 | 21273.5 tok/s
step   94 | tokens 49,807,360 | loss 7.322965 | 21262.4 tok/s
step   95 | tokens 50,331,648 | loss 7.305002 | 21092.8 tok/s
HellaSwag progress: 500 examples
HellaSwag progress: 1000 examples
HellaSwag progress: 1500 examples
HellaSwag progress: 2000 examples
HellaSwag progress: 2500 examples
HellaSwag progress: 3000 examples
HellaSwag progress: 3500 examples
HellaSwag progress: 4000 examples
HellaSwag progress: 4500 examples
HellaSwag progress: 5000 examples
HellaSwag progress: 5500 examples
HellaSwag progress: 6000 examples
HellaSwag progress: 6500 examples
HellaSwag progress: 7000 examples
HellaSwag progress: 7500 examples
HellaSwag progress: 8000 examples
HellaSwag progress: 8500 examples
HellaSwag progress: 9000 examples
HellaSwag progress: 9500 examples
HellaSwag progress: 10000 examples
evaluation step 95 | tokens 50,331,648 | val 7.254308 | HellaSwag 0.247162 (2482/10042)
step   96 | tokens 50,855,936 | loss 7.262324 | 21251.1 tok/s
step   97 | tokens 51,380,224 | loss 7.213976 | 21269.6 tok/s
step   98 | tokens 51,904,512 | loss 7.245231 | 21266.6 tok/s
step   99 | tokens 52,428,800 | loss 7.185944 | 21270.2 tok/s
step  100 | tokens 52,953,088 | loss 7.241860 | 21270.3 tok/s
step  101 | tokens 53,477,376 | loss 7.154577 | 21251.2 tok/s
step  102 | tokens 54,001,664 | loss 7.145931 | 21250.9 tok/s
step  103 | tokens 54,525,952 | loss 7.030234 | 21261.0 tok/s
step  104 | tokens 55,050,240 | loss 7.117680 | 21260.4 tok/s
step  105 | tokens 55,574,528 | loss 7.122635 | 21255.9 tok/s
step  106 | tokens 56,098,816 | loss 7.078650 | 21267.2 tok/s
step  107 | tokens 56,623,104 | loss 7.014975 | 21255.5 tok/s
step  108 | tokens 57,147,392 | loss 7.079071 | 21259.0 tok/s
step  109 | tokens 57,671,680 | loss 7.093122 | 21269.2 tok/s
step  110 | tokens 58,195,968 | loss 7.021678 | 21269.2 tok/s
step  111 | tokens 58,720,256 | loss 6.996140 | 21251.8 tok/s
step  112 | tokens 59,244,544 | loss 6.964702 | 21267.4 tok/s
step  113 | tokens 59,768,832 | loss 7.019606 | 21245.5 tok/s
step  114 | tokens 60,293,120 | loss 7.017745 | 21237.9 tok/s
step  115 | tokens 60,817,408 | loss 6.979418 | 21266.4 tok/s
step  116 | tokens 61,341,696 | loss 6.900970 | 21271.4 tok/s
step  117 | tokens 61,865,984 | loss 6.824664 | 21269.2 tok/s
step  118 | tokens 62,390,272 | loss 6.846768 | 21271.7 tok/s
step  119 | tokens 62,914,560 | loss 6.892722 | 21259.6 tok/s
step  120 | tokens 63,438,848 | loss 6.847136 | 21265.7 tok/s
step  121 | tokens 63,963,136 | loss 6.829489 | 21269.8 tok/s
step  122 | tokens 64,487,424 | loss 6.814251 | 21260.2 tok/s
step  123 | tokens 65,011,712 | loss 6.803361 | 21263.7 tok/s
step  124 | tokens 65,536,000 | loss 6.823389 | 21258.6 tok/s
step  125 | tokens 66,060,288 | loss 6.807501 | 21269.0 tok/s
step  126 | tokens 66,584,576 | loss 6.807210 | 21269.0 tok/s
step  127 | tokens 67,108,864 | loss 6.752200 | 21268.6 tok/s
step  128 | tokens 67,633,152 | loss 6.717465 | 21263.3 tok/s
step  129 | tokens 68,157,440 | loss 6.700705 | 21264.6 tok/s
step  130 | tokens 68,681,728 | loss 6.761162 | 21257.9 tok/s
step  131 | tokens 69,206,016 | loss 6.722879 | 21263.2 tok/s
step  132 | tokens 69,730,304 | loss 6.723160 | 21261.3 tok/s
step  133 | tokens 70,254,592 | loss 6.625455 | 21262.4 tok/s
step  134 | tokens 70,778,880 | loss 6.618149 | 21263.4 tok/s
step  135 | tokens 71,303,168 | loss 6.694692 | 21271.5 tok/s
step  136 | tokens 71,827,456 | loss 6.667191 | 21268.6 tok/s
step  137 | tokens 72,351,744 | loss 6.686787 | 21266.3 tok/s
step  138 | tokens 72,876,032 | loss 6.605965 | 21268.3 tok/s
step  139 | tokens 73,400,320 | loss 6.704062 | 21265.5 tok/s
step  140 | tokens 73,924,608 | loss 6.814879 | 21269.4 tok/s
step  141 | tokens 74,448,896 | loss 6.703061 | 21268.0 tok/s
step  142 | tokens 74,973,184 | loss 6.758575 | 21267.4 tok/s
step  143 | tokens 75,497,472 | loss 6.687866 | 21270.3 tok/s
HellaSwag progress: 500 examples
HellaSwag progress: 1000 examples
HellaSwag progress: 1500 examples
HellaSwag progress: 2000 examples
HellaSwag progress: 2500 examples
HellaSwag progress: 3000 examples
HellaSwag progress: 3500 examples
HellaSwag progress: 4000 examples
HellaSwag progress: 4500 examples
HellaSwag progress: 5000 examples
HellaSwag progress: 5500 examples
HellaSwag progress: 6000 examples
HellaSwag progress: 6500 examples
HellaSwag progress: 7000 examples
HellaSwag progress: 7500 examples
HellaSwag progress: 8000 examples
HellaSwag progress: 8500 examples
HellaSwag progress: 9000 examples
HellaSwag progress: 9500 examples
HellaSwag progress: 10000 examples
evaluation step 143 | tokens 75,497,472 | val 6.704704 | HellaSwag 0.244473 (2455/10042)
step  144 | tokens 76,021,760 | loss 6.691242 | 21228.7 tok/s
step  145 | tokens 76,546,048 | loss 6.687671 | 21253.8 tok/s
step  146 | tokens 77,070,336 | loss 6.689416 | 21263.5 tok/s
step  147 | tokens 77,594,624 | loss 6.689246 | 21254.1 tok/s
step  148 | tokens 78,118,912 | loss 6.682561 | 21264.7 tok/s
step  149 | tokens 78,643,200 | loss 6.673385 | 21266.4 tok/s
step  150 | tokens 79,167,488 | loss 6.663671 | 21269.9 tok/s
step  151 | tokens 79,691,776 | loss 6.570703 | 21265.4 tok/s
step  152 | tokens 80,216,064 | loss 6.601871 | 21253.6 tok/s
step  153 | tokens 80,740,352 | loss 6.673716 | 21263.9 tok/s
step  154 | tokens 81,264,640 | loss 6.570973 | 21263.1 tok/s
step  155 | tokens 81,788,928 | loss 6.548775 | 21266.6 tok/s
step  156 | tokens 82,313,216 | loss 6.611555 | 21242.3 tok/s
step  157 | tokens 82,837,504 | loss 6.655036 | 21266.7 tok/s
step  158 | tokens 83,361,792 | loss 6.646672 | 21265.8 tok/s
step  159 | tokens 83,886,080 | loss 6.562394 | 21266.5 tok/s
step  160 | tokens 84,410,368 | loss 6.501771 | 21266.5 tok/s
step  161 | tokens 84,934,656 | loss 6.590170 | 21270.1 tok/s
step  162 | tokens 85,458,944 | loss 6.483511 | 21242.2 tok/s
step  163 | tokens 85,983,232 | loss 6.440769 | 21243.9 tok/s
step  164 | tokens 86,507,520 | loss 6.481604 | 21264.8 tok/s
step  165 | tokens 87,031,808 | loss 6.506689 | 21261.7 tok/s
step  166 | tokens 87,556,096 | loss 6.356448 | 21263.1 tok/s
step  167 | tokens 88,080,384 | loss 6.455305 | 21257.3 tok/s
step  168 | tokens 88,604,672 | loss 6.428347 | 21255.9 tok/s
step  169 | tokens 89,128,960 | loss 6.453219 | 21240.4 tok/s
step  170 | tokens 89,653,248 | loss 6.420430 | 21264.9 tok/s
step  171 | tokens 90,177,536 | loss 6.451064 | 21267.5 tok/s
step  172 | tokens 90,701,824 | loss 6.435147 | 21264.9 tok/s
step  173 | tokens 91,226,112 | loss 6.380576 | 21252.3 tok/s
step  174 | tokens 91,750,400 | loss 6.353851 | 21260.6 tok/s
step  175 | tokens 92,274,688 | loss 6.424058 | 21268.2 tok/s
step  176 | tokens 92,798,976 | loss 6.362418 | 21267.1 tok/s
step  177 | tokens 93,323,264 | loss 6.396693 | 21256.4 tok/s
step  178 | tokens 93,847,552 | loss 6.338515 | 21260.2 tok/s
step  179 | tokens 94,371,840 | loss 6.317088 | 21251.9 tok/s
step  180 | tokens 94,896,128 | loss 6.310402 | 21257.5 tok/s
step  181 | tokens 95,420,416 | loss 6.341271 | 21260.7 tok/s
step  182 | tokens 95,944,704 | loss 6.333876 | 21265.7 tok/s
step  183 | tokens 96,468,992 | loss 6.325843 | 21266.9 tok/s
step  184 | tokens 96,993,280 | loss 6.348772 | 21276.3 tok/s
step  185 | tokens 97,517,568 | loss 6.400425 | 21282.6 tok/s
step  186 | tokens 98,041,856 | loss 6.419631 | 21280.8 tok/s
step  187 | tokens 98,566,144 | loss 6.488558 | 21278.0 tok/s
step  188 | tokens 99,090,432 | loss 6.431847 | 21278.4 tok/s
step  189 | tokens 99,614,720 | loss 6.404330 | 21261.9 tok/s
step  190 | tokens 100,139,008 | loss 6.456120 | 20905.3 tok/s
HellaSwag progress: 500 examples
HellaSwag progress: 1000 examples
HellaSwag progress: 1500 examples
HellaSwag progress: 2000 examples
HellaSwag progress: 2500 examples
HellaSwag progress: 3000 examples
HellaSwag progress: 3500 examples
HellaSwag progress: 4000 examples
HellaSwag progress: 4500 examples
HellaSwag progress: 5000 examples
HellaSwag progress: 5500 examples
HellaSwag progress: 6000 examples
HellaSwag progress: 6500 examples
HellaSwag progress: 7000 examples
HellaSwag progress: 7500 examples
HellaSwag progress: 8000 examples
HellaSwag progress: 8500 examples
HellaSwag progress: 9000 examples
HellaSwag progress: 9500 examples
HellaSwag progress: 10000 examples
evaluation step 190 | tokens 100,139,008 | val 6.412367 | HellaSwag 0.244174 (2452/10042)
{
  "evaluations": [
    {
      "hellaswag": {
        "accuracy_norm": 0.24646484763991236,
        "correct_norm": 2475,
        "examples": 10042
      },
      "routing_parameters": {
        "maximum_query_norm": 2.3254766347236e-05,
        "maximum_rmsnorm_abs_displacement": 0.0,
        "maximum_rmsnorm_l2_displacement": 0.0,
        "median_query_norm": 2.3250597223523073e-05,
        "median_rmsnorm_l2_displacement": 0.0,
        "query_norms": [
          0.0,
          2.3250146114150994e-05,
          2.324602428416256e-05,
          2.3250109734362923e-05,
          2.3251690436154604e-05,
          2.3253363906405866e-05,
          2.32529200729914e-05,
          2.3251799575518817e-05,
          2.3248390789376572e-05,
          2.325205241504591e-05,
          2.324863635294605e-05,
          2.3252461687661707e-05,
          2.324967317690607e-05,
          2.3253183826454915e-05,
          2.324508022866212e-05,
          2.325077548448462e-05,
          2.3249203877639957e-05,
          2.325168316019699e-05,
          2.3250597223523073e-05,
          2.3249996957019903e-05,
          2.3251966922543943e-05,
          2.3249802325153723e-05,
          2.324381421203725e-05,
          2.3252598111866973e-05,
          2.3254766347236e-05
        ],
        "rmsnorm_l2_displacements": [
          0.0,
          0.0,
          0.0,
          0.0,
          0.0,
          0.0,
          0.0,
          0.0,
          0.0,
          0.0,
          0.0,
          0.0,
          0.0,
          0.0,
          0.0,
          0.0,
          0.0,
          0.0,
          0.0,
          0.0,
          0.0,
          0.0,
          0.0,
          0.0,
          0.0
        ],
        "rmsnorm_max_abs_displacements": [
          0.0,
          0.0,
          0.0,
          0.0,
          0.0,
          0.0,
          0.0,
          0.0,
          0.0,
          0.0,
          0.0,
          0.0,
          0.0,
          0.0,
          0.0,
          0.0,
          0.0,
          0.0,
          0.0,
          0.0,
          0.0,
          0.0,
          0.0,
          0.0,
          0.0
        ]
      },
      "step": 0,
      "target_tokens": 524288,
      "tokens": 524288,
      "validation_loss": 10.892006254196167,
      "wall_clock_seconds": 728.5233261287212
    },
    {
      "hellaswag": {
        "accuracy_norm": 0.2551284604660426,
        "correct_norm": 2562,
        "examples": 10042
      },
      "routing_parameters": {
        "maximum_query_norm": 0.0034057055599987507,
        "maximum_rmsnorm_abs_displacement": 0.00015175342559814453,
        "maximum_rmsnorm_l2_displacement": 0.0026227638591080904,
        "median_query_norm": 0.0027295949403196573,
        "median_rmsnorm_l2_displacement": 0.0011772371362894773,
        "query_norms": [
          0.0,
          0.002610486466437578,
          0.002210100181400776,
          0.002250555669888854,
          0.002073560142889619,
          0.0026542418636381626,
          0.001915067434310913,
          0.002954125637188554,
          0.0027278135530650616,
          0.0028260217513889074,
          0.0023375318851321936,
          0.0024095571134239435,
          0.002576598897576332,
          0.0027295949403196573,
          0.002859684871509671,
          0.002705932594835758,
          0.0029913857579231262,
          0.002730816602706909,
          0.003059810260310769,
          0.002896559424698353,
          0.0032921484671533108,
          0.002993272617459297,
          0.0030513626988977194,
          0.0028204121626913548,
          0.0034057055599987507
        ],
        "rmsnorm_l2_displacements": [
          0.0,
          0.001285921665839851,
          0.00041977170621976256,
          0.0008473801426589489,
          0.0005301402998156846,
          0.0013656403170898557,
          0.000453750544693321,
          0.0012499593431130052,
          0.0007714263629168272,
          0.0012139866594225168,
          0.0006662806263193488,
          0.0008106426685117185,
          0.0008242820622399449,
          0.0010811812244355679,
          0.0010436907177791,
          0.0011772371362894773,
          0.001208299188874662,
          0.0011883742408826947,
          0.0012515929993242025,
          0.0012503626057878137,
          0.0014525505248457193,
          0.0013214480131864548,
          0.0011716453591361642,
          0.0012174034491181374,
          0.0026227638591080904
        ],
        "rmsnorm_max_abs_displacements": [
          0.0,
          0.00011837482452392578,
          5.888938903808594e-05,
          0.00010085105895996094,
          5.561113357543945e-05,
          0.00012445449829101562,
          5.626678466796875e-05,
          0.00011515617370605469,
          7.95125961303711e-05,
          0.00011026859283447266,
          7.009506225585938e-05,
          9.5367431640625e-05,
          8.666515350341797e-05,
          0.00010991096496582031,
          9.810924530029297e-05,
          0.00010645389556884766,
          0.00010538101196289062,
          0.00011026859283447266,
          9.298324584960938e-05,
          0.0001087188720703125,
          0.0001093149185180664,
          0.00010859966278076172,
          0.00010693073272705078,
          0.00010716915130615234,
          0.00015175342559814453
        ]
      },
      "step": 19,
      "target_tokens": 10485760,
      "tokens": 10485760,
      "validation_loss": 9.549111652374268,
      "wall_clock_seconds": 1900.9255671408027
    },
    {
      "hellaswag": {
        "accuracy_norm": 0.24825731925911174,
        "correct_norm": 2493,
        "examples": 10042
      },
      "routing_parameters": {
        "maximum_query_norm": 0.015855832025408745,
        "maximum_rmsnorm_abs_displacement": 0.0009995698928833008,
        "maximum_rmsnorm_l2_displacement": 0.01265618484467268,
        "median_query_norm": 0.009913617745041847,
        "median_rmsnorm_l2_displacement": 0.0068403878249228,
        "query_norms": [
          0.0,
          0.015855832025408745,
          0.011315959505736828,
          0.013142658397555351,
          0.009302799589931965,
          0.012131812982261181,
          0.0063377306796610355,
          0.010980597697198391,
          0.0052086226642131805,
          0.011377351358532906,
          0.00395475747063756,
          0.011872509494423866,
          0.005412989761680365,
          0.01044500432908535,
          0.005637533497065306,
          0.00903563667088747,
          0.006206017453223467,
          0.009913617745041847,
          0.005814649630337954,
          0.01052155438810587,
          0.006575214676558971,
          0.012466920539736748,
          0.006390017457306385,
          0.010496621951460838,
          0.010638085193932056
        ],
        "rmsnorm_l2_displacements": [
          0.0,
          0.01265618484467268,
          0.005626507569104433,
          0.009401438757777214,
          0.005258629098534584,
          0.009436024352908134,
          0.0036114973481744528,
          0.008405091241002083,
          0.0029217645060271025,
          0.008572516031563282,
          0.0018879816634580493,
          0.008353643119335175,
          0.0025247291196137667,
          0.007804177235811949,
          0.0022786457557231188,
          0.0068403878249228,
          0.002930121961981058,
          0.007580805569887161,
          0.002538529923185706,
          0.007684978656470776,
          0.0029638241976499557,
          0.009541471488773823,
          0.0029019401408731937,
          0.007807680405676365,
          0.010969169437885284
        ],
        "rmsnorm_max_abs_displacements": [
          0.0,
          0.0009621381759643555,
          0.0005676746368408203,
          0.0007973909378051758,
          0.0005451440811157227,
          0.0009016990661621094,
          0.00047385692596435547,
          0.0007981061935424805,
          0.00032317638397216797,
          0.0008083581924438477,
          0.00021898746490478516,
          0.0007879734039306641,
          0.00032532215118408203,
          0.0008072853088378906,
          0.0003261566162109375,
          0.0007528066635131836,
          0.0004125833511352539,
          0.0008368492126464844,
          0.0003224611282348633,
          0.0008757114410400391,
          0.0003229379653930664,
          0.0008350610733032227,
          0.00038814544677734375,
          0.0008702278137207031,
          0.0009995698928833008
        ]
      },
      "step": 48,
      "target_tokens": 25690112,
      "tokens": 25690112,
      "validation_loss": 8.605433559417726,
      "wall_clock_seconds": 3356.470153303817
    },
    {
      "hellaswag": {
        "accuracy_norm": 0.24716191993626768,
        "correct_norm": 2482,
        "examples": 10042
      },
      "routing_parameters": {
        "maximum_query_norm": 0.0485445074737072,
        "maximum_rmsnorm_abs_displacement": 0.0038645267486572266,
        "maximum_rmsnorm_l2_displacement": 0.04689595103263855,
        "median_query_norm": 0.02380331978201866,
        "median_rmsnorm_l2_displacement": 0.01666940189898014,
        "query_norms": [
          0.0,
          0.0485445074737072,
          0.024036217480897903,
          0.0280164647847414,
          0.015965156257152557,
          0.029646743088960648,
          0.012846340425312519,
          0.02685932256281376,
          0.012081687338650227,
          0.02649027481675148,
          0.009948625229299068,
          0.027920283377170563,
          0.014394627884030342,
          0.02697364240884781,
          0.009887519292533398,
          0.02380331978201866,
          0.010232183150947094,
          0.025822771713137627,
          0.008590184152126312,
          0.024454167112708092,
          0.010589049197733402,
          0.02659941278398037,
          0.009091019630432129,
          0.021075118333101273,
          0.027441516518592834
        ],
        "rmsnorm_l2_displacements": [
          0.0,
          0.04689595103263855,
          0.016440020874142647,
          0.023469865322113037,
          0.009743675589561462,
          0.02878039889037609,
          0.0080190384760499,
          0.025365598499774933,
          0.007295863702893257,
          0.02525077573955059,
          0.005685420241206884,
          0.025422394275665283,
          0.00889896135777235,
          0.02305206097662449,
          0.0057697538286447525,
          0.01846497319638729,
          0.006376467179507017,
          0.021266838535666466,
          0.005443804897367954,
          0.019396455958485603,
          0.006899934262037277,
          0.02210203744471073,
          0.005601945798844099,
          0.01666940189898014,
          0.029350945726037025
        ],
        "rmsnorm_max_abs_displacements": [
          0.0,
          0.0038645267486572266,
          0.0018579959869384766,
          0.0022928714752197266,
          0.0011773109436035156,
          0.0028040409088134766,
          0.0010589361190795898,
          0.0029832124710083008,
          0.0011696815490722656,
          0.002740621566772461,
          0.0008879899978637695,
          0.0025244951248168945,
          0.001226663589477539,
          0.003003835678100586,
          0.0007468461990356445,
          0.002197742462158203,
          0.0009647607803344727,
          0.0025157928466796875,
          0.0010651350021362305,
          0.0020847320556640625,
          0.000841975212097168,
          0.0020821094512939453,
          0.0008825063705444336,
          0.001981377601623535,
          0.003428220748901367
        ]
      },
      "step": 95,
      "target_tokens": 50331648,
      "tokens": 50331648,
      "validation_loss": 7.254307651519775,
      "wall_clock_seconds": 5233.338950576261
    },
    {
      "hellaswag": {
        "accuracy_norm": 0.24447321250746862,
        "correct_norm": 2455,
        "examples": 10042
      },
      "routing_parameters": {
        "maximum_query_norm": 0.07197190076112747,
        "maximum_rmsnorm_abs_displacement": 0.0068817138671875,
        "maximum_rmsnorm_l2_displacement": 0.07026010751724243,
        "median_query_norm": 0.0361618772149086,
        "median_rmsnorm_l2_displacement": 0.027768906205892563,
        "query_norms": [
          0.0,
          0.07197190076112747,
          0.0361618772149086,
          0.04347005486488342,
          0.01870138756930828,
          0.04538803547620773,
          0.018880672752857208,
          0.051332373172044754,
          0.019527660682797432,
          0.04480884596705437,
          0.014741668477654457,
          0.04400911554694176,
          0.02506028674542904,
          0.04332791641354561,
          0.02196415513753891,
          0.041216444224119186,
          0.022421130910515785,
          0.04663994535803795,
          0.017016112804412842,
          0.042608316987752914,
          0.014949506148695946,
          0.043775349855422974,
          0.013313114643096924,
          0.03364977985620499,
          0.038710568100214005
        ],
        "rmsnorm_l2_displacements": [
          0.0,
          0.07026010751724243,
          0.027768906205892563,
          0.03823710232973099,
          0.013484770432114601,
          0.04315301030874252,
          0.013699661009013653,
          0.04700835049152374,
          0.013350296765565872,
          0.04170322045683861,
          0.009886597283184528,
          0.04043078050017357,
          0.0173826701939106,
          0.03791747987270355,
          0.015036625787615776,
          0.03347406163811684,
          0.015680484473705292,
          0.0399545356631279,
          0.011614492163062096,
          0.03521312400698662,
          0.01096652913838625,
          0.03758419677615166,
          0.009655280970036983,
          0.026318099349737167,
          0.03956300765275955
        ],
        "rmsnorm_max_abs_displacements": [
          0.0,
          0.0068817138671875,
          0.0036362409591674805,
          0.004310488700866699,
          0.0017000436782836914,
          0.004924654960632324,
          0.0016644001007080078,
          0.005440115928649902,
          0.0020291805267333984,
          0.0051871538162231445,
          0.0013407468795776367,
          0.0045087337493896484,
          0.0023162364959716797,
          0.0045318603515625,
          0.0019840002059936523,
          0.0038526058197021484,
          0.0020967721939086914,
          0.0035016536712646484,
          0.0019893646240234375,
          0.003425002098083496,
          0.0015448331832885742,
          0.0033107995986938477,
          0.0011246204376220703,
          0.002886533737182617,
          0.005783677101135254
        ]
      },
      "step": 143,
      "target_tokens": 75497472,
      "tokens": 75497472,
      "validation_loss": 6.704704236984254,
      "wall_clock_seconds": 7163.597079148516
    },
    {
      "hellaswag": {
        "accuracy_norm": 0.24417446723760208,
        "correct_norm": 2452,
        "examples": 10042
      },
      "routing_parameters": {
        "maximum_query_norm": 0.07730107009410858,
        "maximum_rmsnorm_abs_displacement": 0.00867307186126709,
        "maximum_rmsnorm_l2_displacement": 0.0742831751704216,
        "median_query_norm": 0.05283817648887634,
        "median_rmsnorm_l2_displacement": 0.04640738666057587,
        "query_norms": [
          0.0,
          0.07730107009410858,
          0.055406901985406876,
          0.05297381803393364,
          0.02278117462992668,
          0.05641968175768852,
          0.024918777868151665,
          0.07036185264587402,
          0.027815841138362885,
          0.06480804830789566,
          0.020679280161857605,
          0.062038518488407135,
          0.03291989490389824,
          0.06056654453277588,
          0.032179735600948334,
          0.06043063476681709,
          0.032489240169525146,
          0.0701628252863884,
          0.02684236504137516,
          0.06607615202665329,
          0.023562703281641006,
          0.06731108576059341,
          0.02167169749736786,
          0.05283817648887634,
          0.049214959144592285
        ],
        "rmsnorm_l2_displacements": [
          0.0,
          0.0742831751704216,
          0.04640738666057587,
          0.04721679165959358,
          0.02052520215511322,
          0.05320600047707558,
          0.021404407918453217,
          0.06467533856630325,
          0.021889841184020042,
          0.06063810735940933,
          0.017324525862932205,
          0.057624951004981995,
          0.02492966502904892,
          0.05435578525066376,
          0.024097491055727005,
          0.0523918978869915,
          0.02504231594502926,
          0.0635601207613945,
          0.0202435702085495,
          0.05906045064330101,
          0.017863651737570763,
          0.06131039932370186,
          0.015551798045635223,
          0.04459495469927788,
          0.048697467893362045
        ],
        "rmsnorm_max_abs_displacements": [
          0.0,
          0.007405996322631836,
          0.0057866573333740234,
          0.006526947021484375,
          0.0028488636016845703,
          0.0068558454513549805,
          0.0030105113983154297,
          0.00867307186126709,
          0.002958536148071289,
          0.0071294307708740234,
          0.0018877983093261719,
          0.006642699241638184,
          0.0034470558166503906,
          0.006441831588745117,
          0.0033844709396362305,
          0.006257176399230957,
          0.0030213594436645508,
          0.0059098005294799805,
          0.0026930570602416992,
          0.0057926177978515625,
          0.002749800682067871,
          0.004706621170043945,
          0.0020515918731689453,
          0.004059553146362305,
          0.00775909423828125
        ]
      },
      "step": 190,
      "target_tokens": 100139008,
      "tokens": 100139008,
      "validation_loss": 6.412366676330566,
      "wall_clock_seconds": 9028.403531767428
    }
  ],
  "final_gradient_norm": 0.6463691592216492,
  "final_hellaswag": {
    "accuracy_norm": 0.24417446723760208,
    "correct_norm": 2452,
    "examples": 10042
  },
  "final_routing_parameters": {
    "maximum_query_norm": 0.07730107009410858,
    "maximum_rmsnorm_abs_displacement": 0.00867307186126709,
    "maximum_rmsnorm_l2_displacement": 0.0742831751704216,
    "median_query_norm": 0.05283817648887634,
    "median_rmsnorm_l2_displacement": 0.04640738666057587,
    "query_norms": [
      0.0,
      0.07730107009410858,
      0.055406901985406876,
      0.05297381803393364,
      0.02278117462992668,
      0.05641968175768852,
      0.024918777868151665,
      0.07036185264587402,
      0.027815841138362885,
      0.06480804830789566,
      0.020679280161857605,
      0.062038518488407135,
      0.03291989490389824,
      0.06056654453277588,
      0.032179735600948334,
      0.06043063476681709,
      0.032489240169525146,
      0.0701628252863884,
      0.02684236504137516,
      0.06607615202665329,
      0.023562703281641006,
      0.06731108576059341,
      0.02167169749736786,
      0.05283817648887634,
      0.049214959144592285
    ],
    "rmsnorm_l2_displacements": [
      0.0,
      0.0742831751704216,
      0.04640738666057587,
      0.04721679165959358,
      0.02052520215511322,
      0.05320600047707558,
      0.021404407918453217,
      0.06467533856630325,
      0.021889841184020042,
      0.06063810735940933,
      0.017324525862932205,
      0.057624951004981995,
      0.02492966502904892,
      0.05435578525066376,
      0.024097491055727005,
      0.0523918978869915,
      0.02504231594502926,
      0.0635601207613945,
      0.0202435702085495,
      0.05906045064330101,
      0.017863651737570763,
      0.06131039932370186,
      0.015551798045635223,
      0.04459495469927788,
      0.048697467893362045
    ],
    "rmsnorm_max_abs_displacements": [
      0.0,
      0.007405996322631836,
      0.0057866573333740234,
      0.006526947021484375,
      0.0028488636016845703,
      0.0068558454513549805,
      0.0030105113983154297,
      0.00867307186126709,
      0.002958536148071289,
      0.0071294307708740234,
      0.0018877983093261719,
      0.006642699241638184,
      0.0034470558166503906,
      0.006441831588745117,
      0.0033844709396362305,
      0.006257176399230957,
      0.0030213594436645508,
      0.0059098005294799805,
      0.0026930570602416992,
      0.0057926177978515625,
      0.002749800682067871,
      0.004706621170043945,
      0.0020515918731689453,
      0.004059553146362305,
      0.00775909423828125
    ]
  },
  "final_step": 190,
  "final_train_loss": 6.456120252609253,
  "final_validation_loss": 6.412366676330566,
  "initialization_verification": {
    "attnres_queries_exactly_zero": true,
    "attnres_query_tensors": 25,
    "attnres_rmsnorm_tensors": 25,
    "attnres_rmsnorms_exactly_one": true,
    "exact_matches": 149,
    "maximum_absolute_difference": 0.0,
    "mismatch_keys": [],
    "mismatches": 0,
    "missing_keys": [],
    "shape_mismatches": [],
    "shared_tensors": 149
  },
  "mean_seconds_per_update": 24.664196084999524,
  "mean_tokens_per_second": 21257.141776367444,
  "parameter_count": 124514304,
  "peak_allocated_mb": 63585.5556640625,
  "peak_reserved_mb": 75492.0,
  "processed_tokens": 100139008,
  "residual_mode": "full_attnres",
  "total_wall_clock_seconds": 9029.546106563881,
  "training_data_sha256": "3052dfed888d246de05607fa77df2c3d08bb4c1c5ec654c9e217d27371f74d1e",
  "training_update_seconds": 4710.861452234909
}
