W0817 12:52:07.362000 4670 torch/distributed/run.py:774] 
W0817 12:52:07.362000 4670 torch/distributed/run.py:774] *****************************************
W0817 12:52:07.362000 4670 torch/distributed/run.py:774] Setting OMP_NUM_THREADS environment variable for each process to be 1 in default, to avoid your system being overloaded, please further tune the variable for optimal performance in your application as needed. 
W0817 12:52:07.362000 4670 torch/distributed/run.py:774] *****************************************
found 1 shards for split val
found 1 shards for split val
found 1 shards for split val
found 1 shards for split val
rank=1 final-eval=01 real=4.758405 shuffled=4.760339
rank=3 final-eval=03 real=4.783052 shuffled=4.787715
rank=0 final-eval=00 real=4.783718 shuffled=4.779306
rank=2 final-eval=02 real=4.825060 shuffled=4.830266
rank=1 final-eval=05 real=4.797606 shuffled=4.805414
rank=3 final-eval=07 real=4.751109 shuffled=4.762451
rank=0 final-eval=04 real=4.753242 shuffled=4.751812
rank=2 final-eval=06 real=4.804464 shuffled=4.808820
rank=3 final-eval=11 real=4.952072 shuffled=4.942589
rank=1 final-eval=09 real=4.824883 shuffled=4.830585
rank=0 final-eval=08 real=4.825420 shuffled=4.831148
rank=2 final-eval=10 real=4.837351 shuffled=4.839789
rank=3 final-eval=15 real=4.808390 shuffled=4.810350
rank=1 final-eval=13 real=4.797853 shuffled=4.803081
rank=0 final-eval=12 real=4.783754 shuffled=4.791595
rank=2 final-eval=14 real=4.974727 shuffled=4.976132
rank=3 final-eval=19 real=4.761630 shuffled=4.775054
rank=1 final-eval=17 real=4.865793 shuffled=4.871102
rank=0 final-eval=16 real=4.861419 shuffled=4.863409
rank=2 final-eval=18 real=4.733861 shuffled=4.732916
FINAL_EVALUATION_PASS real=4.8141904593 shuffled=4.8176936150 gap=0.0035031557 wins=16/20 classification=JOINT CO-ADAPTATION IMPROVES GENERIC COMPENSATION ONLY
