W0817 08:03:46.542000 1758 torch/distributed/run.py:774] 
W0817 08:03:46.542000 1758 torch/distributed/run.py:774] *****************************************
W0817 08:03:46.542000 1758 torch/distributed/run.py:774] Setting OMP_NUM_THREADS environment variable for each process to be 1 in default, to avoid your system being overloaded, please further tune the variable for optimal performance in your application as needed. 
W0817 08:03:46.542000 1758 torch/distributed/run.py:774] *****************************************
FOUR_GPU_JOINT_EQUIVALENCE_FAIL loss_diff=0.000e+00 writer_cos=0.9999999997 reader_cos=0.9999999999
four-GPU joint equivalence failed
four-GPU joint equivalence failed
four-GPU joint equivalence failed
four-GPU joint equivalence failed
W0817 08:17:11.577000 1758 torch/distributed/elastic/multiprocessing/api.py:900] Sending process 1829 closing signal SIGTERM
W0817 08:17:11.577000 1758 torch/distributed/elastic/multiprocessing/api.py:900] Sending process 1830 closing signal SIGTERM
W0817 08:17:11.578000 1758 torch/distributed/elastic/multiprocessing/api.py:900] Sending process 1831 closing signal SIGTERM
E0817 08:17:12.193000 1758 torch/distributed/elastic/multiprocessing/api.py:874] failed (exitcode: 1) local_rank: 0 (pid: 1828) of binary: /usr/local/bin/python
Traceback (most recent call last):
  File "/usr/local/bin/torchrun", line 7, in <module>
    sys.exit(main())
             ^^^^^^
  File "/usr/local/lib/python3.12/dist-packages/torch/distributed/elastic/multiprocessing/errors/__init__.py", line 357, in wrapper
    return f(*args, **kwargs)
           ^^^^^^^^^^^^^^^^^^
  File "/usr/local/lib/python3.12/dist-packages/torch/distributed/run.py", line 901, in main
    run(args)
  File "/usr/local/lib/python3.12/dist-packages/torch/distributed/run.py", line 892, in run
    elastic_launch(
  File "/usr/local/lib/python3.12/dist-packages/torch/distributed/launcher/api.py", line 143, in __call__
    return launch_agent(self._config, self._entrypoint, list(args))
           ^^^^^^^^^^^^^^^^^^^^^^^^^^^^^^^^^^^^^^^^^^^^^^^^^^^^^^^^
  File "/usr/local/lib/python3.12/dist-packages/torch/distributed/launcher/api.py", line 277, in launch_agent
    raise ChildFailedError(
torch.distributed.elastic.multiprocessing.errors.ChildFailedError: 
============================================================
scripts/experiment_2b3.py FAILED
------------------------------------------------------------
Failures:
  <NO_OTHER_FAILURES>
------------------------------------------------------------
Root Cause (first observed failure):
[0]:
  time      : 2026-08-17_08:17:11
  host      : a87b7b036b86
  rank      : 0 (local_rank: 0)
  exitcode  : 1 (pid: 1828)
  error_file: <N/A>
  traceback : To enable traceback see: https://pytorch.org/docs/stable/elastic/errors.html
============================================================
