W0817 15:36:05.790000 6408 torch/distributed/run.py:774] 
W0817 15:36:05.790000 6408 torch/distributed/run.py:774] *****************************************
W0817 15:36:05.790000 6408 torch/distributed/run.py:774] Setting OMP_NUM_THREADS environment variable for each process to be 1 in default, to avoid your system being overloaded, please further tune the variable for optimal performance in your application as needed. 
W0817 15:36:05.790000 6408 torch/distributed/run.py:774] *****************************************
found 1 shards for split val
found 1 shards for split val
found 1 shards for split val
found 1 shards for split val
rank=1 phase=part_a_baseline task=A:final_2b3:full_context:1:1 loss=4.0315861702 wall=1.2s
rank=3 phase=part_a_baseline task=A:final_2b3:full_context:1:3 loss=4.0620422363 wall=1.2s
rank=2 phase=part_a_baseline task=A:final_2b3:full_context:1:2 loss=4.0768570900 wall=1.2s
rank=0 phase=part_a_baseline task=A:final_2b3:full_context:1:0 loss=4.0268793106 wall=1.2s
rank=1 phase=part_a_baseline task=A:final_2b3:full_context:1:5 loss=4.0507469177 wall=1.1s
rank=2 phase=part_a_baseline task=A:final_2b3:full_context:1:6 loss=4.0747375488 wall=1.1s
rank=3 phase=part_a_baseline task=A:final_2b3:full_context:1:7 loss=4.0194582939 wall=1.1s
rank=0 phase=part_a_baseline task=A:final_2b3:full_context:1:4 loss=4.0057821274 wall=1.1s
rank=2 phase=part_a_baseline task=A:final_2b3:full_context:1:10 loss=4.0997595787 wall=1.1s
rank=1 phase=part_a_baseline task=A:final_2b3:full_context:1:9 loss=4.0839729309 wall=1.1s
rank=0 phase=part_a_baseline task=A:final_2b3:full_context:1:8 loss=4.1009969711 wall=1.1s
rank=3 phase=part_a_baseline task=A:final_2b3:full_context:1:11 loss=4.2103638649 wall=1.1s
rank=2 phase=part_a_baseline task=A:final_2b3:full_context:1:14 loss=4.2441534996 wall=1.1s
rank=1 phase=part_a_baseline task=A:final_2b3:full_context:1:13 loss=4.0465703011 wall=1.1s
rank=0 phase=part_a_baseline task=A:final_2b3:full_context:1:12 loss=4.0674457550 wall=1.1s
rank=3 phase=part_a_baseline task=A:final_2b3:full_context:1:15 loss=4.0680665970 wall=1.1s
rank=2 phase=part_a_baseline task=A:final_2b3:full_context:1:18 loss=4.0238018036 wall=1.1s
rank=0 phase=part_a_baseline task=A:final_2b3:full_context:1:16 loss=4.1077375412 wall=1.1s
rank=3 phase=part_a_baseline task=A:final_2b3:full_context:1:19 loss=4.0344305038 wall=1.1s
rank=1 phase=part_a_baseline task=A:final_2b3:full_context:1:17 loss=4.1376991272 wall=1.1s
rank=2 phase=part_a_baseline task=A:final_2b3:masked_l1_no_feedback:1:2 loss=6.0066490173 wall=1.1s
rank=0 phase=part_a_baseline task=A:final_2b3:masked_l1_no_feedback:1:0 loss=5.9634361267 wall=1.1s
rank=3 phase=part_a_baseline task=A:final_2b3:masked_l1_no_feedback:1:3 loss=5.9407339096 wall=1.1s
rank=1 phase=part_a_baseline task=A:final_2b3:masked_l1_no_feedback:1:1 loss=5.9160809517 wall=1.1s
rank=0 phase=part_a_baseline task=A:final_2b3:masked_l1_no_feedback:1:4 loss=5.9226436615 wall=1.1s
rank=2 phase=part_a_baseline task=A:final_2b3:masked_l1_no_feedback:1:6 loss=5.9135522842 wall=1.1s
rank=1 phase=part_a_baseline task=A:final_2b3:masked_l1_no_feedback:1:5 loss=5.9447927475 wall=1.1s
rank=3 phase=part_a_baseline task=A:final_2b3:masked_l1_no_feedback:1:7 loss=5.8992900848 wall=1.1s
rank=0 phase=part_a_baseline task=A:final_2b3:masked_l1_no_feedback:1:8 loss=5.9717459679 wall=1.1s
rank=2 phase=part_a_baseline task=A:final_2b3:masked_l1_no_feedback:1:10 loss=5.9890789986 wall=1.1s
rank=1 phase=part_a_baseline task=A:final_2b3:masked_l1_no_feedback:1:9 loss=5.9781913757 wall=1.1s
rank=3 phase=part_a_baseline task=A:final_2b3:masked_l1_no_feedback:1:11 loss=6.0964951515 wall=1.1s
rank=0 phase=part_a_baseline task=A:final_2b3:masked_l1_no_feedback:1:12 loss=5.9591341019 wall=1.1s
rank=3 phase=part_a_baseline task=A:final_2b3:masked_l1_no_feedback:1:15 loss=5.9826006889 wall=1.1s
rank=1 phase=part_a_baseline task=A:final_2b3:masked_l1_no_feedback:1:13 loss=5.9788222313 wall=1.1s
rank=2 phase=part_a_baseline task=A:final_2b3:masked_l1_no_feedback:1:14 loss=6.1600794792 wall=1.1s
rank=0 phase=part_a_baseline task=A:final_2b3:masked_l1_no_feedback:1:16 loss=6.0397334099 wall=1.1s
rank=1 phase=part_a_baseline task=A:final_2b3:masked_l1_no_feedback:1:17 loss=6.0091285706 wall=1.1s
rank=3 phase=part_a_baseline task=A:final_2b3:masked_l1_no_feedback:1:19 loss=5.9417834282 wall=1.1s
rank=2 phase=part_a_baseline task=A:final_2b3:masked_l1_no_feedback:1:18 loss=5.8595175743 wall=1.1s
rank=0 phase=part_a_baseline task=A:final_2b3:zero:1:0 loss=5.9636387825 wall=78.8s
rank=3 phase=part_a_baseline task=A:final_2b3:zero:1:3 loss=5.9405536652 wall=79.6s
rank=1 phase=part_a_baseline task=A:final_2b3:zero:1:1 loss=5.9159822464 wall=81.9s
rank=2 phase=part_a_baseline task=A:final_2b3:zero:1:2 loss=6.0065183640 wall=92.1s
rank=0 phase=part_a_baseline task=A:final_2b3:zero:1:4 loss=5.9225687981 wall=78.7s
rank=3 phase=part_a_baseline task=A:final_2b3:zero:1:7 loss=5.8992829323 wall=79.2s
rank=1 phase=part_a_baseline task=A:final_2b3:zero:1:5 loss=5.9449968338 wall=81.6s
rank=2 phase=part_a_baseline task=A:final_2b3:zero:1:6 loss=5.9136652946 wall=91.7s
rank=0 phase=part_a_baseline task=A:final_2b3:zero:1:8 loss=5.9716825485 wall=78.5s
rank=3 phase=part_a_baseline task=A:final_2b3:zero:1:11 loss=6.0963935852 wall=79.6s
rank=1 phase=part_a_baseline task=A:final_2b3:zero:1:9 loss=5.9782361984 wall=82.5s
rank=2 phase=part_a_baseline task=A:final_2b3:zero:1:10 loss=5.9889211655 wall=91.6s
rank=0 phase=part_a_baseline task=A:final_2b3:zero:1:12 loss=5.9591884613 wall=78.4s
rank=3 phase=part_a_baseline task=A:final_2b3:zero:1:15 loss=5.9828720093 wall=79.8s
rank=1 phase=part_a_baseline task=A:final_2b3:zero:1:13 loss=5.9788765907 wall=82.2s
rank=2 phase=part_a_baseline task=A:final_2b3:zero:1:14 loss=6.1598420143 wall=91.5s
rank=0 phase=part_a_baseline task=A:final_2b3:zero:1:16 loss=6.0394120216 wall=78.7s
rank=3 phase=part_a_baseline task=A:final_2b3:zero:1:19 loss=5.9417495728 wall=79.4s
rank=1 phase=part_a_baseline task=A:final_2b3:zero:1:17 loss=6.0091724396 wall=82.4s
rank=2 phase=part_a_baseline task=A:final_2b3:zero:1:18 loss=5.8594079018 wall=91.5s
rank=0 phase=part_a_baseline task=A:final_2b3:real:1:0 loss=4.7837181091 wall=78.9s
rank=3 phase=part_a_baseline task=A:final_2b3:real:1:3 loss=4.7830519676 wall=79.3s
rank=1 phase=part_a_baseline task=A:final_2b3:real:1:1 loss=4.7584052086 wall=82.3s
rank=2 phase=part_a_baseline task=A:final_2b3:real:1:2 loss=4.8250603676 wall=91.2s
rank=0 phase=part_a_baseline task=A:final_2b3:real:1:4 loss=4.7532415390 wall=78.8s
rank=3 phase=part_a_baseline task=A:final_2b3:real:1:7 loss=4.7511091232 wall=79.1s
rank=1 phase=part_a_baseline task=A:final_2b3:real:1:5 loss=4.7976064682 wall=82.0s
rank=0 phase=part_a_baseline task=A:final_2b3:real:1:8 loss=4.8254199028 wall=78.6s
rank=3 phase=part_a_baseline task=A:final_2b3:real:1:11 loss=4.9520716667 wall=79.2s
rank=2 phase=part_a_baseline task=A:final_2b3:real:1:6 loss=4.8044643402 wall=91.3s
rank=1 phase=part_a_baseline task=A:final_2b3:real:1:9 loss=4.8248834610 wall=82.1s
rank=0 phase=part_a_baseline task=A:final_2b3:real:1:12 loss=4.7837538719 wall=78.4s
rank=3 phase=part_a_baseline task=A:final_2b3:real:1:15 loss=4.8083896637 wall=79.4s
rank=2 phase=part_a_baseline task=A:final_2b3:real:1:10 loss=4.8373508453 wall=91.2s
rank=1 phase=part_a_baseline task=A:final_2b3:real:1:13 loss=4.7978529930 wall=82.1s
rank=0 phase=part_a_baseline task=A:final_2b3:real:1:16 loss=4.8614187241 wall=78.6s
rank=3 phase=part_a_baseline task=A:final_2b3:real:1:19 loss=4.7616295815 wall=79.1s
rank=1 phase=part_a_baseline task=A:final_2b3:real:1:17 loss=4.8657927513 wall=82.3s
rank=2 phase=part_a_baseline task=A:final_2b3:real:1:14 loss=4.9747271538 wall=91.3s
rank=0 phase=part_a_baseline task=A:final_2b3:coherent_shuffle:1:0 loss=4.7793059349 wall=78.7s
rank=3 phase=part_a_baseline task=A:final_2b3:coherent_shuffle:1:3 loss=4.7877154350 wall=79.1s
rank=1 phase=part_a_baseline task=A:final_2b3:coherent_shuffle:1:1 loss=4.7603392601 wall=82.2s
rank=2 phase=part_a_baseline task=A:final_2b3:real:1:18 loss=4.7338614464 wall=91.2s
rank=0 phase=part_a_baseline task=A:final_2b3:coherent_shuffle:1:4 loss=4.7518119812 wall=79.1s
rank=3 phase=part_a_baseline task=A:final_2b3:coherent_shuffle:1:7 loss=4.7624506950 wall=79.3s
rank=1 phase=part_a_baseline task=A:final_2b3:coherent_shuffle:1:5 loss=4.8054137230 wall=82.4s
rank=2 phase=part_a_baseline task=A:final_2b3:coherent_shuffle:1:2 loss=4.8302659988 wall=91.5s
rank=0 phase=part_a_baseline task=A:final_2b3:coherent_shuffle:1:8 loss=4.8311481476 wall=78.9s
rank=3 phase=part_a_baseline task=A:final_2b3:coherent_shuffle:1:11 loss=4.9425892830 wall=80.1s
rank=1 phase=part_a_baseline task=A:final_2b3:coherent_shuffle:1:9 loss=4.8305845261 wall=82.3s
rank=2 phase=part_a_baseline task=A:final_2b3:coherent_shuffle:1:6 loss=4.8088197708 wall=91.4s
rank=0 phase=part_a_baseline task=A:final_2b3:coherent_shuffle:1:12 loss=4.7915945053 wall=78.9s
rank=3 phase=part_a_baseline task=A:final_2b3:coherent_shuffle:1:15 loss=4.8103504181 wall=80.0s
rank=1 phase=part_a_baseline task=A:final_2b3:coherent_shuffle:1:13 loss=4.8030805588 wall=82.3s
rank=0 phase=part_a_baseline task=A:final_2b3:coherent_shuffle:1:16 loss=4.8634090424 wall=78.7s
/usr/local/lib/python3.12/dist-packages/torch/distributed/distributed_c10d.py:4807: UserWarning: No device id is provided via `init_process_group` or `barrier `. Using the current device set by the user. 
  warnings.warn(  # warn only once
rank=2 phase=part_a_baseline task=A:final_2b3:coherent_shuffle:1:10 loss=4.8397893906 wall=91.8s
rank=3 phase=part_a_baseline task=A:final_2b3:coherent_shuffle:1:19 loss=4.7750535011 wall=79.6s
/usr/local/lib/python3.12/dist-packages/torch/distributed/distributed_c10d.py:4807: UserWarning: No device id is provided via `init_process_group` or `barrier `. Using the current device set by the user. 
  warnings.warn(  # warn only once
rank=1 phase=part_a_baseline task=A:final_2b3:coherent_shuffle:1:17 loss=4.8711018562 wall=82.3s
/usr/local/lib/python3.12/dist-packages/torch/distributed/distributed_c10d.py:4807: UserWarning: No device id is provided via `init_process_group` or `barrier `. Using the current device set by the user. 
  warnings.warn(  # warn only once
rank=2 phase=part_a_baseline task=A:final_2b3:coherent_shuffle:1:14 loss=4.9761319160 wall=91.2s
rank=2 phase=part_a_baseline task=A:final_2b3:coherent_shuffle:1:18 loss=4.7329163551 wall=91.5s
/usr/local/lib/python3.12/dist-packages/torch/distributed/distributed_c10d.py:4807: UserWarning: No device id is provided via `init_process_group` or `barrier `. Using the current device set by the user. 
  warnings.warn(  # warn only once
rank=0 phase=part_a_new_controls task=A:final_2b3:independent_source_shuffle:1:0 loss=4.7504887581 wall=79.0s
rank=3 phase=part_a_new_controls task=A:final_2b3:independent_source_shuffle:1:3 loss=4.7708244324 wall=79.8s
rank=1 phase=part_a_new_controls task=A:final_2b3:independent_source_shuffle:1:1 loss=4.7332715988 wall=82.4s
rank=2 phase=part_a_new_controls task=A:final_2b3:independent_source_shuffle:1:2 loss=4.8053655624 wall=91.8s
rank=0 phase=part_a_new_controls task=A:final_2b3:independent_source_shuffle:1:4 loss=4.7281689644 wall=79.0s
rank=3 phase=part_a_new_controls task=A:final_2b3:independent_source_shuffle:1:7 loss=4.7279706001 wall=79.8s
rank=1 phase=part_a_new_controls task=A:final_2b3:independent_source_shuffle:1:5 loss=4.7759623528 wall=82.3s
rank=2 phase=part_a_new_controls task=A:final_2b3:independent_source_shuffle:1:6 loss=4.7799577713 wall=92.2s
rank=0 phase=part_a_new_controls task=A:final_2b3:independent_source_shuffle:1:8 loss=4.8043074608 wall=78.9s
rank=3 phase=part_a_new_controls task=A:final_2b3:independent_source_shuffle:1:11 loss=4.9245543480 wall=80.0s
rank=1 phase=part_a_new_controls task=A:final_2b3:independent_source_shuffle:1:9 loss=4.8058152199 wall=81.8s
rank=2 phase=part_a_new_controls task=A:final_2b3:independent_source_shuffle:1:10 loss=4.8174405098 wall=91.9s
rank=0 phase=part_a_new_controls task=A:final_2b3:independent_source_shuffle:1:12 loss=4.7661552429 wall=79.0s
rank=3 phase=part_a_new_controls task=A:final_2b3:independent_source_shuffle:1:15 loss=4.7855591774 wall=80.2s
rank=1 phase=part_a_new_controls task=A:final_2b3:independent_source_shuffle:1:13 loss=4.7787103653 wall=81.5s
rank=2 phase=part_a_new_controls task=A:final_2b3:independent_source_shuffle:1:14 loss=4.9474325180 wall=92.1s
rank=0 phase=part_a_new_controls task=A:final_2b3:independent_source_shuffle:1:16 loss=4.8444919586 wall=78.9s
rank=3 phase=part_a_new_controls task=A:final_2b3:independent_source_shuffle:1:19 loss=4.7497353554 wall=80.0s
rank=1 phase=part_a_new_controls task=A:final_2b3:independent_source_shuffle:1:17 loss=4.8487896919 wall=81.6s
rank=2 phase=part_a_new_controls task=A:final_2b3:independent_source_shuffle:1:18 loss=4.7063703537 wall=92.3s
rank=0 phase=part_a_new_controls task=A:final_2b3:batch_mean:1:0 loss=4.7539768219 wall=78.3s
rank=3 phase=part_a_new_controls task=A:final_2b3:batch_mean:1:3 loss=4.7658038139 wall=79.1s
rank=1 phase=part_a_new_controls task=A:final_2b3:batch_mean:1:1 loss=4.7340650558 wall=81.0s
rank=0 phase=part_a_new_controls task=A:final_2b3:batch_mean:1:4 loss=4.7152180672 wall=78.5s
rank=2 phase=part_a_new_controls task=A:final_2b3:batch_mean:1:2 loss=4.7809591293 wall=91.5s
rank=3 phase=part_a_new_controls task=A:final_2b3:batch_mean:1:7 loss=4.7167401314 wall=79.2s
rank=1 phase=part_a_new_controls task=A:final_2b3:batch_mean:1:5 loss=4.7622356415 wall=81.2s
rank=0 phase=part_a_new_controls task=A:final_2b3:batch_mean:1:8 loss=4.7868146896 wall=78.6s
rank=3 phase=part_a_new_controls task=A:final_2b3:batch_mean:1:11 loss=4.9325304031 wall=79.0s
rank=2 phase=part_a_new_controls task=A:final_2b3:batch_mean:1:6 loss=4.7529196739 wall=91.4s
rank=1 phase=part_a_new_controls task=A:final_2b3:batch_mean:1:9 loss=4.7911548615 wall=81.1s
rank=0 phase=part_a_new_controls task=A:final_2b3:batch_mean:1:12 loss=4.7544097900 wall=78.7s
rank=3 phase=part_a_new_controls task=A:final_2b3:batch_mean:1:15 loss=4.7747297287 wall=79.0s
rank=1 phase=part_a_new_controls task=A:final_2b3:batch_mean:1:13 loss=4.7658033371 wall=81.2s
rank=2 phase=part_a_new_controls task=A:final_2b3:batch_mean:1:10 loss=4.7923045158 wall=91.5s
rank=0 phase=part_a_new_controls task=A:final_2b3:batch_mean:1:16 loss=4.8215684891 wall=78.9s
rank=3 phase=part_a_new_controls task=A:final_2b3:batch_mean:1:19 loss=4.7281298637 wall=79.0s
rank=1 phase=part_a_new_controls task=A:final_2b3:batch_mean:1:17 loss=4.8390789032 wall=81.2s
rank=2 phase=part_a_new_controls task=A:final_2b3:batch_mean:1:14 loss=4.9293389320 wall=91.9s
rank=0 phase=part_a_new_controls task=A:final_2b3:position_template:1:0 loss=4.7450971603 wall=78.5s
rank=3 phase=part_a_new_controls task=A:final_2b3:position_template:1:3 loss=4.7547636032 wall=79.5s
rank=1 phase=part_a_new_controls task=A:final_2b3:position_template:1:1 loss=4.7219071388 wall=82.0s
rank=2 phase=part_a_new_controls task=A:final_2b3:batch_mean:1:18 loss=4.6867618561 wall=91.6s
rank=0 phase=part_a_new_controls task=A:final_2b3:position_template:1:4 loss=4.7140440941 wall=78.9s
rank=3 phase=part_a_new_controls task=A:final_2b3:position_template:1:7 loss=4.7124252319 wall=79.5s
rank=1 phase=part_a_new_controls task=A:final_2b3:position_template:1:5 loss=4.7558259964 wall=81.9s
rank=2 phase=part_a_new_controls task=A:final_2b3:position_template:1:2 loss=4.7872991562 wall=91.6s
rank=0 phase=part_a_new_controls task=A:final_2b3:position_template:1:8 loss=4.7800626755 wall=78.8s
rank=3 phase=part_a_new_controls task=A:final_2b3:position_template:1:11 loss=4.9107317924 wall=79.5s
rank=1 phase=part_a_new_controls task=A:final_2b3:position_template:1:9 loss=4.7879052162 wall=81.9s
rank=2 phase=part_a_new_controls task=A:final_2b3:position_template:1:6 loss=4.7514348030 wall=91.7s
rank=0 phase=part_a_new_controls task=A:final_2b3:position_template:1:12 loss=4.7529697418 wall=79.1s
rank=3 phase=part_a_new_controls task=A:final_2b3:position_template:1:15 loss=4.7638449669 wall=79.7s
rank=1 phase=part_a_new_controls task=A:final_2b3:position_template:1:13 loss=4.7589669228 wall=82.1s
rank=0 phase=part_a_new_controls task=A:final_2b3:position_template:1:16 loss=4.8216118813 wall=78.9s
rank=3 phase=part_a_new_controls task=A:final_2b3:position_template:1:19 loss=4.7335786819 wall=79.4s
rank=2 phase=part_a_new_controls task=A:final_2b3:position_template:1:10 loss=4.8019399643 wall=91.8s
rank=1 phase=part_a_new_controls task=A:final_2b3:position_template:1:17 loss=4.8196897507 wall=81.8s
rank=0 phase=part_a_new_controls task=A:final_2b3:global_template:1:0 loss=4.7472515106 wall=78.5s
rank=3 phase=part_a_new_controls task=A:final_2b3:global_template:1:3 loss=4.7577309608 wall=79.5s
rank=2 phase=part_a_new_controls task=A:final_2b3:position_template:1:14 loss=4.9294176102 wall=91.7s
rank=1 phase=part_a_new_controls task=A:final_2b3:global_template:1:1 loss=4.7223944664 wall=82.0s
rank=0 phase=part_a_new_controls task=A:final_2b3:global_template:1:4 loss=4.7174229622 wall=78.7s
rank=3 phase=part_a_new_controls task=A:final_2b3:global_template:1:7 loss=4.7143459320 wall=79.4s
rank=2 phase=part_a_new_controls task=A:final_2b3:position_template:1:18 loss=4.6978921890 wall=92.1s
rank=1 phase=part_a_new_controls task=A:final_2b3:global_template:1:5 loss=4.7581539154 wall=82.0s
rank=0 phase=part_a_new_controls task=A:final_2b3:global_template:1:8 loss=4.7826485634 wall=78.7s
rank=3 phase=part_a_new_controls task=A:final_2b3:global_template:1:11 loss=4.9138832092 wall=79.6s
rank=2 phase=part_a_new_controls task=A:final_2b3:global_template:1:2 loss=4.7897791862 wall=91.9s
rank=1 phase=part_a_new_controls task=A:final_2b3:global_template:1:9 loss=4.7896895409 wall=81.8s
rank=0 phase=part_a_new_controls task=A:final_2b3:global_template:1:12 loss=4.7564954758 wall=78.6s
rank=3 phase=part_a_new_controls task=A:final_2b3:global_template:1:15 loss=4.7669987679 wall=79.4s
rank=1 phase=part_a_new_controls task=A:final_2b3:global_template:1:13 loss=4.7604875565 wall=81.8s
rank=2 phase=part_a_new_controls task=A:final_2b3:global_template:1:6 loss=4.7538557053 wall=92.1s
rank=0 phase=part_a_new_controls task=A:final_2b3:global_template:1:16 loss=4.8252420425 wall=78.3s
rank=3 phase=part_a_new_controls task=A:final_2b3:global_template:1:19 loss=4.7358913422 wall=79.4s
rank=1 phase=part_a_new_controls task=A:final_2b3:global_template:1:17 loss=4.8227295876 wall=81.6s
rank=2 phase=part_a_new_controls task=A:final_2b3:global_template:1:10 loss=4.8059520721 wall=91.3s
rank=0 phase=part_a_new_controls task=A:final_2b3:norm_random:1:0 loss=5.7302966118 wall=78.7s
rank=3 phase=part_a_new_controls task=A:final_2b3:norm_random:1:3 loss=5.7027783394 wall=79.6s
rank=1 phase=part_a_new_controls task=A:final_2b3:norm_random:1:1 loss=5.6809210777 wall=82.2s
rank=0 phase=part_a_new_controls task=A:final_2b3:norm_random:1:4 loss=5.6908092499 wall=79.0s
rank=2 phase=part_a_new_controls task=A:final_2b3:global_template:1:14 loss=4.9318308830 wall=91.1s
rank=3 phase=part_a_new_controls task=A:final_2b3:norm_random:1:7 loss=5.6530876160 wall=80.9s
rank=1 phase=part_a_new_controls task=A:final_2b3:norm_random:1:5 loss=5.7154226303 wall=82.5s
rank=0 phase=part_a_new_controls task=A:final_2b3:norm_random:1:8 loss=5.7311172485 wall=79.1s
rank=3 phase=part_a_new_controls task=A:final_2b3:norm_random:1:11 loss=5.8510127068 wall=80.2s
rank=2 phase=part_a_new_controls task=A:final_2b3:global_template:1:18 loss=4.7009625435 wall=91.5s
rank=1 phase=part_a_new_controls task=A:final_2b3:norm_random:1:9 loss=5.7404952049 wall=81.9s
rank=0 phase=part_a_new_controls task=A:final_2b3:norm_random:1:12 loss=5.7295932770 wall=79.4s
rank=3 phase=part_a_new_controls task=A:final_2b3:norm_random:1:15 loss=5.7486534119 wall=80.4s
rank=2 phase=part_a_new_controls task=A:final_2b3:norm_random:1:2 loss=5.7708239555 wall=92.0s
rank=1 phase=part_a_new_controls task=A:final_2b3:norm_random:1:13 loss=5.7379226685 wall=82.0s
rank=0 phase=part_a_new_controls task=A:final_2b3:norm_random:1:16 loss=5.7951998711 wall=79.3s
rank=3 phase=part_a_new_controls task=A:final_2b3:norm_random:1:19 loss=5.7179598808 wall=80.5s
rank=2 phase=part_a_new_controls task=A:final_2b3:norm_random:1:6 loss=5.6990103722 wall=92.5s
rank=1 phase=part_a_new_controls task=A:final_2b3:norm_random:1:17 loss=5.7785120010 wall=82.1s
rank=0 phase=part_a_new_controls task=A:final_2b3:lag8:1:0 loss=4.7899408340 wall=79.4s
rank=3 phase=part_a_new_controls task=A:final_2b3:lag8:1:3 loss=4.7896909714 wall=80.8s
rank=2 phase=part_a_new_controls task=A:final_2b3:norm_random:1:10 loss=5.7615213394 wall=92.3s
rank=1 phase=part_a_new_controls task=A:final_2b3:lag8:1:1 loss=4.7703132629 wall=82.6s
rank=0 phase=part_a_new_controls task=A:final_2b3:lag8:1:4 loss=4.7549481392 wall=78.8s
rank=3 phase=part_a_new_controls task=A:final_2b3:lag8:1:7 loss=4.7618627548 wall=79.7s
rank=2 phase=part_a_new_controls task=A:final_2b3:norm_random:1:14 loss=5.9233870506 wall=92.0s
rank=0 phase=part_a_new_controls task=A:final_2b3:lag8:1:8 loss=4.8308615685 wall=79.0s
rank=1 phase=part_a_new_controls task=A:final_2b3:lag8:1:5 loss=4.8049063683 wall=82.8s
rank=3 phase=part_a_new_controls task=A:final_2b3:lag8:1:11 loss=4.9531197548 wall=80.0s
rank=0 phase=part_a_new_controls task=A:final_2b3:lag8:1:12 loss=4.8013248444 wall=79.0s
rank=1 phase=part_a_new_controls task=A:final_2b3:lag8:1:9 loss=4.8342204094 wall=82.6s
rank=2 phase=part_a_new_controls task=A:final_2b3:norm_random:1:18 loss=5.6328206062 wall=91.7s
rank=3 phase=part_a_new_controls task=A:final_2b3:lag8:1:15 loss=4.8199162483 wall=80.4s
rank=0 phase=part_a_new_controls task=A:final_2b3:lag8:1:16 loss=4.8775510788 wall=79.2s
rank=1 phase=part_a_new_controls task=A:final_2b3:lag8:1:13 loss=4.8040275574 wall=82.6s
rank=2 phase=part_a_new_controls task=A:final_2b3:lag8:1:2 loss=4.8247027397 wall=92.6s
rank=3 phase=part_a_new_controls task=A:final_2b3:lag8:1:19 loss=4.7709851265 wall=80.1s
rank=0 phase=part_a_new_controls task=A:final_2b3:lag32:1:0 loss=4.8246145248 wall=79.6s
rank=1 phase=part_a_new_controls task=A:final_2b3:lag8:1:17 loss=4.8705153465 wall=82.9s
rank=3 phase=part_a_new_controls task=A:final_2b3:lag32:1:3 loss=4.8290758133 wall=80.3s
rank=2 phase=part_a_new_controls task=A:final_2b3:lag8:1:6 loss=4.8079285622 wall=93.5s
rank=0 phase=part_a_new_controls task=A:final_2b3:lag32:1:4 loss=4.7906994820 wall=79.5s
rank=1 phase=part_a_new_controls task=A:final_2b3:lag32:1:1 loss=4.7977466583 wall=82.9s
rank=3 phase=part_a_new_controls task=A:final_2b3:lag32:1:7 loss=4.7944483757 wall=80.4s
rank=2 phase=part_a_new_controls task=A:final_2b3:lag8:1:10 loss=4.8433117867 wall=92.7s
rank=0 phase=part_a_new_controls task=A:final_2b3:lag32:1:8 loss=4.8654446602 wall=79.2s
rank=1 phase=part_a_new_controls task=A:final_2b3:lag32:1:5 loss=4.8352522850 wall=83.1s
rank=3 phase=part_a_new_controls task=A:final_2b3:lag32:1:11 loss=4.9816036224 wall=79.9s
rank=2 phase=part_a_new_controls task=A:final_2b3:lag8:1:14 loss=4.9797406197 wall=93.9s
rank=0 phase=part_a_new_controls task=A:final_2b3:lag32:1:12 loss=4.8364057541 wall=80.2s
rank=1 phase=part_a_new_controls task=A:final_2b3:lag32:1:9 loss=4.8651514053 wall=85.0s
rank=3 phase=part_a_new_controls task=A:final_2b3:lag32:1:15 loss=4.8467555046 wall=81.4s
rank=2 phase=part_a_new_controls task=A:final_2b3:lag8:1:18 loss=4.7337241173 wall=92.2s
rank=0 phase=part_a_new_controls task=A:final_2b3:lag32:1:16 loss=4.9119572639 wall=79.4s
rank=1 phase=part_a_new_controls task=A:final_2b3:lag32:1:13 loss=4.8383059502 wall=83.2s
rank=3 phase=part_a_new_controls task=A:final_2b3:lag32:1:19 loss=4.8169889450 wall=80.7s
rank=2 phase=part_a_new_controls task=A:final_2b3:lag32:1:2 loss=4.8722882271 wall=92.2s
rank=1 phase=part_a_new_controls task=A:final_2b3:lag32:1:17 loss=4.9130606651 wall=83.0s
rank=2 phase=part_a_new_controls task=A:final_2b3:lag32:1:6 loss=4.8446917534 wall=92.0s
rank=2 phase=part_a_new_controls task=A:final_2b3:lag32:1:10 loss=4.8741278648 wall=92.0s
rank=2 phase=part_a_new_controls task=A:final_2b3:lag32:1:14 loss=5.0154585838 wall=92.2s
rank=2 phase=part_a_new_controls task=A:final_2b3:lag32:1:18 loss=4.7685451508 wall=92.0s
rank=0 phase=part_b_depth1_regression task=B:writer_10m:zero:1:0 loss=5.9636387825 wall=78.6s
rank=3 phase=part_b_depth1_regression task=B:writer_10m:zero:1:3 loss=5.9405536652 wall=79.9s
rank=1 phase=part_b_depth1_regression task=B:writer_10m:zero:1:1 loss=5.9159822464 wall=82.5s
rank=2 phase=part_b_depth1_regression task=B:writer_10m:zero:1:2 loss=6.0065183640 wall=91.5s
rank=0 phase=part_b_depth1_regression task=B:writer_10m:zero:1:4 loss=5.9225687981 wall=78.6s
rank=3 phase=part_b_depth1_regression task=B:writer_10m:zero:1:7 loss=5.8992829323 wall=79.6s
rank=1 phase=part_b_depth1_regression task=B:writer_10m:zero:1:5 loss=5.9449968338 wall=82.2s
rank=2 phase=part_b_depth1_regression task=B:writer_10m:zero:1:6 loss=5.9136652946 wall=91.4s
rank=0 phase=part_b_depth1_regression task=B:writer_10m:zero:1:8 loss=5.9716825485 wall=78.8s
rank=3 phase=part_b_depth1_regression task=B:writer_10m:zero:1:11 loss=6.0963935852 wall=79.4s
rank=1 phase=part_b_depth1_regression task=B:writer_10m:zero:1:9 loss=5.9782361984 wall=82.0s
rank=2 phase=part_b_depth1_regression task=B:writer_10m:zero:1:10 loss=5.9889211655 wall=91.4s
rank=0 phase=part_b_depth1_regression task=B:writer_10m:zero:1:12 loss=5.9591884613 wall=78.8s
rank=3 phase=part_b_depth1_regression task=B:writer_10m:zero:1:15 loss=5.9828720093 wall=79.9s
rank=1 phase=part_b_depth1_regression task=B:writer_10m:zero:1:13 loss=5.9788765907 wall=82.4s
rank=2 phase=part_b_depth1_regression task=B:writer_10m:zero:1:14 loss=6.1598420143 wall=91.5s
rank=0 phase=part_b_depth1_regression task=B:writer_10m:zero:1:16 loss=6.0394120216 wall=79.0s
rank=3 phase=part_b_depth1_regression task=B:writer_10m:zero:1:19 loss=5.9417495728 wall=79.7s
rank=1 phase=part_b_depth1_regression task=B:writer_10m:zero:1:17 loss=6.0091724396 wall=82.6s
rank=2 phase=part_b_depth1_regression task=B:writer_10m:zero:1:18 loss=5.8594079018 wall=91.6s
rank=0 phase=part_b_depth1_regression task=B:writer_10m:real:1:0 loss=5.3555250168 wall=78.6s
rank=3 phase=part_b_depth1_regression task=B:writer_10m:real:1:3 loss=5.3349509239 wall=79.4s
rank=1 phase=part_b_depth1_regression task=B:writer_10m:real:1:1 loss=5.3110604286 wall=82.5s
rank=2 phase=part_b_depth1_regression task=B:writer_10m:real:1:2 loss=5.3725585938 wall=91.8s
rank=0 phase=part_b_depth1_regression task=B:writer_10m:real:1:4 loss=5.2965130806 wall=78.4s
rank=3 phase=part_b_depth1_regression task=B:writer_10m:real:1:7 loss=5.2797689438 wall=79.3s
rank=1 phase=part_b_depth1_regression task=B:writer_10m:real:1:5 loss=5.3315944672 wall=82.2s
rank=0 phase=part_b_depth1_regression task=B:writer_10m:real:1:8 loss=5.3641958237 wall=78.8s
rank=3 phase=part_b_depth1_regression task=B:writer_10m:real:1:11 loss=5.4728913307 wall=79.3s
rank=2 phase=part_b_depth1_regression task=B:writer_10m:real:1:6 loss=5.3601202965 wall=92.1s
rank=1 phase=part_b_depth1_regression task=B:writer_10m:real:1:9 loss=5.3702030182 wall=82.5s
rank=0 phase=part_b_depth1_regression task=B:writer_10m:real:1:12 loss=5.3203606606 wall=78.6s
rank=3 phase=part_b_depth1_regression task=B:writer_10m:real:1:15 loss=5.3795509338 wall=79.4s
rank=2 phase=part_b_depth1_regression task=B:writer_10m:real:1:10 loss=5.3850135803 wall=91.5s
rank=1 phase=part_b_depth1_regression task=B:writer_10m:real:1:13 loss=5.3321666718 wall=82.2s
rank=0 phase=part_b_depth1_regression task=B:writer_10m:real:1:16 loss=5.4051551819 wall=78.7s
rank=3 phase=part_b_depth1_regression task=B:writer_10m:real:1:19 loss=5.3229646683 wall=79.3s
rank=1 phase=part_b_depth1_regression task=B:writer_10m:real:1:17 loss=5.4112629890 wall=82.5s
rank=2 phase=part_b_depth1_regression task=B:writer_10m:real:1:14 loss=5.5252070427 wall=91.6s
rank=0 phase=part_b_depth1_regression task=B:writer_10m:coherent_shuffle:1:0 loss=5.3825488091 wall=78.6s
rank=3 phase=part_b_depth1_regression task=B:writer_10m:coherent_shuffle:1:3 loss=5.3726902008 wall=79.2s
rank=1 phase=part_b_depth1_regression task=B:writer_10m:coherent_shuffle:1:1 loss=5.3496065140 wall=82.2s
rank=2 phase=part_b_depth1_regression task=B:writer_10m:real:1:18 loss=5.2958912849 wall=91.7s
rank=0 phase=part_b_depth1_regression task=B:writer_10m:coherent_shuffle:1:4 loss=5.3465089798 wall=78.8s
rank=3 phase=part_b_depth1_regression task=B:writer_10m:coherent_shuffle:1:7 loss=5.3309082985 wall=79.8s
rank=1 phase=part_b_depth1_regression task=B:writer_10m:coherent_shuffle:1:5 loss=5.3819360733 wall=82.7s
rank=2 phase=part_b_depth1_regression task=B:writer_10m:coherent_shuffle:1:2 loss=5.4185695648 wall=92.5s
rank=0 phase=part_b_depth1_regression task=B:writer_10m:coherent_shuffle:1:8 loss=5.4092206955 wall=78.6s
rank=3 phase=part_b_depth1_regression task=B:writer_10m:coherent_shuffle:1:11 loss=5.5039200783 wall=79.2s
rank=1 phase=part_b_depth1_regression task=B:writer_10m:coherent_shuffle:1:9 loss=5.4079394341 wall=82.2s
rank=2 phase=part_b_depth1_regression task=B:writer_10m:coherent_shuffle:1:6 loss=5.3926415443 wall=92.0s
rank=0 phase=part_b_depth1_regression task=B:writer_10m:coherent_shuffle:1:12 loss=5.3695602417 wall=78.7s
rank=3 phase=part_b_depth1_regression task=B:writer_10m:coherent_shuffle:1:15 loss=5.4164919853 wall=79.0s
rank=1 phase=part_b_depth1_regression task=B:writer_10m:coherent_shuffle:1:13 loss=5.3741979599 wall=82.1s
rank=0 phase=part_b_depth1_regression task=B:writer_10m:coherent_shuffle:1:16 loss=5.4515295029 wall=78.6s
rank=3 phase=part_b_depth1_regression task=B:writer_10m:coherent_shuffle:1:19 loss=5.3716540337 wall=78.7s
rank=2 phase=part_b_depth1_regression task=B:writer_10m:coherent_shuffle:1:10 loss=5.4288916588 wall=92.1s
rank=1 phase=part_b_depth1_regression task=B:writer_10m:coherent_shuffle:1:17 loss=5.4480009079 wall=82.2s
rank=2 phase=part_b_depth1_regression task=B:writer_10m:coherent_shuffle:1:14 loss=5.5481319427 wall=92.0s
rank=2 phase=part_b_depth1_regression task=B:writer_10m:coherent_shuffle:1:18 loss=5.3272204399 wall=92.0s
rank=3 phase=part_b_deeper_masks task=B:writer_10m:zero:2:3 loss=5.9451942444 wall=78.6s
rank=0 phase=part_b_deeper_masks task=B:writer_10m:zero:2:0 loss=5.9616780281 wall=78.6s
rank=1 phase=part_b_deeper_masks task=B:writer_10m:zero:2:1 loss=5.9114594460 wall=82.1s
rank=2 phase=part_b_deeper_masks task=B:writer_10m:zero:2:2 loss=6.0129075050 wall=92.0s
rank=0 phase=part_b_deeper_masks task=B:writer_10m:zero:2:4 loss=5.9223432541 wall=78.5s
rank=3 phase=part_b_deeper_masks task=B:writer_10m:zero:2:7 loss=5.8779411316 wall=78.6s
rank=1 phase=part_b_deeper_masks task=B:writer_10m:zero:2:5 loss=5.9376416206 wall=82.4s
rank=2 phase=part_b_deeper_masks task=B:writer_10m:zero:2:6 loss=5.9178671837 wall=91.7s
rank=0 phase=part_b_deeper_masks task=B:writer_10m:zero:2:8 loss=5.9766178131 wall=78.2s
rank=3 phase=part_b_deeper_masks task=B:writer_10m:zero:2:11 loss=6.0876402855 wall=78.4s
rank=1 phase=part_b_deeper_masks task=B:writer_10m:zero:2:9 loss=5.9527006149 wall=82.3s
rank=2 phase=part_b_deeper_masks task=B:writer_10m:zero:2:10 loss=5.9846243858 wall=91.5s
rank=0 phase=part_b_deeper_masks task=B:writer_10m:zero:2:12 loss=5.9540209770 wall=78.6s
rank=3 phase=part_b_deeper_masks task=B:writer_10m:zero:2:15 loss=5.9920330048 wall=78.9s
rank=1 phase=part_b_deeper_masks task=B:writer_10m:zero:2:13 loss=5.9641485214 wall=82.3s
rank=2 phase=part_b_deeper_masks task=B:writer_10m:zero:2:14 loss=6.1991729736 wall=91.9s
rank=0 phase=part_b_deeper_masks task=B:writer_10m:zero:2:16 loss=6.0418453217 wall=78.8s
rank=3 phase=part_b_deeper_masks task=B:writer_10m:zero:2:19 loss=5.9472742081 wall=80.2s
rank=1 phase=part_b_deeper_masks task=B:writer_10m:zero:2:17 loss=6.0123791695 wall=82.3s
rank=2 phase=part_b_deeper_masks task=B:writer_10m:zero:2:18 loss=5.8886971474 wall=91.7s
rank=0 phase=part_b_deeper_masks task=B:writer_10m:real:2:0 loss=5.4315538406 wall=78.2s
rank=3 phase=part_b_deeper_masks task=B:writer_10m:real:2:3 loss=5.4037885666 wall=79.4s
rank=1 phase=part_b_deeper_masks task=B:writer_10m:real:2:1 loss=5.3806538582 wall=82.3s
rank=0 phase=part_b_deeper_masks task=B:writer_10m:real:2:4 loss=5.3809113503 wall=78.3s
rank=2 phase=part_b_deeper_masks task=B:writer_10m:real:2:2 loss=5.4489684105 wall=91.8s
rank=3 phase=part_b_deeper_masks task=B:writer_10m:real:2:7 loss=5.3357896805 wall=79.8s
rank=1 phase=part_b_deeper_masks task=B:writer_10m:real:2:5 loss=5.3962535858 wall=82.7s
rank=0 phase=part_b_deeper_masks task=B:writer_10m:real:2:8 loss=5.4341621399 wall=78.4s
rank=3 phase=part_b_deeper_masks task=B:writer_10m:real:2:11 loss=5.5321331024 wall=79.8s
rank=2 phase=part_b_deeper_masks task=B:writer_10m:real:2:6 loss=5.4284029007 wall=92.0s
rank=1 phase=part_b_deeper_masks task=B:writer_10m:real:2:9 loss=5.4322366714 wall=81.9s
rank=0 phase=part_b_deeper_masks task=B:writer_10m:real:2:12 loss=5.3953366280 wall=78.5s
rank=3 phase=part_b_deeper_masks task=B:writer_10m:real:2:15 loss=5.4529004097 wall=79.5s
rank=2 phase=part_b_deeper_masks task=B:writer_10m:real:2:10 loss=5.4622406960 wall=91.7s
rank=1 phase=part_b_deeper_masks task=B:writer_10m:real:2:13 loss=5.3907527924 wall=81.4s
rank=0 phase=part_b_deeper_masks task=B:writer_10m:real:2:16 loss=5.4820475578 wall=78.1s
rank=3 phase=part_b_deeper_masks task=B:writer_10m:real:2:19 loss=5.3968539238 wall=79.3s
rank=1 phase=part_b_deeper_masks task=B:writer_10m:real:2:17 loss=5.4771571159 wall=82.2s
rank=2 phase=part_b_deeper_masks task=B:writer_10m:real:2:14 loss=5.6031165123 wall=91.9s
rank=0 phase=part_b_deeper_masks task=B:writer_10m:coherent_shuffle:2:0 loss=5.4177780151 wall=78.5s
rank=3 phase=part_b_deeper_masks task=B:writer_10m:coherent_shuffle:2:3 loss=5.4007387161 wall=79.2s
rank=1 phase=part_b_deeper_masks task=B:writer_10m:coherent_shuffle:2:1 loss=5.3821711540 wall=81.6s
rank=2 phase=part_b_deeper_masks task=B:writer_10m:real:2:18 loss=5.3843607903 wall=91.6s
rank=0 phase=part_b_deeper_masks task=B:writer_10m:coherent_shuffle:2:4 loss=5.3954033852 wall=78.8s
rank=3 phase=part_b_deeper_masks task=B:writer_10m:coherent_shuffle:2:7 loss=5.3544425964 wall=79.7s
rank=1 phase=part_b_deeper_masks task=B:writer_10m:coherent_shuffle:2:5 loss=5.4197454453 wall=83.2s
rank=2 phase=part_b_deeper_masks task=B:writer_10m:coherent_shuffle:2:2 loss=5.4545574188 wall=93.0s
rank=0 phase=part_b_deeper_masks task=B:writer_10m:coherent_shuffle:2:8 loss=5.4463891983 wall=80.8s
rank=3 phase=part_b_deeper_masks task=B:writer_10m:coherent_shuffle:2:11 loss=5.5257458687 wall=81.0s
rank=1 phase=part_b_deeper_masks task=B:writer_10m:coherent_shuffle:2:9 loss=5.4321093559 wall=82.1s
rank=0 phase=part_b_deeper_masks task=B:writer_10m:coherent_shuffle:2:12 loss=5.4092793465 wall=80.1s
rank=2 phase=part_b_deeper_masks task=B:writer_10m:coherent_shuffle:2:6 loss=5.4337258339 wall=92.3s
rank=3 phase=part_b_deeper_masks task=B:writer_10m:coherent_shuffle:2:15 loss=5.4566488266 wall=80.0s
rank=1 phase=part_b_deeper_masks task=B:writer_10m:coherent_shuffle:2:13 loss=5.3997392654 wall=81.9s
rank=0 phase=part_b_deeper_masks task=B:writer_10m:coherent_shuffle:2:16 loss=5.4925637245 wall=78.3s
rank=3 phase=part_b_deeper_masks task=B:writer_10m:coherent_shuffle:2:19 loss=5.4084448814 wall=78.8s
rank=2 phase=part_b_deeper_masks task=B:writer_10m:coherent_shuffle:2:10 loss=5.4699525833 wall=91.5s
rank=1 phase=part_b_deeper_masks task=B:writer_10m:coherent_shuffle:2:17 loss=5.4822978973 wall=81.2s
rank=0 phase=part_b_deeper_masks task=B:writer_10m:zero:3:0 loss=6.8944702148 wall=78.3s
rank=3 phase=part_b_deeper_masks task=B:writer_10m:zero:3:3 loss=6.8703527451 wall=78.4s
rank=2 phase=part_b_deeper_masks task=B:writer_10m:coherent_shuffle:2:14 loss=5.6001095772 wall=91.2s
rank=1 phase=part_b_deeper_masks task=B:writer_10m:zero:3:1 loss=6.8437256813 wall=81.3s
rank=0 phase=part_b_deeper_masks task=B:writer_10m:zero:3:4 loss=6.8646402359 wall=78.0s
rank=3 phase=part_b_deeper_masks task=B:writer_10m:zero:3:7 loss=6.8081488609 wall=78.4s
rank=2 phase=part_b_deeper_masks task=B:writer_10m:coherent_shuffle:2:18 loss=5.3810787201 wall=91.1s
rank=1 phase=part_b_deeper_masks task=B:writer_10m:zero:3:5 loss=6.8701148033 wall=80.8s
rank=0 phase=part_b_deeper_masks task=B:writer_10m:zero:3:8 loss=6.9189085960 wall=77.9s
rank=3 phase=part_b_deeper_masks task=B:writer_10m:zero:3:11 loss=7.0234708786 wall=78.3s
rank=2 phase=part_b_deeper_masks task=B:writer_10m:zero:3:2 loss=6.9575095177 wall=90.6s
rank=1 phase=part_b_deeper_masks task=B:writer_10m:zero:3:9 loss=6.8635210991 wall=80.8s
rank=0 phase=part_b_deeper_masks task=B:writer_10m:zero:3:12 loss=6.9032783508 wall=77.9s
rank=3 phase=part_b_deeper_masks task=B:writer_10m:zero:3:15 loss=6.9336509705 wall=79.1s
rank=1 phase=part_b_deeper_masks task=B:writer_10m:zero:3:13 loss=6.8891868591 wall=80.7s
rank=2 phase=part_b_deeper_masks task=B:writer_10m:zero:3:6 loss=6.8286199570 wall=90.4s
rank=0 phase=part_b_deeper_masks task=B:writer_10m:zero:3:16 loss=6.9725914001 wall=77.7s
rank=3 phase=part_b_deeper_masks task=B:writer_10m:zero:3:19 loss=6.8877954483 wall=78.9s
rank=1 phase=part_b_deeper_masks task=B:writer_10m:zero:3:17 loss=6.9379000664 wall=80.4s
rank=2 phase=part_b_deeper_masks task=B:writer_10m:zero:3:10 loss=6.8820290565 wall=90.3s
rank=0 phase=part_b_deeper_masks task=B:writer_10m:real:3:0 loss=6.8169302940 wall=77.6s
rank=3 phase=part_b_deeper_masks task=B:writer_10m:real:3:3 loss=6.7827024460 wall=78.7s
rank=1 phase=part_b_deeper_masks task=B:writer_10m:real:3:1 loss=6.7541651726 wall=80.1s
rank=0 phase=part_b_deeper_masks task=B:writer_10m:real:3:4 loss=6.7761955261 wall=77.1s
rank=2 phase=part_b_deeper_masks task=B:writer_10m:zero:3:14 loss=7.1082696915 wall=89.8s
rank=3 phase=part_b_deeper_masks task=B:writer_10m:real:3:7 loss=6.6912050247 wall=77.9s
rank=1 phase=part_b_deeper_masks task=B:writer_10m:real:3:5 loss=6.7867403030 wall=80.1s
rank=0 phase=part_b_deeper_masks task=B:writer_10m:real:3:8 loss=6.7944335938 wall=77.0s
rank=3 phase=part_b_deeper_masks task=B:writer_10m:real:3:11 loss=6.9020271301 wall=78.1s
rank=2 phase=part_b_deeper_masks task=B:writer_10m:zero:3:18 loss=6.8198428154 wall=90.3s
rank=1 phase=part_b_deeper_masks task=B:writer_10m:real:3:9 loss=6.7731266022 wall=80.5s
rank=0 phase=part_b_deeper_masks task=B:writer_10m:real:3:12 loss=6.7974328995 wall=77.9s
rank=3 phase=part_b_deeper_masks task=B:writer_10m:real:3:15 loss=6.8557476997 wall=78.7s
rank=2 phase=part_b_deeper_masks task=B:writer_10m:real:3:2 loss=6.8429155350 wall=90.4s
rank=1 phase=part_b_deeper_masks task=B:writer_10m:real:3:13 loss=6.7298040390 wall=80.8s
rank=0 phase=part_b_deeper_masks task=B:writer_10m:real:3:16 loss=6.8495578766 wall=78.0s
rank=3 phase=part_b_deeper_masks task=B:writer_10m:real:3:19 loss=6.7561955452 wall=79.0s
rank=2 phase=part_b_deeper_masks task=B:writer_10m:real:3:6 loss=6.7568950653 wall=90.5s
rank=0 phase=part_b_deeper_masks task=B:writer_10m:coherent_shuffle:3:0 loss=6.8043770790 wall=77.9s
rank=1 phase=part_b_deeper_masks task=B:writer_10m:real:3:17 loss=6.8333945274 wall=81.5s
rank=3 phase=part_b_deeper_masks task=B:writer_10m:coherent_shuffle:3:3 loss=6.7762069702 wall=78.7s
rank=2 phase=part_b_deeper_masks task=B:writer_10m:real:3:10 loss=6.8009757996 wall=90.5s
rank=0 phase=part_b_deeper_masks task=B:writer_10m:coherent_shuffle:3:4 loss=6.7685770988 wall=78.2s
rank=1 phase=part_b_deeper_masks task=B:writer_10m:coherent_shuffle:3:1 loss=6.7381896973 wall=81.3s
rank=3 phase=part_b_deeper_masks task=B:writer_10m:coherent_shuffle:3:7 loss=6.6698341370 wall=78.8s
rank=2 phase=part_b_deeper_masks task=B:writer_10m:real:3:14 loss=7.0008163452 wall=91.1s
rank=0 phase=part_b_deeper_masks task=B:writer_10m:coherent_shuffle:3:8 loss=6.7910370827 wall=78.3s
rank=1 phase=part_b_deeper_masks task=B:writer_10m:coherent_shuffle:3:5 loss=6.7544970512 wall=81.2s
rank=3 phase=part_b_deeper_masks task=B:writer_10m:coherent_shuffle:3:11 loss=6.8996500969 wall=79.1s
rank=0 phase=part_b_deeper_masks task=B:writer_10m:coherent_shuffle:3:12 loss=6.7857322693 wall=78.1s
rank=2 phase=part_b_deeper_masks task=B:writer_10m:real:3:18 loss=6.7849483490 wall=91.0s
rank=1 phase=part_b_deeper_masks task=B:writer_10m:coherent_shuffle:3:9 loss=6.7540516853 wall=81.3s
rank=3 phase=part_b_deeper_masks task=B:writer_10m:coherent_shuffle:3:15 loss=6.8530197144 wall=78.9s
rank=0 phase=part_b_deeper_masks task=B:writer_10m:coherent_shuffle:3:16 loss=6.8454837799 wall=78.1s
rank=1 phase=part_b_deeper_masks task=B:writer_10m:coherent_shuffle:3:13 loss=6.7285318375 wall=81.5s
rank=3 phase=part_b_deeper_masks task=B:writer_10m:coherent_shuffle:3:19 loss=6.7484703064 wall=78.8s
rank=2 phase=part_b_deeper_masks task=B:writer_10m:coherent_shuffle:3:2 loss=6.8286581039 wall=91.3s
rank=0 phase=part_b_deeper_masks task=B:writer_10m:zero:4:0 loss=7.2047243118 wall=78.2s
rank=1 phase=part_b_deeper_masks task=B:writer_10m:coherent_shuffle:3:17 loss=6.8205757141 wall=81.6s
rank=3 phase=part_b_deeper_masks task=B:writer_10m:zero:4:3 loss=7.1825294495 wall=78.5s
rank=2 phase=part_b_deeper_masks task=B:writer_10m:coherent_shuffle:3:6 loss=6.7505183220 wall=91.2s
rank=0 phase=part_b_deeper_masks task=B:writer_10m:zero:4:4 loss=7.1842513084 wall=78.2s
rank=1 phase=part_b_deeper_masks task=B:writer_10m:zero:4:1 loss=7.1755733490 wall=80.8s
rank=3 phase=part_b_deeper_masks task=B:writer_10m:zero:4:7 loss=7.1507358551 wall=79.0s
rank=2 phase=part_b_deeper_masks task=B:writer_10m:coherent_shuffle:3:10 loss=6.7759919167 wall=91.8s
rank=0 phase=part_b_deeper_masks task=B:writer_10m:zero:4:8 loss=7.2366571426 wall=78.1s
rank=3 phase=part_b_deeper_masks task=B:writer_10m:zero:4:11 loss=7.3337688446 wall=78.5s
rank=1 phase=part_b_deeper_masks task=B:writer_10m:zero:4:5 loss=7.1765985489 wall=80.9s
rank=2 phase=part_b_deeper_masks task=B:writer_10m:coherent_shuffle:3:14 loss=6.9910097122 wall=91.3s
rank=0 phase=part_b_deeper_masks task=B:writer_10m:zero:4:12 loss=7.2144136429 wall=83.9s
rank=3 phase=part_b_deeper_masks task=B:writer_10m:zero:4:15 loss=7.2296724319 wall=79.4s
rank=1 phase=part_b_deeper_masks task=B:writer_10m:zero:4:9 loss=7.1915616989 wall=82.9s
rank=2 phase=part_b_deeper_masks task=B:writer_10m:coherent_shuffle:3:18 loss=6.7526855469 wall=91.6s
rank=0 phase=part_b_deeper_masks task=B:writer_10m:zero:4:16 loss=7.2685194016 wall=78.6s
rank=3 phase=part_b_deeper_masks task=B:writer_10m:zero:4:19 loss=7.1976127625 wall=78.8s
rank=1 phase=part_b_deeper_masks task=B:writer_10m:zero:4:13 loss=7.2174825668 wall=81.3s
rank=0 phase=part_b_deeper_masks task=B:writer_10m:real:4:0 loss=7.2074232101 wall=78.5s
rank=2 phase=part_b_deeper_masks task=B:writer_10m:zero:4:2 loss=7.2674698830 wall=91.0s
rank=3 phase=part_b_deeper_masks task=B:writer_10m:real:4:3 loss=7.1887569427 wall=78.8s
rank=1 phase=part_b_deeper_masks task=B:writer_10m:zero:4:17 loss=7.2446727753 wall=81.2s
rank=0 phase=part_b_deeper_masks task=B:writer_10m:real:4:4 loss=7.1716761589 wall=78.5s
rank=2 phase=part_b_deeper_masks task=B:writer_10m:zero:4:6 loss=7.1310291290 wall=91.0s
rank=3 phase=part_b_deeper_masks task=B:writer_10m:real:4:7 loss=7.1151580811 wall=78.9s
rank=1 phase=part_b_deeper_masks task=B:writer_10m:real:4:1 loss=7.1549272537 wall=81.1s
rank=0 phase=part_b_deeper_masks task=B:writer_10m:real:4:8 loss=7.2055897713 wall=78.6s
rank=3 phase=part_b_deeper_masks task=B:writer_10m:real:4:11 loss=7.3191900253 wall=79.2s
rank=2 phase=part_b_deeper_masks task=B:writer_10m:zero:4:10 loss=7.1923527718 wall=90.8s
rank=1 phase=part_b_deeper_masks task=B:writer_10m:real:4:5 loss=7.1677613258 wall=81.1s
rank=0 phase=part_b_deeper_masks task=B:writer_10m:real:4:12 loss=7.1950793266 wall=78.5s
rank=3 phase=part_b_deeper_masks task=B:writer_10m:real:4:15 loss=7.2252545357 wall=79.0s
rank=1 phase=part_b_deeper_masks task=B:writer_10m:real:4:9 loss=7.2010259628 wall=81.1s
rank=2 phase=part_b_deeper_masks task=B:writer_10m:zero:4:14 loss=7.3921279907 wall=90.5s
rank=0 phase=part_b_deeper_masks task=B:writer_10m:real:4:16 loss=7.2547135353 wall=78.6s
rank=3 phase=part_b_deeper_masks task=B:writer_10m:real:4:19 loss=7.1359581947 wall=78.9s
rank=1 phase=part_b_deeper_masks task=B:writer_10m:real:4:13 loss=7.1459217072 wall=81.2s
rank=2 phase=part_b_deeper_masks task=B:writer_10m:zero:4:18 loss=7.1552453041 wall=90.6s
rank=0 phase=part_b_deeper_masks task=B:writer_10m:coherent_shuffle:4:0 loss=7.2069892883 wall=81.3s
rank=3 phase=part_b_deeper_masks task=B:writer_10m:coherent_shuffle:4:3 loss=7.1712703705 wall=79.4s
rank=1 phase=part_b_deeper_masks task=B:writer_10m:real:4:17 loss=7.2225265503 wall=81.3s
rank=2 phase=part_b_deeper_masks task=B:writer_10m:real:4:2 loss=7.2584753036 wall=91.6s
rank=0 phase=part_b_deeper_masks task=B:writer_10m:coherent_shuffle:4:4 loss=7.1830453873 wall=83.3s
rank=3 phase=part_b_deeper_masks task=B:writer_10m:coherent_shuffle:4:7 loss=7.0981569290 wall=79.6s
rank=1 phase=part_b_deeper_masks task=B:writer_10m:coherent_shuffle:4:1 loss=7.1622009277 wall=81.6s
rank=2 phase=part_b_deeper_masks task=B:writer_10m:real:4:6 loss=7.1384005547 wall=91.7s
rank=0 phase=part_b_deeper_masks task=B:writer_10m:coherent_shuffle:4:8 loss=7.2218427658 wall=80.8s
rank=3 phase=part_b_deeper_masks task=B:writer_10m:coherent_shuffle:4:11 loss=7.3105764389 wall=78.9s
rank=1 phase=part_b_deeper_masks task=B:writer_10m:coherent_shuffle:4:5 loss=7.1795330048 wall=81.5s
rank=0 phase=part_b_deeper_masks task=B:writer_10m:coherent_shuffle:4:12 loss=7.2011728287 wall=78.4s
rank=2 phase=part_b_deeper_masks task=B:writer_10m:real:4:10 loss=7.1946663857 wall=91.5s
rank=3 phase=part_b_deeper_masks task=B:writer_10m:coherent_shuffle:4:15 loss=7.2403373718 wall=79.2s
rank=1 phase=part_b_deeper_masks task=B:writer_10m:coherent_shuffle:4:9 loss=7.1749429703 wall=81.8s
rank=0 phase=part_b_deeper_masks task=B:writer_10m:coherent_shuffle:4:16 loss=7.2578091621 wall=90.9s
rank=3 phase=part_b_deeper_masks task=B:writer_10m:coherent_shuffle:4:19 loss=7.1316289902 wall=80.2s
rank=2 phase=part_b_deeper_masks task=B:writer_10m:real:4:14 loss=7.3854312897 wall=91.9s
rank=1 phase=part_b_deeper_masks task=B:writer_10m:coherent_shuffle:4:13 loss=7.1370153427 wall=83.4s
rank=2 phase=part_b_deeper_masks task=B:writer_10m:real:4:18 loss=7.1909742355 wall=91.5s
rank=1 phase=part_b_deeper_masks task=B:writer_10m:coherent_shuffle:4:17 loss=7.2248802185 wall=81.6s
rank=2 phase=part_b_deeper_masks task=B:writer_10m:coherent_shuffle:4:2 loss=7.2435421944 wall=91.6s
rank=2 phase=part_b_deeper_masks task=B:writer_10m:coherent_shuffle:4:6 loss=7.1331572533 wall=91.4s
rank=2 phase=part_b_deeper_masks task=B:writer_10m:coherent_shuffle:4:10 loss=7.1765685081 wall=91.5s
rank=2 phase=part_b_deeper_masks task=B:writer_10m:coherent_shuffle:4:14 loss=7.3881778717 wall=91.6s
rank=2 phase=part_b_deeper_masks task=B:writer_10m:coherent_shuffle:4:18 loss=7.1772098541 wall=91.9s
EXPERIMENT_2B4_EVALUATION_PASS classification=MASK PRESSURE DOES NOT INCREASE RECURRENT DEPENDENCE part_c=NOT TRIGGERED
